Archive member included to satisfy reference by file (symbol)

c:/study/ajax systems/stm32cubeide_1.10.1/stm32cubeide/plugins/com.st.stm32cube.ide.mcu.externaltools.gnu-tools-for-stm32.10.3-2021.10.win32_1.0.0.202111181127/tools/bin/../lib/gcc/arm-none-eabi/10.3.1/../../../../arm-none-eabi/lib/thumb/v7e-m+fp/hard\libc_nano.a(lib_a-errno.o)
                              ./Core/Src/syscalls.o (__errno)
c:/study/ajax systems/stm32cubeide_1.10.1/stm32cubeide/plugins/com.st.stm32cube.ide.mcu.externaltools.gnu-tools-for-stm32.10.3-2021.10.win32_1.0.0.202111181127/tools/bin/../lib/gcc/arm-none-eabi/10.3.1/../../../../arm-none-eabi/lib/thumb/v7e-m+fp/hard\libc_nano.a(lib_a-exit.o)
                              c:/study/ajax systems/stm32cubeide_1.10.1/stm32cubeide/plugins/com.st.stm32cube.ide.mcu.externaltools.gnu-tools-for-stm32.10.3-2021.10.win32_1.0.0.202111181127/tools/bin/../lib/gcc/arm-none-eabi/10.3.1/../../../../arm-none-eabi/lib/thumb/v7e-m+fp/hard/crt0.o (exit)
c:/study/ajax systems/stm32cubeide_1.10.1/stm32cubeide/plugins/com.st.stm32cube.ide.mcu.externaltools.gnu-tools-for-stm32.10.3-2021.10.win32_1.0.0.202111181127/tools/bin/../lib/gcc/arm-none-eabi/10.3.1/../../../../arm-none-eabi/lib/thumb/v7e-m+fp/hard\libc_nano.a(lib_a-findfp.o)
                              ./Middlewares/Third_Party/FreeRTOS/Source/tasks.o (__sf_fake_stderr)
c:/study/ajax systems/stm32cubeide_1.10.1/stm32cubeide/plugins/com.st.stm32cube.ide.mcu.externaltools.gnu-tools-for-stm32.10.3-2021.10.win32_1.0.0.202111181127/tools/bin/../lib/gcc/arm-none-eabi/10.3.1/../../../../arm-none-eabi/lib/thumb/v7e-m+fp/hard\libc_nano.a(lib_a-fwalk.o)
                              c:/study/ajax systems/stm32cubeide_1.10.1/stm32cubeide/plugins/com.st.stm32cube.ide.mcu.externaltools.gnu-tools-for-stm32.10.3-2021.10.win32_1.0.0.202111181127/tools/bin/../lib/gcc/arm-none-eabi/10.3.1/../../../../arm-none-eabi/lib/thumb/v7e-m+fp/hard\libc_nano.a(lib_a-findfp.o) (_fwalk)
c:/study/ajax systems/stm32cubeide_1.10.1/stm32cubeide/plugins/com.st.stm32cube.ide.mcu.externaltools.gnu-tools-for-stm32.10.3-2021.10.win32_1.0.0.202111181127/tools/bin/../lib/gcc/arm-none-eabi/10.3.1/../../../../arm-none-eabi/lib/thumb/v7e-m+fp/hard\libc_nano.a(lib_a-impure.o)
                              c:/study/ajax systems/stm32cubeide_1.10.1/stm32cubeide/plugins/com.st.stm32cube.ide.mcu.externaltools.gnu-tools-for-stm32.10.3-2021.10.win32_1.0.0.202111181127/tools/bin/../lib/gcc/arm-none-eabi/10.3.1/../../../../arm-none-eabi/lib/thumb/v7e-m+fp/hard\libc_nano.a(lib_a-exit.o) (_global_impure_ptr)
c:/study/ajax systems/stm32cubeide_1.10.1/stm32cubeide/plugins/com.st.stm32cube.ide.mcu.externaltools.gnu-tools-for-stm32.10.3-2021.10.win32_1.0.0.202111181127/tools/bin/../lib/gcc/arm-none-eabi/10.3.1/../../../../arm-none-eabi/lib/thumb/v7e-m+fp/hard\libc_nano.a(lib_a-init.o)
                              c:/study/ajax systems/stm32cubeide_1.10.1/stm32cubeide/plugins/com.st.stm32cube.ide.mcu.externaltools.gnu-tools-for-stm32.10.3-2021.10.win32_1.0.0.202111181127/tools/bin/../lib/gcc/arm-none-eabi/10.3.1/../../../../arm-none-eabi/lib/thumb/v7e-m+fp/hard/crt0.o (__libc_init_array)
c:/study/ajax systems/stm32cubeide_1.10.1/stm32cubeide/plugins/com.st.stm32cube.ide.mcu.externaltools.gnu-tools-for-stm32.10.3-2021.10.win32_1.0.0.202111181127/tools/bin/../lib/gcc/arm-none-eabi/10.3.1/../../../../arm-none-eabi/lib/thumb/v7e-m+fp/hard\libc_nano.a(lib_a-lock.o)
                              c:/study/ajax systems/stm32cubeide_1.10.1/stm32cubeide/plugins/com.st.stm32cube.ide.mcu.externaltools.gnu-tools-for-stm32.10.3-2021.10.win32_1.0.0.202111181127/tools/bin/../lib/gcc/arm-none-eabi/10.3.1/../../../../arm-none-eabi/lib/thumb/v7e-m+fp/hard\libc_nano.a(lib_a-findfp.o) (__retarget_lock_init_recursive)
c:/study/ajax systems/stm32cubeide_1.10.1/stm32cubeide/plugins/com.st.stm32cube.ide.mcu.externaltools.gnu-tools-for-stm32.10.3-2021.10.win32_1.0.0.202111181127/tools/bin/../lib/gcc/arm-none-eabi/10.3.1/../../../../arm-none-eabi/lib/thumb/v7e-m+fp/hard\libc_nano.a(lib_a-memcpy-stub.o)
                              ./Middlewares/Third_Party/FreeRTOS/Source/CMSIS_RTOS_V2/cmsis_os2.o (memcpy)
c:/study/ajax systems/stm32cubeide_1.10.1/stm32cubeide/plugins/com.st.stm32cube.ide.mcu.externaltools.gnu-tools-for-stm32.10.3-2021.10.win32_1.0.0.202111181127/tools/bin/../lib/gcc/arm-none-eabi/10.3.1/../../../../arm-none-eabi/lib/thumb/v7e-m+fp/hard\libc_nano.a(lib_a-memset.o)
                              c:/study/ajax systems/stm32cubeide_1.10.1/stm32cubeide/plugins/com.st.stm32cube.ide.mcu.externaltools.gnu-tools-for-stm32.10.3-2021.10.win32_1.0.0.202111181127/tools/bin/../lib/gcc/arm-none-eabi/10.3.1/../../../../arm-none-eabi/lib/thumb/v7e-m+fp/hard/crt0.o (memset)
[...]
Memory Configuration

Name             Origin             Length             Attributes
RAM              0x0000000020000000 0x0000000000010000 xrw
FLASH            0x0000000008000000 0x0000000000040000 xr
*default*        0x0000000000000000 0xffffffffffffffff

Linker script and memory map

LOAD c:/study/ajax systems/stm32cubeide_1.10.1/stm32cubeide/plugins/com.st.stm32cube.ide.mcu.externaltools.gnu-tools-for-stm32.10.3-2021.10.win32_1.0.0.202111181127/tools/bin/../lib/gcc/arm-none-eabi/10.3.1/thumb/v7e-m+fp/hard/crti.o
LOAD c:/study/ajax systems/stm32cubeide_1.10.1/stm32cubeide/plugins/com.st.stm32cube.ide.mcu.externaltools.gnu-tools-for-stm32.10.3-2021.10.win32_1.0.0.202111181127/tools/bin/../lib/gcc/arm-none-eabi/10.3.1/thumb/v7e-m+fp/hard/crtbegin.o
LOAD c:/study/ajax systems/stm32cubeide_1.10.1/stm32cubeide/plugins/com.st.stm32cube.ide.mcu.externaltools.gnu-tools-for-stm32.10.3-2021.10.win32_1.0.0.202111181127/tools/bin/../lib/gcc/arm-none-eabi/10.3.1/../../../../arm-none-eabi/lib/thumb/v7e-m+fp/hard/crt0.o
LOAD ./Core/Src/baro.o
LOAD ./Core/Src/font.o
LOAD ./Core/Src/freertos.o
LOAD ./Core/Src/lcd.o
LOAD ./Core/Src/main.o
LOAD ./Core/Src/stm32f4xx_hal_msp.o
LOAD ./Core/Src/stm32f4xx_it.o
LOAD ./Core/Src/syscalls.o
LOAD ./Core/Src/sysmem.o
LOAD ./Core/Src/system_stm32f4xx.o
LOAD ./Core/Src/wifi_at.o
LOAD ./Core/Src/wifi_creds.o
LOAD ./Core/Startup/startup_stm32f401ccux.o
LOAD ./Drivers/STM32F4xx_HAL_Driver/Src/stm32f4xx_hal.o
LOAD ./Drivers/STM32F4xx_HAL_Driver/Src/stm32f4xx_hal_cortex.o
LOAD ./Drivers/STM32F4xx_HAL_Driver/Src/stm32f4xx_hal_dma.o
LOAD ./Drivers/STM32F4xx_HAL_Driver/Src/stm32f4xx_hal_dma_ex.o
LOAD ./Drivers/STM32F4xx_HAL_Driver/Src/stm32f4xx_hal_exti.o
LOAD ./Drivers/STM32F4xx_HAL_Driver/Src/stm32f4xx_hal_flash.o
LOAD ./Drivers/STM32F4xx_HAL_Driver/Src/stm32f4xx_hal_flash_ex.o
LOAD ./Drivers/STM32F4xx_HAL_Driver/Src/stm32f4xx_hal_flash_ramfunc.o
LOAD ./Drivers/STM32F4xx_HAL_Driver/Src/stm32f4xx_hal_gpio.o
LOAD ./Drivers/STM32F4xx_HAL_Driver/Src/stm32f4xx_hal_i2c.o
LOAD ./Drivers/STM32F4xx_HAL_Driver/Src/stm32f4xx_hal_i2c_ex.o
LOAD ./Drivers/STM32F4xx_HAL_Driver/Src/stm32f4xx_hal_pwr.o
LOAD ./Drivers/STM32F4xx_HAL_Driver/Src/stm32f4xx_hal_pwr_ex.o
LOAD ./Drivers/STM32F4xx_HAL_Driver/Src/stm32f4xx_hal_rcc.o
LOAD ./Drivers/STM32F4xx_HAL_Driver/Src/stm32f4xx_hal_rcc_ex.o
LOAD ./Drivers/STM32F4xx_HAL_Driver/Src/stm32f4xx_hal_spi.o
LOAD ./Drivers/STM32F4xx_HAL_Driver/Src/stm32f4xx_hal_tim.o
LOAD ./Drivers/STM32F4xx_HAL_Driver/Src/stm32f4xx_hal_tim_ex.o
LOAD ./Drivers/STM32F4xx_HAL_Driver/Src/stm32f4xx_hal_uart.o
LOAD ./Middlewares/Third_Party/FreeRTOS/Source/CMSIS_RTOS_V2/cmsis_os2.o
LOAD ./Middlewares/Third_Party/FreeRTOS/Source/croutine.o
LOAD ./Middlewares/Third_Party/FreeRTOS/Source/event_groups.o
LOAD ./Middlewares/Third_Party/FreeRTOS/Source/list.o
LOAD ./Middlewares/Third_Party/FreeRTOS/Source/queue.o
LOAD ./Middlewares/Third_Party/FreeRTOS/Source/stream_buffer.o
LOAD ./Middlewares/Third_Party/FreeRTOS/Source/tasks.o
LOAD ./Middlewares/Third_Party/FreeRTOS/Source/timers.o
LOAD ./Middlewares/Third_Party/FreeRTOS/Source/portable/GCC/ARM_CM4F/port.o
LOAD ./Middlewares/Third_Party/FreeRTOS/Source/portable/MemMang/heap_4.o
START GROUP
LOAD c:/study/ajax systems/stm32cubeide_1.10.1/stm32cubeide/plugins/com.st.stm32cube.ide.mcu.externaltools.gnu-tools-for-stm32.10.3-2021.10.win32_1.0.0.202111181127/tools/bin/../lib/gcc/arm-none-eabi/10.3.1/../../../../arm-none-eabi/lib/thumb/v7e-m+fp/hard\libc_nano.a
LOAD c:/study/ajax systems/stm32cubeide_1.10.1/stm32cubeide/plugins/com.st.stm32cube.ide.mcu.externaltools.gnu-tools-for-stm32.10.3-2021.10.win32_1.0.0.202111181127/tools/bin/../lib/gcc/arm-none-eabi/10.3.1/../../../../arm-none-eabi/lib/thumb/v7e-m+fp/hard\libm.a
END GROUP
START GROUP
LOAD c:/study/ajax systems/stm32cubeide_1.10.1/stm32cubeide/plugins/com.st.stm32cube.ide.mcu.externaltools.gnu-tools-for-stm32.10.3-2021.10.win32_1.0.0.202111181127/tools/bin/../lib/gcc/arm-none-eabi/10.3.1/thumb/v7e-m+fp/hard\libgcc.a
LOAD c:/study/ajax systems/stm32cubeide_1.10.1/stm32cubeide/plugins/com.st.stm32cube.ide.mcu.externaltools.gnu-tools-for-stm32.10.3-2021.10.win32_1.0.0.202111181127/tools/bin/../lib/gcc/arm-none-eabi/10.3.1/../../../../arm-none-eabi/lib/thumb/v7e-m+fp/hard\libc_nano.a
END GROUP
START GROUP
LOAD c:/study/ajax systems/stm32cubeide_1.10.1/stm32cubeide/plugins/com.st.stm32cube.ide.mcu.externaltools.gnu-tools-for-stm32.10.3-2021.10.win32_1.0.0.202111181127/tools/bin/../lib/gcc/arm-none-eabi/10.3.1/thumb/v7e-m+fp/hard\libgcc.a
LOAD c:/study/ajax systems/stm32cubeide_1.10.1/stm32cubeide/plugins/com.st.stm32cube.ide.mcu.externaltools.gnu-tools-for-stm32.10.3-2021.10.win32_1.0.0.202111181127/tools/bin/../lib/gcc/arm-none-eabi/10.3.1/../../../../arm-none-eabi/lib/thumb/v7e-m+fp/hard\libc_nano.a
LOAD c:/study/ajax systems/stm32cubeide_1.10.1/stm32cubeide/plugins/com.st.stm32cube.ide.mcu.externaltools.gnu-tools-for-stm32.10.3-2021.10.win32_1.0.0.202111181127/tools/bin/../lib/gcc/arm-none-eabi/10.3.1/../../../../arm-none-eabi/lib/thumb/v7e-m+fp/hard\libnosys.a
END GROUP
START GROUP
LOAD c:/study/ajax systems/stm32cubeide_1.10.1/stm32cubeide/plugins/com.st.stm32cube.ide.mcu.externaltools.gnu-tools-for-stm32.10.3-2021.10.win32_1.0.0.202111181127/tools/bin/../lib/gcc/arm-none-eabi/10.3.1/thumb/v7e-m+fp/hard\libgcc.a
LOAD c:/study/ajax systems/stm32cubeide_1.10.1/stm32cubeide/plugins/com.st.stm32cube.ide.mcu.externaltools.gnu-tools-for-stm32.10.3-2021.10.win32_1.0.0.202111181127/tools/bin/../lib/gcc/arm-none-eabi/10.3.1/../../../../arm-none-eabi/lib/thumb/v7e-m+fp/hard\libc_nano.a
LOAD c:/study/ajax systems/stm32cubeide_1.10.1/stm32cubeide/plugins/com.st.stm32cube.ide.mcu.externaltools.gnu-tools-for-stm32.10.3-2021.10.win32_1.0.0.202111181127/tools/bin/../lib/gcc/arm-none-eabi/10.3.1/../../../../arm-none-eabi/lib/thumb/v7e-m+fp/hard\libnosys.a
END GROUP
LOAD c:/study/ajax systems/stm32cubeide_1.10.1/stm32cubeide/plugins/com.st.stm32cube.ide.mcu.externaltools.gnu-tools-for-stm32.10.3-2021.10.win32_1.0.0.202111181127/tools/bin/../lib/gcc/arm-none-eabi/10.3.1/thumb/v7e-m+fp/hard/crtend.o
LOAD c:/study/ajax systems/stm32cubeide_1.10.1/stm32cubeide/plugins/com.st.stm32cube.ide.mcu.externaltools.gnu-tools-for-stm32.10.3-2021.10.win32_1.0.0.202111181127/tools/bin/../lib/gcc/arm-none-eabi/10.3.1/thumb/v7e-m+fp/hard/crtn.o
                0x0000000020010000                _estack = (ORIGIN (RAM) + LENGTH (RAM))
                0x0000000000000200                _Min_Heap_Size = 0x200
                0x0000000000000400                _Min_Stack_Size = 0x400

.isr_vector     0x0000000008000000      0x194
                0x0000000008000000                . = ALIGN (0x4)
 *(.isr_vector)
 .isr_vector    0x0000000008000000      0x194 ./Core/Startup/startup_stm32f401ccux.o
                0x0000000008000000                g_pfnVectors
                0x0000000008000194                . = ALIGN (0x4)

.text           0x00000000080001a0     0x9ba4
                0x00000000080001a0                . = ALIGN (0x4)
 *(.text)
 .text          0x00000000080001a0       0x40 c:/study/ajax systems/stm32cubeide_1.10.1/stm32cubeide/plugins/com.st.stm32cube.ide.mcu.externaltools.gnu-tools-for-stm32.10.3-2021.10.win32_1.0.0.202111181127/tools/bin/../lib/gcc/arm-none-eabi/10.3.1/thumb/v7e-m+fp/hard/crtbegin.o
 .text          0x00000000080001e0       0xa0 c:/study/ajax systems/stm32cubeide_1.10.1/stm32cubeide/plugins/com.st.stm32cube.ide.mcu.externaltools.gnu-tools-for-stm32.10.3-2021.10.win32_1.0.0.202111181127/tools/bin/../lib/gcc/arm-none-eabi/10.3.1/../../../../arm-none-eabi/lib/thumb/v7e-m+fp/hard\libc_nano.a(lib_a-memchr.o)
                0x00000000080001e0                memchr
 .text          0x0000000008000280       0x30 c:/study/ajax systems/stm32cubeide_1.10.1/stm32cubeide/plugins/com.st.stm32cube.ide.mcu.externaltools.gnu-tools-for-stm32.10.3-2021.10.win32_1.0.0.202111181127/tools/bin/../lib/gcc/arm-none-eabi/10.3.1/thumb/v7e-m+fp/hard\libgcc.a(_aeabi_uldivmod.o)
                0x0000000008000280                __aeabi_uldivmod
 .text          0x00000000080002b0      0x2d0 c:/study/ajax systems/stm32cubeide_1.10.1/stm32cubeide/plugins/com.st.stm32cube.ide.mcu.externaltools.gnu-tools-for-stm32.10.3-2021.10.win32_1.0.0.202111181127/tools/bin/../lib/gcc/arm-none-eabi/10.3.1/thumb/v7e-m+fp/hard\libgcc.a(_udivmoddi4.o)
                0x00000000080002b0                __udivmoddi4
 .text          0x0000000008000580        0x4 c:/study/ajax systems/stm32cubeide_1.10.1/stm32cubeide/plugins/com.st.stm32cube.ide.mcu.externaltools.gnu-tools-for-stm32.10.3-2021.10.win32_1.0.0.202111181127/tools/bin/../lib/gcc/arm-none-eabi/10.3.1/thumb/v7e-m+fp/hard\libgcc.a(_dvmd_tls.o)
                0x0000000008000580                __aeabi_idiv0
                0x0000000008000580                __aeabi_ldiv0
 *(.text*)
 .text.lcd_start_write
                0x0000000008000584       0x18 ./Core/Src/lcd.o
 .text.lcd_end_write
                0x000000000800059c       0x18 ./Core/Src/lcd.o
 .text.lcd_start_command
                0x00000000080005b4       0x18 ./Core/Src/lcd.o
 .text.lcd_start_data
                0x00000000080005cc       0x18 ./Core/Src/lcd.o
 .text.lcd_spi_send_com
                0x00000000080005e4       0x34 ./Core/Src/lcd.o
 .text.lcd_spi_send_data
                0x0000000008000618       0x3c ./Core/Src/lcd.o
 .text.lcd_set_window
                0x0000000008000654       0xcc ./Core/Src/lcd.o
 .text.lcd_init
                0x0000000008000720       0xdc ./Core/Src/lcd.o
                0x0000000008000720                lcd_init
 .text.lcd_set_rotation
                0x00000000080007fc      0x108 ./Core/Src/lcd.o
                0x00000000080007fc                lcd_set_rotation
 .text.lcd_vline
                0x0000000008000904       0x64 ./Core/Src/lcd.o
                0x0000000008000904                lcd_vline
 .text.lcd_fill_circle
                0x0000000008000968      0x15e ./Core/Src/lcd.o
                0x0000000008000968                lcd_fill_circle
 *fill*         0x0000000008000ac6        0x2 
 .text.__io_getchar
                0x0000000008000ac8       0x80 ./Core/Src/main.o
                0x0000000008000ac8                __io_getchar
 .text.__io_putchar
                0x0000000008000b48       0x24 ./Core/Src/main.o
                0x0000000008000b48                __io_putchar
 .text.main     0x0000000008000b6c      0x160 ./Core/Src/main.o
                0x0000000008000b6c                main
 .text.SystemClock_Config
                0x0000000008000ccc       0xd4 ./Core/Src/main.o
                0x0000000008000ccc                SystemClock_Config
 .text.MX_I2C1_Init
                0x0000000008000da0       0x5c ./Core/Src/main.o
 .text.MX_SPI1_Init
                0x0000000008000dfc       0x6c ./Core/Src/main.o
 .text.MX_TIM9_Init
                0x0000000008000e68       0x74 ./Core/Src/main.o
 .text.MX_USART1_UART_Init
                0x0000000008000edc       0x54 ./Core/Src/main.o
 .text.MX_USART6_UART_Init
                0x0000000008000f30       0x54 ./Core/Src/main.o
 .text.MX_DMA_Init
                0x0000000008000f84       0x40 ./Core/Src/main.o
 .text.MX_GPIO_Init
                0x0000000008000fc4      0x11c ./Core/Src/main.o
 .text.HAL_GPIO_EXTI_Callback
                0x00000000080010e0       0x16 ./Core/Src/main.o
                0x00000000080010e0                HAL_GPIO_EXTI_Callback
 *fill*         0x00000000080010f6        0x2 
 .text.StartTaskWIFI
                0x00000000080010f8       0x68 ./Core/Src/main.o
                0x00000000080010f8                StartTaskWIFI
 .text.Error_Handler
                0x0000000008001160        0xa ./Core/Src/main.o
                0x0000000008001160                Error_Handler
 *fill*         0x000000000800116a        0x2 
 .text.HAL_MspInit
                0x000000000800116c       0x58 ./Core/Src/stm32f4xx_hal_msp.o
                0x000000000800116c                HAL_MspInit
 .text.HAL_I2C_MspInit
                0x00000000080011c4       0x90 ./Core/Src/stm32f4xx_hal_msp.o
                0x00000000080011c4                HAL_I2C_MspInit
 .text.HAL_SPI_MspInit
                0x0000000008001254       0x90 ./Core/Src/stm32f4xx_hal_msp.o
                0x0000000008001254                HAL_SPI_MspInit
 .text.HAL_TIM_Base_MspInit
                0x00000000080012e4       0x50 ./Core/Src/stm32f4xx_hal_msp.o
                0x00000000080012e4                HAL_TIM_Base_MspInit
 .text.HAL_UART_MspInit
                0x0000000008001334      0x174 ./Core/Src/stm32f4xx_hal_msp.o
                0x0000000008001334                HAL_UART_MspInit
 .text.NMI_Handler
                0x00000000080014a8        0x6 ./Core/Src/stm32f4xx_it.o
                0x00000000080014a8                NMI_Handler
 .text.HardFault_Handler
                0x00000000080014ae        0x6 ./Core/Src/stm32f4xx_it.o
                0x00000000080014ae                HardFault_Handler
 .text.MemManage_Handler
                0x00000000080014b4        0x6 ./Core/Src/stm32f4xx_it.o
                0x00000000080014b4                MemManage_Handler
 .text.BusFault_Handler
                0x00000000080014ba        0x6 ./Core/Src/stm32f4xx_it.o
                0x00000000080014ba                BusFault_Handler
 .text.UsageFault_Handler
                0x00000000080014c0        0x6 ./Core/Src/stm32f4xx_it.o
                0x00000000080014c0                UsageFault_Handler
 .text.DebugMon_Handler
                0x00000000080014c6        0xe ./Core/Src/stm32f4xx_it.o
                0x00000000080014c6                DebugMon_Handler
 .text.SysTick_Handler
                0x00000000080014d4       0x1a ./Core/Src/stm32f4xx_it.o
                0x00000000080014d4                SysTick_Handler
 *fill*         0x00000000080014ee        0x2 
 .text.TIM1_BRK_TIM9_IRQHandler
                0x00000000080014f0       0x14 ./Core/Src/stm32f4xx_it.o
                0x00000000080014f0                TIM1_BRK_TIM9_IRQHandler
 .text.EXTI15_10_IRQHandler
                0x0000000008001504       0x10 ./Core/Src/stm32f4xx_it.o
                0x0000000008001504                EXTI15_10_IRQHandler
 .text.DMA2_Stream2_IRQHandler
                0x0000000008001514       0x14 ./Core/Src/stm32f4xx_it.o
                0x0000000008001514                DMA2_Stream2_IRQHandler
 .text.USART6_IRQHandler
                0x0000000008001528       0x14 ./Core/Src/stm32f4xx_it.o
                0x0000000008001528                USART6_IRQHandler
 .text._read    0x000000000800153c       0x3a ./Core/Src/syscalls.o
                0x000000000800153c                _read
 .text._write   0x0000000008001576       0x38 ./Core/Src/syscalls.o
                0x0000000008001576                _write
 .text._close   0x00000000080015ae       0x18 ./Core/Src/syscalls.o
                0x00000000080015ae                _close
 .text._fstat   0x00000000080015c6       0x20 ./Core/Src/syscalls.o
                0x00000000080015c6                _fstat
 .text._isatty  0x00000000080015e6       0x16 ./Core/Src/syscalls.o
                0x00000000080015e6                _isatty
 .text._lseek   0x00000000080015fc       0x1a ./Core/Src/syscalls.o
                0x00000000080015fc                _lseek
 *fill*         0x0000000008001616        0x2 
 .text._sbrk    0x0000000008001618       0x6c ./Core/Src/sysmem.o
                0x0000000008001618                _sbrk
 .text.SystemInit
                0x0000000008001684       0x24 ./Core/Src/system_stm32f4xx.o
                0x0000000008001684                SystemInit
 .text.HAL_UART_TxCpltCallback
                0x00000000080016a8       0x20 ./Core/Src/wifi_at.o
                0x00000000080016a8                HAL_UART_TxCpltCallback
 .text.HAL_UART_RxCpltCallback
                0x00000000080016c8       0x20 ./Core/Src/wifi_at.o
                0x00000000080016c8                HAL_UART_RxCpltCallback
 .text.Reset_Handler
                0x00000000080016e8       0x50 ./Core/Startup/startup_stm32f401ccux.o
                0x00000000080016e8                Reset_Handler
 .text.Default_Handler
                0x0000000008001738        0x2 ./Core/Startup/startup_stm32f401ccux.o
                0x0000000008001738                RTC_Alarm_IRQHandler
                0x0000000008001738                EXTI2_IRQHandler
                0x0000000008001738                SPI4_IRQHandler
                0x0000000008001738                TIM1_CC_IRQHandler
                0x0000000008001738                DMA2_Stream5_IRQHandler
                0x0000000008001738                DMA1_Stream5_IRQHandler
                0x0000000008001738                PVD_IRQHandler
                0x0000000008001738                SDIO_IRQHandler
                0x0000000008001738                TAMP_STAMP_IRQHandler
                0x0000000008001738                EXTI3_IRQHandler
                0x0000000008001738                TIM1_UP_TIM10_IRQHandler
                0x0000000008001738                I2C3_ER_IRQHandler
                0x0000000008001738                EXTI0_IRQHandler
                0x0000000008001738                I2C2_EV_IRQHandler
                0x0000000008001738                DMA1_Stream2_IRQHandler
                0x0000000008001738                FPU_IRQHandler
                0x0000000008001738                SPI1_IRQHandler
                0x0000000008001738                DMA2_Stream3_IRQHandler
                0x0000000008001738                DMA2_Stream0_IRQHandler
                0x0000000008001738                TIM4_IRQHandler
                0x0000000008001738                I2C1_EV_IRQHandler
                0x0000000008001738                DMA1_Stream6_IRQHandler
                0x0000000008001738                DMA1_Stream1_IRQHandler
                0x0000000008001738                TIM3_IRQHandler
                0x0000000008001738                RCC_IRQHandler
                0x0000000008001738                Default_Handler
                0x0000000008001738                ADC_IRQHandler
                0x0000000008001738                DMA1_Stream7_IRQHandler
                0x0000000008001738                TIM5_IRQHandler
                0x0000000008001738                DMA2_Stream7_IRQHandler
                0x0000000008001738                I2C3_EV_IRQHandler
                0x0000000008001738                EXTI9_5_IRQHandler
                0x0000000008001738                RTC_WKUP_IRQHandler
                0x0000000008001738                SPI2_IRQHandler
                0x0000000008001738                DMA1_Stream0_IRQHandler
                0x0000000008001738                EXTI4_IRQHandler
                0x0000000008001738                WWDG_IRQHandler
                0x0000000008001738                TIM2_IRQHandler
                0x0000000008001738                OTG_FS_WKUP_IRQHandler
                0x0000000008001738                TIM1_TRG_COM_TIM11_IRQHandler
                0x0000000008001738                EXTI1_IRQHandler
                0x0000000008001738                USART2_IRQHandler
                0x0000000008001738                I2C2_ER_IRQHandler
                0x0000000008001738                DMA2_Stream1_IRQHandler
                0x0000000008001738                FLASH_IRQHandler
                0x0000000008001738                DMA2_Stream4_IRQHandler
                0x0000000008001738                USART1_IRQHandler
                0x0000000008001738                OTG_FS_IRQHandler
                0x0000000008001738                SPI3_IRQHandler
                0x0000000008001738                DMA1_Stream4_IRQHandler
                0x0000000008001738                I2C1_ER_IRQHandler
                0x0000000008001738                DMA2_Stream6_IRQHandler
                0x0000000008001738                DMA1_Stream3_IRQHandler
 *fill*         0x000000000800173a        0x2 
 .text.HAL_Init
                0x000000000800173c       0x44 ./Drivers/STM32F4xx_HAL_Driver/Src/stm32f4xx_hal.o
                0x000000000800173c                HAL_Init
 .text.HAL_InitTick
                0x0000000008001780       0x60 ./Drivers/STM32F4xx_HAL_Driver/Src/stm32f4xx_hal.o
                0x0000000008001780                HAL_InitTick
 .text.HAL_IncTick
                0x00000000080017e0       0x28 ./Drivers/STM32F4xx_HAL_Driver/Src/stm32f4xx_hal.o
                0x00000000080017e0                HAL_IncTick
 .text.HAL_GetTick
                0x0000000008001808       0x18 ./Drivers/STM32F4xx_HAL_Driver/Src/stm32f4xx_hal.o
                0x0000000008001808                HAL_GetTick
 .text.__NVIC_SetPriorityGrouping
                0x0000000008001820       0x48 ./Drivers/STM32F4xx_HAL_Driver/Src/stm32f4xx_hal_cortex.o
 .text.__NVIC_GetPriorityGrouping
                0x0000000008001868       0x1c ./Drivers/STM32F4xx_HAL_Driver/Src/stm32f4xx_hal_cortex.o
 .text.__NVIC_EnableIRQ
                0x0000000008001884       0x3c ./Drivers/STM32F4xx_HAL_Driver/Src/stm32f4xx_hal_cortex.o
 .text.__NVIC_SetPriority
                0x00000000080018c0       0x54 ./Drivers/STM32F4xx_HAL_Driver/Src/stm32f4xx_hal_cortex.o
 .text.NVIC_EncodePriority
                0x0000000008001914       0x66 ./Drivers/STM32F4xx_HAL_Driver/Src/stm32f4xx_hal_cortex.o
 *fill*         0x000000000800197a        0x2 
 .text.SysTick_Config
                0x000000000800197c       0x44 ./Drivers/STM32F4xx_HAL_Driver/Src/stm32f4xx_hal_cortex.o
 .text.HAL_NVIC_SetPriorityGrouping
                0x00000000080019c0       0x16 ./Drivers/STM32F4xx_HAL_Driver/Src/stm32f4xx_hal_cortex.o
                0x00000000080019c0                HAL_NVIC_SetPriorityGrouping
 .text.HAL_NVIC_SetPriority
                0x00000000080019d6       0x38 ./Drivers/STM32F4xx_HAL_Driver/Src/stm32f4xx_hal_cortex.o
                0x00000000080019d6                HAL_NVIC_SetPriority
 .text.HAL_NVIC_EnableIRQ
                0x0000000008001a0e       0x1c ./Drivers/STM32F4xx_HAL_Driver/Src/stm32f4xx_hal_cortex.o
                0x0000000008001a0e                HAL_NVIC_EnableIRQ
 .text.HAL_SYSTICK_Config
                0x0000000008001a2a       0x18 ./Drivers/STM32F4xx_HAL_Driver/Src/stm32f4xx_hal_cortex.o
                0x0000000008001a2a                HAL_SYSTICK_Config
 *fill*         0x0000000008001a42        0x2 
 .text.HAL_DMA_Init
                0x0000000008001a44      0x15c ./Drivers/STM32F4xx_HAL_Driver/Src/stm32f4xx_hal_dma.o
                0x0000000008001a44                HAL_DMA_Init
 .text.HAL_DMA_Start_IT
                0x0000000008001ba0       0xb0 ./Drivers/STM32F4xx_HAL_Driver/Src/stm32f4xx_hal_dma.o
                0x0000000008001ba0                HAL_DMA_Start_IT
 .text.HAL_DMA_Abort
                0x0000000008001c50       0xe0 ./Drivers/STM32F4xx_HAL_Driver/Src/stm32f4xx_hal_dma.o
                0x0000000008001c50                HAL_DMA_Abort
 .text.HAL_DMA_Abort_IT
                0x0000000008001d30       0x44 ./Drivers/STM32F4xx_HAL_Driver/Src/stm32f4xx_hal_dma.o
                0x0000000008001d30                HAL_DMA_Abort_IT
 .text.HAL_DMA_IRQHandler
                0x0000000008001d74      0x314 ./Drivers/STM32F4xx_HAL_Driver/Src/stm32f4xx_hal_dma.o
                0x0000000008001d74                HAL_DMA_IRQHandler
 .text.DMA_SetConfig
                0x0000000008002088       0x5c ./Drivers/STM32F4xx_HAL_Driver/Src/stm32f4xx_hal_dma.o
 .text.DMA_CalcBaseAndBitshift
                0x00000000080020e4       0x6c ./Drivers/STM32F4xx_HAL_Driver/Src/stm32f4xx_hal_dma.o
 .text.DMA_CheckFifoParam
                0x0000000008002150       0xf8 ./Drivers/STM32F4xx_HAL_Driver/Src/stm32f4xx_hal_dma.o
 .text.HAL_GPIO_Init
                0x0000000008002248      0x308 ./Drivers/STM32F4xx_HAL_Driver/Src/stm32f4xx_hal_gpio.o
                0x0000000008002248                HAL_GPIO_Init
 .text.HAL_GPIO_WritePin
                0x0000000008002550       0x32 ./Drivers/STM32F4xx_HAL_Driver/Src/stm32f4xx_hal_gpio.o
                0x0000000008002550                HAL_GPIO_WritePin
 *fill*         0x0000000008002582        0x2 
 .text.HAL_GPIO_EXTI_IRQHandler
                0x0000000008002584       0x30 ./Drivers/STM32F4xx_HAL_Driver/Src/stm32f4xx_hal_gpio.o
                0x0000000008002584                HAL_GPIO_EXTI_IRQHandler
 .text.HAL_I2C_Init
                0x00000000080025b4      0x288 ./Drivers/STM32F4xx_HAL_Driver/Src/stm32f4xx_hal_i2c.o
                0x00000000080025b4                HAL_I2C_Init
 .text.HAL_RCC_OscConfig
                0x000000000800283c      0x4f0 ./Drivers/STM32F4xx_HAL_Driver/Src/stm32f4xx_hal_rcc.o
                0x000000000800283c                HAL_RCC_OscConfig
 .text.HAL_RCC_ClockConfig
                0x0000000008002d2c      0x1cc ./Drivers/STM32F4xx_HAL_Driver/Src/stm32f4xx_hal_rcc.o
                0x0000000008002d2c                HAL_RCC_ClockConfig
 .text.HAL_RCC_GetSysClockFreq
                0x0000000008002ef8      0x18c ./Drivers/STM32F4xx_HAL_Driver/Src/stm32f4xx_hal_rcc.o
                0x0000000008002ef8                HAL_RCC_GetSysClockFreq
 .text.HAL_RCC_GetHCLKFreq
                0x0000000008003084       0x18 ./Drivers/STM32F4xx_HAL_Driver/Src/stm32f4xx_hal_rcc.o
                0x0000000008003084                HAL_RCC_GetHCLKFreq
 .text.HAL_RCC_GetPCLK1Freq
                0x000000000800309c       0x28 ./Drivers/STM32F4xx_HAL_Driver/Src/stm32f4xx_hal_rcc.o
                0x000000000800309c                HAL_RCC_GetPCLK1Freq
 .text.HAL_RCC_GetPCLK2Freq
                0x00000000080030c4       0x28 ./Drivers/STM32F4xx_HAL_Driver/Src/stm32f4xx_hal_rcc.o
                0x00000000080030c4                HAL_RCC_GetPCLK2Freq
 .text.HAL_SPI_Init
                0x00000000080030ec      0x112 ./Drivers/STM32F4xx_HAL_Driver/Src/stm32f4xx_hal_spi.o
                0x00000000080030ec                HAL_SPI_Init
 .text.HAL_SPI_Transmit
                0x00000000080031fe      0x278 ./Drivers/STM32F4xx_HAL_Driver/Src/stm32f4xx_hal_spi.o
                0x00000000080031fe                HAL_SPI_Transmit
 *fill*         0x0000000008003476        0x2 
 .text.SPI_WaitFlagStateUntilTimeout
                0x0000000008003478      0x110 ./Drivers/STM32F4xx_HAL_Driver/Src/stm32f4xx_hal_spi.o
 .text.SPI_EndRxTxTransaction
                0x0000000008003588       0x84 ./Drivers/STM32F4xx_HAL_Driver/Src/stm32f4xx_hal_spi.o
 .text.HAL_TIM_Base_Init
                0x000000000800360c       0x9e ./Drivers/STM32F4xx_HAL_Driver/Src/stm32f4xx_hal_tim.o
                0x000000000800360c                HAL_TIM_Base_Init
 .text.HAL_TIM_IRQHandler
                0x00000000080036aa      0x210 ./Drivers/STM32F4xx_HAL_Driver/Src/stm32f4xx_hal_tim.o
                0x00000000080036aa                HAL_TIM_IRQHandler
 .text.HAL_TIM_ConfigClockSource
                0x00000000080038ba      0x18e ./Drivers/STM32F4xx_HAL_Driver/Src/stm32f4xx_hal_tim.o
                0x00000000080038ba                HAL_TIM_ConfigClockSource
 .text.HAL_TIM_PeriodElapsedCallback
                0x0000000008003a48       0x14 ./Drivers/STM32F4xx_HAL_Driver/Src/stm32f4xx_hal_tim.o
                0x0000000008003a48                HAL_TIM_PeriodElapsedCallback
 .text.HAL_TIM_OC_DelayElapsedCallback
                0x0000000008003a5c       0x14 ./Drivers/STM32F4xx_HAL_Driver/Src/stm32f4xx_hal_tim.o
                0x0000000008003a5c                HAL_TIM_OC_DelayElapsedCallback
 .text.HAL_TIM_IC_CaptureCallback
                0x0000000008003a70       0x14 ./Drivers/STM32F4xx_HAL_Driver/Src/stm32f4xx_hal_tim.o
                0x0000000008003a70                HAL_TIM_IC_CaptureCallback
 .text.HAL_TIM_PWM_PulseFinishedCallback
                0x0000000008003a84       0x14 ./Drivers/STM32F4xx_HAL_Driver/Src/stm32f4xx_hal_tim.o
                0x0000000008003a84                HAL_TIM_PWM_PulseFinishedCallback
 .text.HAL_TIM_TriggerCallback
                0x0000000008003a98       0x14 ./Drivers/STM32F4xx_HAL_Driver/Src/stm32f4xx_hal_tim.o
                0x0000000008003a98                HAL_TIM_TriggerCallback
 .text.TIM_Base_SetConfig
                0x0000000008003aac      0x100 ./Drivers/STM32F4xx_HAL_Driver/Src/stm32f4xx_hal_tim.o
                0x0000000008003aac                TIM_Base_SetConfig
 .text.TIM_TI1_ConfigInputStage
                0x0000000008003bac       0x5e ./Drivers/STM32F4xx_HAL_Driver/Src/stm32f4xx_hal_tim.o
 .text.TIM_TI2_ConfigInputStage
                0x0000000008003c0a       0x60 ./Drivers/STM32F4xx_HAL_Driver/Src/stm32f4xx_hal_tim.o
 .text.TIM_ITRx_SetConfig
                0x0000000008003c6a       0x36 ./Drivers/STM32F4xx_HAL_Driver/Src/stm32f4xx_hal_tim.o
 .text.TIM_ETR_SetConfig
                0x0000000008003ca0       0x40 ./Drivers/STM32F4xx_HAL_Driver/Src/stm32f4xx_hal_tim.o
                0x0000000008003ca0                TIM_ETR_SetConfig
 .text.HAL_TIMEx_CommutCallback
                0x0000000008003ce0       0x14 ./Drivers/STM32F4xx_HAL_Driver/Src/stm32f4xx_hal_tim_ex.o
                0x0000000008003ce0                HAL_TIMEx_CommutCallback
 .text.HAL_TIMEx_BreakCallback
                0x0000000008003cf4       0x14 ./Drivers/STM32F4xx_HAL_Driver/Src/stm32f4xx_hal_tim_ex.o
                0x0000000008003cf4                HAL_TIMEx_BreakCallback
 .text.HAL_UART_Init
                0x0000000008003d08       0x9a ./Drivers/STM32F4xx_HAL_Driver/Src/stm32f4xx_hal_uart.o
                0x0000000008003d08                HAL_UART_Init
 .text.HAL_UART_Transmit
                0x0000000008003da2      0x124 ./Drivers/STM32F4xx_HAL_Driver/Src/stm32f4xx_hal_uart.o
                0x0000000008003da2                HAL_UART_Transmit
 .text.HAL_UART_Receive_DMA
                0x0000000008003ec6       0x60 ./Drivers/STM32F4xx_HAL_Driver/Src/stm32f4xx_hal_uart.o
                0x0000000008003ec6                HAL_UART_Receive_DMA
 *fill*         0x0000000008003f26        0x2 
 .text.HAL_UART_IRQHandler
                0x0000000008003f28      0x51c ./Drivers/STM32F4xx_HAL_Driver/Src/stm32f4xx_hal_uart.o
                0x0000000008003f28                HAL_UART_IRQHandler
 .text.HAL_UART_RxHalfCpltCallback
                0x0000000008004444       0x14 ./Drivers/STM32F4xx_HAL_Driver/Src/stm32f4xx_hal_uart.o
                0x0000000008004444                HAL_UART_RxHalfCpltCallback
 .text.HAL_UART_ErrorCallback
                0x0000000008004458       0x14 ./Drivers/STM32F4xx_HAL_Driver/Src/stm32f4xx_hal_uart.o
                0x0000000008004458                HAL_UART_ErrorCallback
 .text.HAL_UARTEx_RxEventCallback
                0x000000000800446c       0x18 ./Drivers/STM32F4xx_HAL_Driver/Src/stm32f4xx_hal_uart.o
                0x000000000800446c                HAL_UARTEx_RxEventCallback
 .text.UART_DMAReceiveCplt
                0x0000000008004484      0x126 ./Drivers/STM32F4xx_HAL_Driver/Src/stm32f4xx_hal_uart.o
 .text.UART_DMARxHalfCplt
                0x00000000080045aa       0x36 ./Drivers/STM32F4xx_HAL_Driver/Src/stm32f4xx_hal_uart.o
 .text.UART_DMAError
                0x00000000080045e0       0x94 ./Drivers/STM32F4xx_HAL_Driver/Src/stm32f4xx_hal_uart.o
 .text.UART_WaitOnFlagUntilTimeout
                0x0000000008004674       0xdc ./Drivers/STM32F4xx_HAL_Driver/Src/stm32f4xx_hal_uart.o
 .text.UART_Start_Receive_DMA
                0x0000000008004750      0x13c ./Drivers/STM32F4xx_HAL_Driver/Src/stm32f4xx_hal_uart.o
                0x0000000008004750                UART_Start_Receive_DMA
 .text.UART_EndTxTransfer
                0x000000000800488c       0x50 ./Drivers/STM32F4xx_HAL_Driver/Src/stm32f4xx_hal_uart.o
 .text.UART_EndRxTransfer
                0x00000000080048dc       0xc6 ./Drivers/STM32F4xx_HAL_Driver/Src/stm32f4xx_hal_uart.o
 .text.UART_DMAAbortOnError
                0x00000000080049a2       0x28 ./Drivers/STM32F4xx_HAL_Driver/Src/stm32f4xx_hal_uart.o
 .text.UART_Transmit_IT
                0x00000000080049ca       0xa0 ./Drivers/STM32F4xx_HAL_Driver/Src/stm32f4xx_hal_uart.o
 .text.UART_EndTransmit_IT
                0x0000000008004a6a       0x30 ./Drivers/STM32F4xx_HAL_Driver/Src/stm32f4xx_hal_uart.o
 .text.UART_Receive_IT
                0x0000000008004a9a      0x176 ./Drivers/STM32F4xx_HAL_Driver/Src/stm32f4xx_hal_uart.o
 .text.UART_SetConfig
                0x0000000008004c10      0x4e8 ./Drivers/STM32F4xx_HAL_Driver/Src/stm32f4xx_hal_uart.o
 .text.__NVIC_SetPriority
                0x00000000080050f8       0x54 ./Middlewares/Third_Party/FreeRTOS/Source/CMSIS_RTOS_V2/cmsis_os2.o
 .text.SVC_Setup
                0x000000000800514c       0x12 ./Middlewares/Third_Party/FreeRTOS/Source/CMSIS_RTOS_V2/cmsis_os2.o
 *fill*         0x000000000800515e        0x2 
 .text.osKernelInitialize
                0x0000000008005160       0x48 ./Middlewares/Third_Party/FreeRTOS/Source/CMSIS_RTOS_V2/cmsis_os2.o
                0x0000000008005160                osKernelInitialize
 .text.osKernelStart
                0x00000000080051a8       0x4c ./Middlewares/Third_Party/FreeRTOS/Source/CMSIS_RTOS_V2/cmsis_os2.o
                0x00000000080051a8                osKernelStart
 .text.osThreadNew
                0x00000000080051f4      0x124 ./Middlewares/Third_Party/FreeRTOS/Source/CMSIS_RTOS_V2/cmsis_os2.o
                0x00000000080051f4                osThreadNew
 .text.osDelay  0x0000000008005318       0x36 ./Middlewares/Third_Party/FreeRTOS/Source/CMSIS_RTOS_V2/cmsis_os2.o
                0x0000000008005318                osDelay
 .text.osMutexNew
                0x000000000800534e      0x10c ./Middlewares/Third_Party/FreeRTOS/Source/CMSIS_RTOS_V2/cmsis_os2.o
                0x000000000800534e                osMutexNew
 .text.osMutexAcquire
                0x000000000800545a       0x96 ./Middlewares/Third_Party/FreeRTOS/Source/CMSIS_RTOS_V2/cmsis_os2.o
                0x000000000800545a                osMutexAcquire
 .text.osMutexRelease
                0x00000000080054f0       0x7a ./Middlewares/Third_Party/FreeRTOS/Source/CMSIS_RTOS_V2/cmsis_os2.o
                0x00000000080054f0                osMutexRelease
 .text.osSemaphoreNew
                0x000000000800556a      0x112 ./Middlewares/Third_Party/FreeRTOS/Source/CMSIS_RTOS_V2/cmsis_os2.o
                0x000000000800556a                osSemaphoreNew
 .text.osSemaphoreRelease
                0x000000000800567c       0x88 ./Middlewares/Third_Party/FreeRTOS/Source/CMSIS_RTOS_V2/cmsis_os2.o
                0x000000000800567c                osSemaphoreRelease
 .text.vApplicationGetIdleTaskMemory
                0x0000000008005704       0x34 ./Middlewares/Third_Party/FreeRTOS/Source/CMSIS_RTOS_V2/cmsis_os2.o
                0x0000000008005704                vApplicationGetIdleTaskMemory
 .text.vApplicationGetTimerTaskMemory
                0x0000000008005738       0x34 ./Middlewares/Third_Party/FreeRTOS/Source/CMSIS_RTOS_V2/cmsis_os2.o
                0x0000000008005738                vApplicationGetTimerTaskMemory
 .text.vListInitialise
                0x000000000800576c       0x40 ./Middlewares/Third_Party/FreeRTOS/Source/list.o
                0x000000000800576c                vListInitialise
 .text.vListInitialiseItem
                0x00000000080057ac       0x1a ./Middlewares/Third_Party/FreeRTOS/Source/list.o
                0x00000000080057ac                vListInitialiseItem
 .text.vListInsertEnd
                0x00000000080057c6       0x48 ./Middlewares/Third_Party/FreeRTOS/Source/list.o
                0x00000000080057c6                vListInsertEnd
 .text.vListInsert
                0x000000000800580e       0x72 ./Middlewares/Third_Party/FreeRTOS/Source/list.o
                0x000000000800580e                vListInsert
 .text.uxListRemove
                0x0000000008005880       0x54 ./Middlewares/Third_Party/FreeRTOS/Source/list.o
                0x0000000008005880                uxListRemove
 .text.xQueueGenericReset
                0x00000000080058d4       0xd0 ./Middlewares/Third_Party/FreeRTOS/Source/queue.o
                0x00000000080058d4                xQueueGenericReset
 .text.xQueueGenericCreateStatic
                0x00000000080059a4       0xf0 ./Middlewares/Third_Party/FreeRTOS/Source/queue.o
                0x00000000080059a4                xQueueGenericCreateStatic
 .text.xQueueGenericCreate
                0x0000000008005a94       0x74 ./Middlewares/Third_Party/FreeRTOS/Source/queue.o
                0x0000000008005a94                xQueueGenericCreate
 .text.prvInitialiseNewQueue
                0x0000000008005b08       0x46 ./Middlewares/Third_Party/FreeRTOS/Source/queue.o
 .text.prvInitialiseMutex
                0x0000000008005b4e       0x34 ./Middlewares/Third_Party/FreeRTOS/Source/queue.o
 .text.xQueueCreateMutex
                0x0000000008005b82       0x30 ./Middlewares/Third_Party/FreeRTOS/Source/queue.o
                0x0000000008005b82                xQueueCreateMutex
 .text.xQueueCreateMutexStatic
                0x0000000008005bb2       0x36 ./Middlewares/Third_Party/FreeRTOS/Source/queue.o
                0x0000000008005bb2                xQueueCreateMutexStatic
 .text.xQueueGiveMutexRecursive
                0x0000000008005be8       0x68 ./Middlewares/Third_Party/FreeRTOS/Source/queue.o
                0x0000000008005be8                xQueueGiveMutexRecursive
 .text.xQueueTakeMutexRecursive
                0x0000000008005c50       0x6c ./Middlewares/Third_Party/FreeRTOS/Source/queue.o
                0x0000000008005c50                xQueueTakeMutexRecursive
 .text.xQueueCreateCountingSemaphoreStatic
                0x0000000008005cbc       0x6e ./Middlewares/Third_Party/FreeRTOS/Source/queue.o
                0x0000000008005cbc                xQueueCreateCountingSemaphoreStatic
 .text.xQueueCreateCountingSemaphore
                0x0000000008005d2a       0x66 ./Middlewares/Third_Party/FreeRTOS/Source/queue.o
                0x0000000008005d2a                xQueueCreateCountingSemaphore
 .text.xQueueGenericSend
                0x0000000008005d90      0x1fc ./Middlewares/Third_Party/FreeRTOS/Source/queue.o
                0x0000000008005d90                xQueueGenericSend
 .text.xQueueGenericSendFromISR
                0x0000000008005f8c      0x136 ./Middlewares/Third_Party/FreeRTOS/Source/queue.o
                0x0000000008005f8c                xQueueGenericSendFromISR
 .text.xQueueGiveFromISR
                0x00000000080060c2      0x11a ./Middlewares/Third_Party/FreeRTOS/Source/queue.o
                0x00000000080060c2                xQueueGiveFromISR
 .text.xQueueReceive
                0x00000000080061dc      0x1c0 ./Middlewares/Third_Party/FreeRTOS/Source/queue.o
                0x00000000080061dc                xQueueReceive
 .text.xQueueSemaphoreTake
                0x000000000800639c      0x218 ./Middlewares/Third_Party/FreeRTOS/Source/queue.o
                0x000000000800639c                xQueueSemaphoreTake
 .text.vQueueDelete
                0x00000000080065b4       0x46 ./Middlewares/Third_Party/FreeRTOS/Source/queue.o
                0x00000000080065b4                vQueueDelete
 .text.prvGetDisinheritPriorityAfterTimeout
                0x00000000080065fa       0x30 ./Middlewares/Third_Party/FreeRTOS/Source/queue.o
 .text.prvCopyDataToQueue
                0x000000000800662a       0xd4 ./Middlewares/Third_Party/FreeRTOS/Source/queue.o
 .text.prvCopyDataFromQueue
                0x00000000080066fe       0x4c ./Middlewares/Third_Party/FreeRTOS/Source/queue.o
 .text.prvUnlockQueue
                0x000000000800674a       0xa4 ./Middlewares/Third_Party/FreeRTOS/Source/queue.o
 .text.prvIsQueueEmpty
                0x00000000080067ee       0x2c ./Middlewares/Third_Party/FreeRTOS/Source/queue.o
 .text.prvIsQueueFull
                0x000000000800681a       0x30 ./Middlewares/Third_Party/FreeRTOS/Source/queue.o
 *fill*         0x000000000800684a        0x2 
 .text.vQueueAddToRegistry
                0x000000000800684c       0x54 ./Middlewares/Third_Party/FreeRTOS/Source/queue.o
                0x000000000800684c                vQueueAddToRegistry
 .text.vQueueUnregisterQueue
                0x00000000080068a0       0x54 ./Middlewares/Third_Party/FreeRTOS/Source/queue.o
                0x00000000080068a0                vQueueUnregisterQueue
 .text.vQueueWaitForMessageRestricted
                0x00000000080068f4       0x68 ./Middlewares/Third_Party/FreeRTOS/Source/queue.o
                0x00000000080068f4                vQueueWaitForMessageRestricted
 .text.xTaskCreateStatic
                0x000000000800695c       0xba ./Middlewares/Third_Party/FreeRTOS/Source/tasks.o
                0x000000000800695c                xTaskCreateStatic
 .text.xTaskCreate
                0x0000000008006a16       0x8a ./Middlewares/Third_Party/FreeRTOS/Source/tasks.o
                0x0000000008006a16                xTaskCreate
 .text.prvInitialiseNewTask
                0x0000000008006aa0      0x14c ./Middlewares/Third_Party/FreeRTOS/Source/tasks.o
 .text.prvAddNewTaskToReadyList
                0x0000000008006bec       0xe0 ./Middlewares/Third_Party/FreeRTOS/Source/tasks.o
 .text.vTaskDelay
                0x0000000008006ccc       0x68 ./Middlewares/Third_Party/FreeRTOS/Source/tasks.o
                0x0000000008006ccc                vTaskDelay
 .text.vTaskStartScheduler
                0x0000000008006d34       0xe0 ./Middlewares/Third_Party/FreeRTOS/Source/tasks.o
                0x0000000008006d34                vTaskStartScheduler
 .text.vTaskSuspendAll
                0x0000000008006e14       0x1c ./Middlewares/Third_Party/FreeRTOS/Source/tasks.o
                0x0000000008006e14                vTaskSuspendAll
 .text.xTaskResumeAll
                0x0000000008006e30      0x13c ./Middlewares/Third_Party/FreeRTOS/Source/tasks.o
                0x0000000008006e30                xTaskResumeAll
 .text.xTaskGetTickCount
                0x0000000008006f6c       0x20 ./Middlewares/Third_Party/FreeRTOS/Source/tasks.o
                0x0000000008006f6c                xTaskGetTickCount
 .text.xTaskIncrementTick
                0x0000000008006f8c      0x174 ./Middlewares/Third_Party/FreeRTOS/Source/tasks.o
                0x0000000008006f8c                xTaskIncrementTick
 .text.vTaskSwitchContext
                0x0000000008007100       0xc8 ./Middlewares/Third_Party/FreeRTOS/Source/tasks.o
                0x0000000008007100                vTaskSwitchContext
 .text.vTaskPlaceOnEventList
                0x00000000080071c8       0x48 ./Middlewares/Third_Party/FreeRTOS/Source/tasks.o
                0x00000000080071c8                vTaskPlaceOnEventList
 .text.vTaskPlaceOnEventListRestricted
                0x0000000008007210       0x58 ./Middlewares/Third_Party/FreeRTOS/Source/tasks.o
                0x0000000008007210                vTaskPlaceOnEventListRestricted
 .text.xTaskRemoveFromEventList
                0x0000000008007268       0xc8 ./Middlewares/Third_Party/FreeRTOS/Source/tasks.o
                0x0000000008007268                xTaskRemoveFromEventList
 .text.vTaskInternalSetTimeOutState
                0x0000000008007330       0x2c ./Middlewares/Third_Party/FreeRTOS/Source/tasks.o
                0x0000000008007330                vTaskInternalSetTimeOutState
 .text.xTaskCheckForTimeOut
                0x000000000800735c       0xc4 ./Middlewares/Third_Party/FreeRTOS/Source/tasks.o
                0x000000000800735c                xTaskCheckForTimeOut
 .text.vTaskMissedYield
                0x0000000008007420       0x18 ./Middlewares/Third_Party/FreeRTOS/Source/tasks.o
                0x0000000008007420                vTaskMissedYield
 .text.prvIdleTask
                0x0000000008007438       0x30 ./Middlewares/Third_Party/FreeRTOS/Source/tasks.o
 .text.prvInitialiseTaskLists
                0x0000000008007468       0x80 ./Middlewares/Third_Party/FreeRTOS/Source/tasks.o
 .text.prvCheckTasksWaitingTermination
                0x00000000080074e8       0x5c ./Middlewares/Third_Party/FreeRTOS/Source/tasks.o
 .text.prvDeleteTCB
                0x0000000008007544       0x68 ./Middlewares/Third_Party/FreeRTOS/Source/tasks.o
 .text.prvResetNextTaskUnblockTime
                0x00000000080075ac       0x40 ./Middlewares/Third_Party/FreeRTOS/Source/tasks.o
 .text.xTaskGetCurrentTaskHandle
                0x00000000080075ec       0x20 ./Middlewares/Third_Party/FreeRTOS/Source/tasks.o
                0x00000000080075ec                xTaskGetCurrentTaskHandle
 .text.xTaskGetSchedulerState
                0x000000000800760c       0x3c ./Middlewares/Third_Party/FreeRTOS/Source/tasks.o
                0x000000000800760c                xTaskGetSchedulerState
 .text.xTaskPriorityInherit
                0x0000000008007648       0xd0 ./Middlewares/Third_Party/FreeRTOS/Source/tasks.o
                0x0000000008007648                xTaskPriorityInherit
 .text.xTaskPriorityDisinherit
                0x0000000008007718       0xdc ./Middlewares/Third_Party/FreeRTOS/Source/tasks.o
                0x0000000008007718                xTaskPriorityDisinherit
 .text.vTaskPriorityDisinheritAfterTimeout
                0x00000000080077f4      0x104 ./Middlewares/Third_Party/FreeRTOS/Source/tasks.o
                0x00000000080077f4                vTaskPriorityDisinheritAfterTimeout
 .text.pvTaskIncrementMutexHeldCount
                0x00000000080078f8       0x28 ./Middlewares/Third_Party/FreeRTOS/Source/tasks.o
                0x00000000080078f8                pvTaskIncrementMutexHeldCount
 .text.prvAddCurrentTaskToDelayedList
                0x0000000008007920       0xa8 ./Middlewares/Third_Party/FreeRTOS/Source/tasks.o
 .text.xTimerCreateTimerTask
                0x00000000080079c8       0x90 ./Middlewares/Third_Party/FreeRTOS/Source/timers.o
                0x00000000080079c8                xTimerCreateTimerTask
 .text.xTimerGenericCommand
                0x0000000008007a58       0x9c ./Middlewares/Third_Party/FreeRTOS/Source/timers.o
                0x0000000008007a58                xTimerGenericCommand
 .text.prvProcessExpiredTimer
                0x0000000008007af4       0x98 ./Middlewares/Third_Party/FreeRTOS/Source/timers.o
 .text.prvTimerTask
                0x0000000008007b8c       0x24 ./Middlewares/Third_Party/FreeRTOS/Source/timers.o
 .text.prvProcessTimerOrBlockTask
                0x0000000008007bb0       0x9c ./Middlewares/Third_Party/FreeRTOS/Source/timers.o
 .text.prvGetNextExpireTime
                0x0000000008007c4c       0x48 ./Middlewares/Third_Party/FreeRTOS/Source/timers.o
 .text.prvSampleTimeNow
                0x0000000008007c94       0x40 ./Middlewares/Third_Party/FreeRTOS/Source/timers.o
 .text.prvInsertTimerInActiveList
                0x0000000008007cd4       0x84 ./Middlewares/Third_Party/FreeRTOS/Source/timers.o
 .text.prvProcessReceivedCommands
                0x0000000008007d58      0x1c4 ./Middlewares/Third_Party/FreeRTOS/Source/timers.o
 .text.prvSwitchTimerLists
                0x0000000008007f1c       0xc8 ./Middlewares/Third_Party/FreeRTOS/Source/timers.o
 .text.prvCheckForValidListAndQueue
                0x0000000008007fe4       0x80 ./Middlewares/Third_Party/FreeRTOS/Source/timers.o
 .text.pxPortInitialiseStack
                0x0000000008008064       0x68 ./Middlewares/Third_Party/FreeRTOS/Source/portable/GCC/ARM_CM4F/port.o
                0x0000000008008064                pxPortInitialiseStack
 .text.prvTaskExitError
                0x00000000080080cc       0x58 ./Middlewares/Third_Party/FreeRTOS/Source/portable/GCC/ARM_CM4F/port.o
 *fill*         0x0000000008008124        0xc 
 .text.SVC_Handler
                0x0000000008008130       0x28 ./Middlewares/Third_Party/FreeRTOS/Source/portable/GCC/ARM_CM4F/port.o
                0x0000000008008130                SVC_Handler
 .text.prvPortStartFirstTask
                0x0000000008008158       0x28 ./Middlewares/Third_Party/FreeRTOS/Source/portable/GCC/ARM_CM4F/port.o
 .text.xPortStartScheduler
                0x0000000008008180      0x144 ./Middlewares/Third_Party/FreeRTOS/Source/portable/GCC/ARM_CM4F/port.o
                0x0000000008008180                xPortStartScheduler
 .text.vPortEnterCritical
                0x00000000080082c4       0x60 ./Middlewares/Third_Party/FreeRTOS/Source/portable/GCC/ARM_CM4F/port.o
                0x00000000080082c4                vPortEnterCritical
 .text.vPortExitCritical
                0x0000000008008324       0x54 ./Middlewares/Third_Party/FreeRTOS/Source/portable/GCC/ARM_CM4F/port.o
                0x0000000008008324                vPortExitCritical
 *fill*         0x0000000008008378        0x8 
 .text.PendSV_Handler
                0x0000000008008380       0x68 ./Middlewares/Third_Party/FreeRTOS/Source/portable/GCC/ARM_CM4F/port.o
                0x0000000008008380                PendSV_Handler
 .text.xPortSysTickHandler
                0x00000000080083e8       0x44 ./Middlewares/Third_Party/FreeRTOS/Source/portable/GCC/ARM_CM4F/port.o
                0x00000000080083e8                xPortSysTickHandler
 .text.vPortSetupTimerInterrupt
                0x000000000800842c       0x48 ./Middlewares/Third_Party/FreeRTOS/Source/portable/GCC/ARM_CM4F/port.o
                0x000000000800842c                vPortSetupTimerInterrupt
 .text.vPortEnableVFP
                0x0000000008008474       0x14 ./Middlewares/Third_Party/FreeRTOS/Source/portable/GCC/ARM_CM4F/port.o
 .text.vPortValidateInterruptPriority
                0x0000000008008488       0x80 ./Middlewares/Third_Party/FreeRTOS/Source/portable/GCC/ARM_CM4F/port.o
                0x0000000008008488                vPortValidateInterruptPriority
 .text.pvPortMalloc
                0x0000000008008508      0x198 ./Middlewares/Third_Party/FreeRTOS/Source/portable/MemMang/heap_4.o
                0x0000000008008508                pvPortMalloc
 .text.vPortFree
                0x00000000080086a0       0xc4 ./Middlewares/Third_Party/FreeRTOS/Source/portable/MemMang/heap_4.o
                0x00000000080086a0                vPortFree
 .text.prvHeapInit
                0x0000000008008764       0xc4 ./Middlewares/Third_Party/FreeRTOS/Source/portable/MemMang/heap_4.o
 .text.prvInsertBlockIntoFreeList
                0x0000000008008828       0xb4 ./Middlewares/Third_Party/FreeRTOS/Source/portable/MemMang/heap_4.o
 .text.__errno  0x00000000080088dc        0xc c:/study/ajax systems/stm32cubeide_1.10.1/stm32cubeide/plugins/com.st.stm32cube.ide.mcu.externaltools.gnu-tools-for-stm32.10.3-2021.10.win32_1.0.0.202111181127/tools/bin/../lib/gcc/arm-none-eabi/10.3.1/../../../../arm-none-eabi/lib/thumb/v7e-m+fp/hard\libc_nano.a(lib_a-errno.o)
                0x00000000080088dc                __errno
 .text.std      0x00000000080088e8       0x48 c:/study/ajax systems/stm32cubeide_1.10.1/stm32cubeide/plugins/com.st.stm32cube.ide.mcu.externaltools.gnu-tools-for-stm32.10.3-2021.10.win32_1.0.0.202111181127/tools/bin/../lib/gcc/arm-none-eabi/10.3.1/../../../../arm-none-eabi/lib/thumb/v7e-m+fp/hard\libc_nano.a(lib_a-findfp.o)
 .text._cleanup_r
                0x0000000008008930        0xc c:/study/ajax systems/stm32cubeide_1.10.1/stm32cubeide/plugins/com.st.stm32cube.ide.mcu.externaltools.gnu-tools-for-stm32.10.3-2021.10.win32_1.0.0.202111181127/tools/bin/../lib/gcc/arm-none-eabi/10.3.1/../../../../arm-none-eabi/lib/thumb/v7e-m+fp/hard\libc_nano.a(lib_a-findfp.o)
                0x0000000008008930                _cleanup_r
 .text.__sfmoreglue
                0x000000000800893c       0x2c c:/study/ajax systems/stm32cubeide_1.10.1/stm32cubeide/plugins/com.st.stm32cube.ide.mcu.externaltools.gnu-tools-for-stm32.10.3-2021.10.win32_1.0.0.202111181127/tools/bin/../lib/gcc/arm-none-eabi/10.3.1/../../../../arm-none-eabi/lib/thumb/v7e-m+fp/hard\libc_nano.a(lib_a-findfp.o)
                0x000000000800893c                __sfmoreglue
 .text.__sfp_lock_acquire
                0x0000000008008968        0xc c:/study/ajax systems/stm32cubeide_1.10.1/stm32cubeide/plugins/com.st.stm32cube.ide.mcu.externaltools.gnu-tools-for-stm32.10.3-2021.10.win32_1.0.0.202111181127/tools/bin/../lib/gcc/arm-none-eabi/10.3.1/../../../../arm-none-eabi/lib/thumb/v7e-m+fp/hard\libc_nano.a(lib_a-findfp.o)
                0x0000000008008968                __sfp_lock_acquire
 .text.__sfp_lock_release
                0x0000000008008974        0xc c:/study/ajax systems/stm32cubeide_1.10.1/stm32cubeide/plugins/com.st.stm32cube.ide.mcu.externaltools.gnu-tools-for-stm32.10.3-2021.10.win32_1.0.0.202111181127/tools/bin/../lib/gcc/arm-none-eabi/10.3.1/../../../../arm-none-eabi/lib/thumb/v7e-m+fp/hard\libc_nano.a(lib_a-findfp.o)
                0x0000000008008974                __sfp_lock_release
 .text.__sinit_lock_acquire
                0x0000000008008980        0xc c:/study/ajax systems/stm32cubeide_1.10.1/stm32cubeide/plugins/com.st.stm32cube.ide.mcu.externaltools.gnu-tools-for-stm32.10.3-2021.10.win32_1.0.0.202111181127/tools/bin/../lib/gcc/arm-none-eabi/10.3.1/../../../../arm-none-eabi/lib/thumb/v7e-m+fp/hard\libc_nano.a(lib_a-findfp.o)
                0x0000000008008980                __sinit_lock_acquire
 .text.__sinit_lock_release
                0x000000000800898c        0xc c:/study/ajax systems/stm32cubeide_1.10.1/stm32cubeide/plugins/com.st.stm32cube.ide.mcu.externaltools.gnu-tools-for-stm32.10.3-2021.10.win32_1.0.0.202111181127/tools/bin/../lib/gcc/arm-none-eabi/10.3.1/../../../../arm-none-eabi/lib/thumb/v7e-m+fp/hard\libc_nano.a(lib_a-findfp.o)
                0x000000000800898c                __sinit_lock_release
 .text.__sinit  0x0000000008008998       0x70 c:/study/ajax systems/stm32cubeide_1.10.1/stm32cubeide/plugins/com.st.stm32cube.ide.mcu.externaltools.gnu-tools-for-stm32.10.3-2021.10.win32_1.0.0.202111181127/tools/bin/../lib/gcc/arm-none-eabi/10.3.1/../../../../arm-none-eabi/lib/thumb/v7e-m+fp/hard\libc_nano.a(lib_a-findfp.o)
                0x0000000008008998                __sinit
 .text.__sfp    0x0000000008008a08       0x8c c:/study/ajax systems/stm32cubeide_1.10.1/stm32cubeide/plugins/com.st.stm32cube.ide.mcu.externaltools.gnu-tools-for-stm32.10.3-2021.10.win32_1.0.0.202111181127/tools/bin/../lib/gcc/arm-none-eabi/10.3.1/../../../../arm-none-eabi/lib/thumb/v7e-m+fp/hard\libc_nano.a(lib_a-findfp.o)
                0x0000000008008a08                __sfp
 .text._fwalk_reent
                0x0000000008008a94       0x3e c:/study/ajax systems/stm32cubeide_1.10.1/stm32cubeide/plugins/com.st.stm32cube.ide.mcu.externaltools.gnu-tools-for-stm32.10.3-2021.10.win32_1.0.0.202111181127/tools/bin/../lib/gcc/arm-none-eabi/10.3.1/../../../../arm-none-eabi/lib/thumb/v7e-m+fp/hard\libc_nano.a(lib_a-fwalk.o)
                0x0000000008008a94                _fwalk_reent
 *fill*         0x0000000008008ad2        0x2 
 .text.__libc_init_array
                0x0000000008008ad4       0x48 c:/study/ajax systems/stm32cubeide_1.10.1/stm32cubeide/plugins/com.st.stm32cube.ide.mcu.externaltools.gnu-tools-for-stm32.10.3-2021.10.win32_1.0.0.202111181127/tools/bin/../lib/gcc/arm-none-eabi/10.3.1/../../../../arm-none-eabi/lib/thumb/v7e-m+fp/hard\libc_nano.a(lib_a-init.o)
                0x0000000008008ad4                __libc_init_array
 .text.__retarget_lock_init_recursive
                0x0000000008008b1c        0x2 c:/study/ajax systems/stm32cubeide_1.10.1/stm32cubeide/plugins/com.st.stm32cube.ide.mcu.externaltools.gnu-tools-for-stm32.10.3-2021.10.win32_1.0.0.202111181127/tools/bin/../lib/gcc/arm-none-eabi/10.3.1/../../../../arm-none-eabi/lib/thumb/v7e-m+fp/hard\libc_nano.a(lib_a-lock.o)
                0x0000000008008b1c                __retarget_lock_init_recursive
 .text.__retarget_lock_acquire_recursive
                0x0000000008008b1e        0x2 c:/study/ajax systems/stm32cubeide_1.10.1/stm32cubeide/plugins/com.st.stm32cube.ide.mcu.externaltools.gnu-tools-for-stm32.10.3-2021.10.win32_1.0.0.202111181127/tools/bin/../lib/gcc/arm-none-eabi/10.3.1/../../../../arm-none-eabi/lib/thumb/v7e-m+fp/hard\libc_nano.a(lib_a-lock.o)
                0x0000000008008b1e                __retarget_lock_acquire_recursive
 .text.__retarget_lock_release_recursive
                0x0000000008008b20        0x2 c:/study/ajax systems/stm32cubeide_1.10.1/stm32cubeide/plugins/com.st.stm32cube.ide.mcu.externaltools.gnu-tools-for-stm32.10.3-2021.10.win32_1.0.0.202111181127/tools/bin/../lib/gcc/arm-none-eabi/10.3.1/../../../../arm-none-eabi/lib/thumb/v7e-m+fp/hard\libc_nano.a(lib_a-lock.o)
                0x0000000008008b20                __retarget_lock_release_recursive
 .text.memcpy   0x0000000008008b22       0x1c c:/study/ajax systems/stm32cubeide_1.10.1/stm32cubeide/plugins/com.st.stm32cube.ide.mcu.externaltools.gnu-tools-for-stm32.10.3-2021.10.win32_1.0.0.202111181127/tools/bin/../lib/gcc/arm-none-eabi/10.3.1/../../../../arm-none-eabi/lib/thumb/v7e-m+fp/hard\libc_nano.a(lib_a-memcpy-stub.o)
                0x0000000008008b22                memcpy
 .text.memset   0x0000000008008b3e       0x10 c:/study/ajax systems/stm32cubeide_1.10.1/stm32cubeide/plugins/com.st.stm32cube.ide.mcu.externaltools.gnu-tools-for-stm32.10.3-2021.10.win32_1.0.0.202111181127/tools/bin/../lib/gcc/arm-none-eabi/10.3.1/../../../../arm-none-eabi/lib/thumb/v7e-m+fp/hard\libc_nano.a(lib_a-memset.o)
                0x0000000008008b3e                memset
 *fill*         0x0000000008008b4e        0x2 
 .text.sbrk_aligned
                0x0000000008008b50       0x40 c:/study/ajax systems/stm32cubeide_1.10.1/stm32cubeide/plugins/com.st.stm32cube.ide.mcu.externaltools.gnu-tools-for-stm32.10.3-2021.10.win32_1.0.0.202111181127/tools/bin/../lib/gcc/arm-none-eabi/10.3.1/../../../../arm-none-eabi/lib/thumb/v7e-m+fp/hard\libc_nano.a(lib_a-nano-mallocr.o)
 .text._malloc_r
                0x0000000008008b90       0xe8 c:/study/ajax systems/stm32cubeide_1.10.1/stm32cubeide/plugins/com.st.stm32cube.ide.mcu.externaltools.gnu-tools-for-stm32.10.3-2021.10.win32_1.0.0.202111181127/tools/bin/../lib/gcc/arm-none-eabi/10.3.1/../../../../arm-none-eabi/lib/thumb/v7e-m+fp/hard\libc_nano.a(lib_a-nano-mallocr.o)
                0x0000000008008b90                _malloc_r
 .text.printf   0x0000000008008c78       0x30 c:/study/ajax systems/stm32cubeide_1.10.1/stm32cubeide/plugins/com.st.stm32cube.ide.mcu.externaltools.gnu-tools-for-stm32.10.3-2021.10.win32_1.0.0.202111181127/tools/bin/../lib/gcc/arm-none-eabi/10.3.1/../../../../arm-none-eabi/lib/thumb/v7e-m+fp/hard\libc_nano.a(lib_a-printf.o)
                0x0000000008008c78                iprintf
                0x0000000008008c78                printf
 .text.cleanup_glue
                0x0000000008008ca8       0x1a c:/study/ajax systems/stm32cubeide_1.10.1/stm32cubeide/plugins/com.st.stm32cube.ide.mcu.externaltools.gnu-tools-for-stm32.10.3-2021.10.win32_1.0.0.202111181127/tools/bin/../lib/gcc/arm-none-eabi/10.3.1/../../../../arm-none-eabi/lib/thumb/v7e-m+fp/hard\libc_nano.a(lib_a-reent.o)
                0x0000000008008ca8                cleanup_glue
 *fill*         0x0000000008008cc2        0x2 
 .text._reclaim_reent
                0x0000000008008cc4       0xb8 c:/study/ajax systems/stm32cubeide_1.10.1/stm32cubeide/plugins/com.st.stm32cube.ide.mcu.externaltools.gnu-tools-for-stm32.10.3-2021.10.win32_1.0.0.202111181127/tools/bin/../lib/gcc/arm-none-eabi/10.3.1/../../../../arm-none-eabi/lib/thumb/v7e-m+fp/hard\libc_nano.a(lib_a-reent.o)
                0x0000000008008cc4                _reclaim_reent
 .text._sbrk_r  0x0000000008008d7c       0x20 c:/study/ajax systems/stm32cubeide_1.10.1/stm32cubeide/plugins/com.st.stm32cube.ide.mcu.externaltools.gnu-tools-for-stm32.10.3-2021.10.win32_1.0.0.202111181127/tools/bin/../lib/gcc/arm-none-eabi/10.3.1/../../../../arm-none-eabi/lib/thumb/v7e-m+fp/hard\libc_nano.a(lib_a-sbrkr.o)
                0x0000000008008d7c                _sbrk_r
 .text.snprintf
                0x0000000008008d9c       0x68 c:/study/ajax systems/stm32cubeide_1.10.1/stm32cubeide/plugins/com.st.stm32cube.ide.mcu.externaltools.gnu-tools-for-stm32.10.3-2021.10.win32_1.0.0.202111181127/tools/bin/../lib/gcc/arm-none-eabi/10.3.1/../../../../arm-none-eabi/lib/thumb/v7e-m+fp/hard\libc_nano.a(lib_a-snprintf.o)
                0x0000000008008d9c                sniprintf
                0x0000000008008d9c                snprintf
 .text.__sread  0x0000000008008e04       0x22 c:/study/ajax systems/stm32cubeide_1.10.1/stm32cubeide/plugins/com.st.stm32cube.ide.mcu.externaltools.gnu-tools-for-stm32.10.3-2021.10.win32_1.0.0.202111181127/tools/bin/../lib/gcc/arm-none-eabi/10.3.1/../../../../arm-none-eabi/lib/thumb/v7e-m+fp/hard\libc_nano.a(lib_a-stdio.o)
                0x0000000008008e04                __sread
 .text.__swrite
                0x0000000008008e26       0x38 c:/study/ajax systems/stm32cubeide_1.10.1/stm32cubeide/plugins/com.st.stm32cube.ide.mcu.externaltools.gnu-tools-for-stm32.10.3-2021.10.win32_1.0.0.202111181127/tools/bin/../lib/gcc/arm-none-eabi/10.3.1/../../../../arm-none-eabi/lib/thumb/v7e-m+fp/hard\libc_nano.a(lib_a-stdio.o)
                0x0000000008008e26                __swrite
 .text.__sseek  0x0000000008008e5e       0x24 c:/study/ajax systems/stm32cubeide_1.10.1/stm32cubeide/plugins/com.st.stm32cube.ide.mcu.externaltools.gnu-tools-for-stm32.10.3-2021.10.win32_1.0.0.202111181127/tools/bin/../lib/gcc/arm-none-eabi/10.3.1/../../../../arm-none-eabi/lib/thumb/v7e-m+fp/hard\libc_nano.a(lib_a-stdio.o)
                0x0000000008008e5e                __sseek
 .text.__sclose
                0x0000000008008e82        0x8 c:/study/ajax systems/stm32cubeide_1.10.1/stm32cubeide/plugins/com.st.stm32cube.ide.mcu.externaltools.gnu-tools-for-stm32.10.3-2021.10.win32_1.0.0.202111181127/tools/bin/../lib/gcc/arm-none-eabi/10.3.1/../../../../arm-none-eabi/lib/thumb/v7e-m+fp/hard\libc_nano.a(lib_a-stdio.o)
                0x0000000008008e82                __sclose
 .text.strnlen  0x0000000008008e8a       0x18 c:/study/ajax systems/stm32cubeide_1.10.1/stm32cubeide/plugins/com.st.stm32cube.ide.mcu.externaltools.gnu-tools-for-stm32.10.3-2021.10.win32_1.0.0.202111181127/tools/bin/../lib/gcc/arm-none-eabi/10.3.1/../../../../arm-none-eabi/lib/thumb/v7e-m+fp/hard\libc_nano.a(lib_a-strnlen.o)
                0x0000000008008e8a                strnlen
 *fill*         0x0000000008008ea2        0x2 
 .text._write_r
                0x0000000008008ea4       0x24 c:/study/ajax systems/stm32cubeide_1.10.1/stm32cubeide/plugins/com.st.stm32cube.ide.mcu.externaltools.gnu-tools-for-stm32.10.3-2021.10.win32_1.0.0.202111181127/tools/bin/../lib/gcc/arm-none-eabi/10.3.1/../../../../arm-none-eabi/lib/thumb/v7e-m+fp/hard\libc_nano.a(lib_a-writer.o)
                0x0000000008008ea4                _write_r
 .text._close_r
                0x0000000008008ec8       0x20 c:/study/ajax systems/stm32cubeide_1.10.1/stm32cubeide/plugins/com.st.stm32cube.ide.mcu.externaltools.gnu-tools-for-stm32.10.3-2021.10.win32_1.0.0.202111181127/tools/bin/../lib/gcc/arm-none-eabi/10.3.1/../../../../arm-none-eabi/lib/thumb/v7e-m+fp/hard\libc_nano.a(lib_a-closer.o)
                0x0000000008008ec8                _close_r
 .text.__sflush_r
                0x0000000008008ee8      0x10c c:/study/ajax systems/stm32cubeide_1.10.1/stm32cubeide/plugins/com.st.stm32cube.ide.mcu.externaltools.gnu-tools-for-stm32.10.3-2021.10.win32_1.0.0.202111181127/tools/bin/../lib/gcc/arm-none-eabi/10.3.1/../../../../arm-none-eabi/lib/thumb/v7e-m+fp/hard\libc_nano.a(lib_a-fflush.o)
                0x0000000008008ee8                __sflush_r
 .text._fflush_r
                0x0000000008008ff4       0x78 c:/study/ajax systems/stm32cubeide_1.10.1/stm32cubeide/plugins/com.st.stm32cube.ide.mcu.externaltools.gnu-tools-for-stm32.10.3-2021.10.win32_1.0.0.202111181127/tools/bin/../lib/gcc/arm-none-eabi/10.3.1/../../../../arm-none-eabi/lib/thumb/v7e-m+fp/hard\libc_nano.a(lib_a-fflush.o)
                0x0000000008008ff4                _fflush_r
 .text._lseek_r
                0x000000000800906c       0x24 c:/study/ajax systems/stm32cubeide_1.10.1/stm32cubeide/plugins/com.st.stm32cube.ide.mcu.externaltools.gnu-tools-for-stm32.10.3-2021.10.win32_1.0.0.202111181127/tools/bin/../lib/gcc/arm-none-eabi/10.3.1/../../../../arm-none-eabi/lib/thumb/v7e-m+fp/hard\libc_nano.a(lib_a-lseekr.o)
                0x000000000800906c                _lseek_r
 .text.__malloc_lock
                0x0000000008009090        0xc c:/study/ajax systems/stm32cubeide_1.10.1/stm32cubeide/plugins/com.st.stm32cube.ide.mcu.externaltools.gnu-tools-for-stm32.10.3-2021.10.win32_1.0.0.202111181127/tools/bin/../lib/gcc/arm-none-eabi/10.3.1/../../../../arm-none-eabi/lib/thumb/v7e-m+fp/hard\libc_nano.a(lib_a-mlock.o)
                0x0000000008009090                __malloc_lock
 .text.__malloc_unlock
                0x000000000800909c        0xc c:/study/ajax systems/stm32cubeide_1.10.1/stm32cubeide/plugins/com.st.stm32cube.ide.mcu.externaltools.gnu-tools-for-stm32.10.3-2021.10.win32_1.0.0.202111181127/tools/bin/../lib/gcc/arm-none-eabi/10.3.1/../../../../arm-none-eabi/lib/thumb/v7e-m+fp/hard\libc_nano.a(lib_a-mlock.o)
                0x000000000800909c                __malloc_unlock
 .text._free_r  0x00000000080090a8       0x98 c:/study/ajax systems/stm32cubeide_1.10.1/stm32cubeide/plugins/com.st.stm32cube.ide.mcu.externaltools.gnu-tools-for-stm32.10.3-2021.10.win32_1.0.0.202111181127/tools/bin/../lib/gcc/arm-none-eabi/10.3.1/../../../../arm-none-eabi/lib/thumb/v7e-m+fp/hard\libc_nano.a(lib_a-nano-freer.o)
                0x00000000080090a8                _free_r
 .text.__ssputs_r
                0x0000000008009140       0xb6 c:/study/ajax systems/stm32cubeide_1.10.1/stm32cubeide/plugins/com.st.stm32cube.ide.mcu.externaltools.gnu-tools-for-stm32.10.3-2021.10.win32_1.0.0.202111181127/tools/bin/../lib/gcc/arm-none-eabi/10.3.1/../../../../arm-none-eabi/lib/thumb/v7e-m+fp/hard\libc_nano.a(lib_a-nano-svfprintf.o)
                0x0000000008009140                __ssputs_r
 *fill*         0x00000000080091f6        0x2 
 .text._svfprintf_r
                0x00000000080091f8      0x200 c:/study/ajax systems/stm32cubeide_1.10.1/stm32cubeide/plugins/com.st.stm32cube.ide.mcu.externaltools.gnu-tools-for-stm32.10.3-2021.10.win32_1.0.0.202111181127/tools/bin/../lib/gcc/arm-none-eabi/10.3.1/../../../../arm-none-eabi/lib/thumb/v7e-m+fp/hard\libc_nano.a(lib_a-nano-svfprintf.o)
                0x00000000080091f8                _svfiprintf_r
                0x00000000080091f8                _svfprintf_r
 .text.__sfputc_r
                0x00000000080093f8       0x2e c:/study/ajax systems/stm32cubeide_1.10.1/stm32cubeide/plugins/com.st.stm32cube.ide.mcu.externaltools.gnu-tools-for-stm32.10.3-2021.10.win32_1.0.0.202111181127/tools/bin/../lib/gcc/arm-none-eabi/10.3.1/../../../../arm-none-eabi/lib/thumb/v7e-m+fp/hard\libc_nano.a(lib_a-nano-vfprintf.o)
 .text.__sfputs_r
                0x0000000008009426       0x24 c:/study/ajax systems/stm32cubeide_1.10.1/stm32cubeide/plugins/com.st.stm32cube.ide.mcu.externaltools.gnu-tools-for-stm32.10.3-2021.10.win32_1.0.0.202111181127/tools/bin/../lib/gcc/arm-none-eabi/10.3.1/../../../../arm-none-eabi/lib/thumb/v7e-m+fp/hard\libc_nano.a(lib_a-nano-vfprintf.o)
                0x0000000008009426                __sfputs_r
 *fill*         0x000000000800944a        0x2 
 .text._vfprintf_r
                0x000000000800944c      0x260 c:/study/ajax systems/stm32cubeide_1.10.1/stm32cubeide/plugins/com.st.stm32cube.ide.mcu.externaltools.gnu-tools-for-stm32.10.3-2021.10.win32_1.0.0.202111181127/tools/bin/../lib/gcc/arm-none-eabi/10.3.1/../../../../arm-none-eabi/lib/thumb/v7e-m+fp/hard\libc_nano.a(lib_a-nano-vfprintf.o)
                0x000000000800944c                _vfprintf_r
                0x000000000800944c                _vfiprintf_r
 .text._printf_common
                0x00000000080096ac       0xda c:/study/ajax systems/stm32cubeide_1.10.1/stm32cubeide/plugins/com.st.stm32cube.ide.mcu.externaltools.gnu-tools-for-stm32.10.3-2021.10.win32_1.0.0.202111181127/tools/bin/../lib/gcc/arm-none-eabi/10.3.1/../../../../arm-none-eabi/lib/thumb/v7e-m+fp/hard\libc_nano.a(lib_a-nano-vfprintf_i.o)
                0x00000000080096ac                _printf_common
 *fill*         0x0000000008009786        0x2 
 .text._printf_i
                0x0000000008009788      0x24c c:/study/ajax systems/stm32cubeide_1.10.1/stm32cubeide/plugins/com.st.stm32cube.ide.mcu.externaltools.gnu-tools-for-stm32.10.3-2021.10.win32_1.0.0.202111181127/tools/bin/../lib/gcc/arm-none-eabi/10.3.1/../../../../arm-none-eabi/lib/thumb/v7e-m+fp/hard\libc_nano.a(lib_a-nano-vfprintf_i.o)
                0x0000000008009788                _printf_i
 .text._read_r  0x00000000080099d4       0x24 c:/study/ajax systems/stm32cubeide_1.10.1/stm32cubeide/plugins/com.st.stm32cube.ide.mcu.externaltools.gnu-tools-for-stm32.10.3-2021.10.win32_1.0.0.202111181127/tools/bin/../lib/gcc/arm-none-eabi/10.3.1/../../../../arm-none-eabi/lib/thumb/v7e-m+fp/hard\libc_nano.a(lib_a-readr.o)
                0x00000000080099d4                _read_r
 .text.__swbuf_r
                0x00000000080099f8       0xa4 c:/study/ajax systems/stm32cubeide_1.10.1/stm32cubeide/plugins/com.st.stm32cube.ide.mcu.externaltools.gnu-tools-for-stm32.10.3-2021.10.win32_1.0.0.202111181127/tools/bin/../lib/gcc/arm-none-eabi/10.3.1/../../../../arm-none-eabi/lib/thumb/v7e-m+fp/hard\libc_nano.a(lib_a-wbuf.o)
                0x00000000080099f8                __swbuf_r
 .text.__swsetup_r
                0x0000000008009a9c       0xdc c:/study/ajax systems/stm32cubeide_1.10.1/stm32cubeide/plugins/com.st.stm32cube.ide.mcu.externaltools.gnu-tools-for-stm32.10.3-2021.10.win32_1.0.0.202111181127/tools/bin/../lib/gcc/arm-none-eabi/10.3.1/../../../../arm-none-eabi/lib/thumb/v7e-m+fp/hard\libc_nano.a(lib_a-wsetup.o)
                0x0000000008009a9c                __swsetup_r
 .text.__swhatbuf_r
                0x0000000008009b78       0x4a c:/study/ajax systems/stm32cubeide_1.10.1/stm32cubeide/plugins/com.st.stm32cube.ide.mcu.externaltools.gnu-tools-for-stm32.10.3-2021.10.win32_1.0.0.202111181127/tools/bin/../lib/gcc/arm-none-eabi/10.3.1/../../../../arm-none-eabi/lib/thumb/v7e-m+fp/hard\libc_nano.a(lib_a-makebuf.o)
                0x0000000008009b78                __swhatbuf_r
 *fill*         0x0000000008009bc2        0x2 
 .text.__smakebuf_r
                0x0000000008009bc4       0x80 c:/study/ajax systems/stm32cubeide_1.10.1/stm32cubeide/plugins/com.st.stm32cube.ide.mcu.externaltools.gnu-tools-for-stm32.10.3-2021.10.win32_1.0.0.202111181127/tools/bin/../lib/gcc/arm-none-eabi/10.3.1/../../../../arm-none-eabi/lib/thumb/v7e-m+fp/hard\libc_nano.a(lib_a-makebuf.o)
                0x0000000008009bc4                __smakebuf_r
 .text.memmove  0x0000000008009c44       0x34 c:/study/ajax systems/stm32cubeide_1.10.1/stm32cubeide/plugins/com.st.stm32cube.ide.mcu.externaltools.gnu-tools-for-stm32.10.3-2021.10.win32_1.0.0.202111181127/tools/bin/../lib/gcc/arm-none-eabi/10.3.1/../../../../arm-none-eabi/lib/thumb/v7e-m+fp/hard\libc_nano.a(lib_a-memmove.o)
                0x0000000008009c44                memmove
 .text._realloc_r
                0x0000000008009c78       0x5e c:/study/ajax systems/stm32cubeide_1.10.1/stm32cubeide/plugins/com.st.stm32cube.ide.mcu.externaltools.gnu-tools-for-stm32.10.3-2021.10.win32_1.0.0.202111181127/tools/bin/../lib/gcc/arm-none-eabi/10.3.1/../../../../arm-none-eabi/lib/thumb/v7e-m+fp/hard\libc_nano.a(lib_a-nano-reallocr.o)
                0x0000000008009c78                _realloc_r
 *fill*         0x0000000008009cd6        0x2 
 .text._fstat_r
                0x0000000008009cd8       0x24 c:/study/ajax systems/stm32cubeide_1.10.1/stm32cubeide/plugins/com.st.stm32cube.ide.mcu.externaltools.gnu-tools-for-stm32.10.3-2021.10.win32_1.0.0.202111181127/tools/bin/../lib/gcc/arm-none-eabi/10.3.1/../../../../arm-none-eabi/lib/thumb/v7e-m+fp/hard\libc_nano.a(lib_a-fstatr.o)
                0x0000000008009cd8                _fstat_r
 .text._isatty_r
                0x0000000008009cfc       0x20 c:/study/ajax systems/stm32cubeide_1.10.1/stm32cubeide/plugins/com.st.stm32cube.ide.mcu.externaltools.gnu-tools-for-stm32.10.3-2021.10.win32_1.0.0.202111181127/tools/bin/../lib/gcc/arm-none-eabi/10.3.1/../../../../arm-none-eabi/lib/thumb/v7e-m+fp/hard\libc_nano.a(lib_a-isattyr.o)
                0x0000000008009cfc                _isatty_r
 .text._malloc_usable_size_r
                0x0000000008009d1c       0x10 c:/study/ajax systems/stm32cubeide_1.10.1/stm32cubeide/plugins/com.st.stm32cube.ide.mcu.externaltools.gnu-tools-for-stm32.10.3-2021.10.win32_1.0.0.202111181127/tools/bin/../lib/gcc/arm-none-eabi/10.3.1/../../../../arm-none-eabi/lib/thumb/v7e-m+fp/hard\libc_nano.a(lib_a-nano-msizer.o)
                0x0000000008009d1c                _malloc_usable_size_r
 *(.glue_7)
 .glue_7        0x0000000008009d2c        0x0 linker stubs
 *(.glue_7t)
 .glue_7t       0x0000000008009d2c        0x0 linker stubs
 *(.eh_frame)
 .eh_frame      0x0000000008009d2c        0x0 c:/study/ajax systems/stm32cubeide_1.10.1/stm32cubeide/plugins/com.st.stm32cube.ide.mcu.externaltools.gnu-tools-for-stm32.10.3-2021.10.win32_1.0.0.202111181127/tools/bin/../lib/gcc/arm-none-eabi/10.3.1/thumb/v7e-m+fp/hard/crtbegin.o
 *(.init)
 .init          0x0000000008009d2c        0x4 c:/study/ajax systems/stm32cubeide_1.10.1/stm32cubeide/plugins/com.st.stm32cube.ide.mcu.externaltools.gnu-tools-for-stm32.10.3-2021.10.win32_1.0.0.202111181127/tools/bin/../lib/gcc/arm-none-eabi/10.3.1/thumb/v7e-m+fp/hard/crti.o
                0x0000000008009d2c                _init
 .init          0x0000000008009d30        0x8 c:/study/ajax systems/stm32cubeide_1.10.1/stm32cubeide/plugins/com.st.stm32cube.ide.mcu.externaltools.gnu-tools-for-stm32.10.3-2021.10.win32_1.0.0.202111181127/tools/bin/../lib/gcc/arm-none-eabi/10.3.1/thumb/v7e-m+fp/hard/crtn.o
 *(.fini)
 .fini          0x0000000008009d38        0x4 c:/study/ajax systems/stm32cubeide_1.10.1/stm32cubeide/plugins/com.st.stm32cube.ide.mcu.externaltools.gnu-tools-for-stm32.10.3-2021.10.win32_1.0.0.202111181127/tools/bin/../lib/gcc/arm-none-eabi/10.3.1/thumb/v7e-m+fp/hard/crti.o
                0x0000000008009d38                _fini
 .fini          0x0000000008009d3c        0x8 c:/study/ajax systems/stm32cubeide_1.10.1/stm32cubeide/plugins/com.st.stm32cube.ide.mcu.externaltools.gnu-tools-for-stm32.10.3-2021.10.win32_1.0.0.202111181127/tools/bin/../lib/gcc/arm-none-eabi/10.3.1/thumb/v7e-m+fp/hard/crtn.o
                0x0000000008009d44                . = ALIGN (0x4)
                0x0000000008009d44                _etext = .

.vfp11_veneer   0x0000000008009d44        0x0
 .vfp11_veneer  0x0000000008009d44        0x0 linker stubs

.v4_bx          0x0000000008009d44        0x0
 .v4_bx         0x0000000008009d44        0x0 linker stubs

.iplt           0x0000000008009d44        0x0
 .iplt          0x0000000008009d44        0x0 c:/study/ajax systems/stm32cubeide_1.10.1/stm32cubeide/plugins/com.st.stm32cube.ide.mcu.externaltools.gnu-tools-for-stm32.10.3-2021.10.win32_1.0.0.202111181127/tools/bin/../lib/gcc/arm-none-eabi/10.3.1/thumb/v7e-m+fp/hard/crtbegin.o

.rodata         0x0000000008009d44      0x278
                0x0000000008009d44                . = ALIGN (0x4)
 *(.rodata)
 .rodata        0x0000000008009d44       0xb8 ./Core/Src/main.o
 .rodata        0x0000000008009dfc        0x5 ./Middlewares/Third_Party/FreeRTOS/Source/tasks.o
 *fill*         0x0000000008009e01        0x3 
 .rodata        0x0000000008009e04        0xd ./Middlewares/Third_Party/FreeRTOS/Source/timers.o
 *(.rodata*)
 *fill*         0x0000000008009e11        0x3 
 .rodata.Rcmd   0x0000000008009e14       0x71 ./Core/Src/lcd.o
                0x0000000008009e14                Rcmd
 *fill*         0x0000000008009e85        0x3 
 .rodata.taskWIFI_attributes
                0x0000000008009e88       0x24 ./Core/Src/main.o
                0x0000000008009e88                taskWIFI_attributes
 .rodata.muxUART_LOG_attributes
                0x0000000008009eac       0x10 ./Core/Src/main.o
                0x0000000008009eac                muxUART_LOG_attributes
 .rodata.muxLCD_attributes
                0x0000000008009ebc       0x10 ./Core/Src/main.o
                0x0000000008009ebc                muxLCD_attributes
 .rodata.muxUART_WIFI_attributes
                0x0000000008009ecc       0x10 ./Core/Src/main.o
                0x0000000008009ecc                muxUART_WIFI_attributes
 .rodata.semUART_TX_WIFI_attributes
                0x0000000008009edc       0x10 ./Core/Src/main.o
                0x0000000008009edc                semUART_TX_WIFI_attributes
 .rodata.semUART_RX_WIFI_attributes
                0x0000000008009eec       0x10 ./Core/Src/main.o
                0x0000000008009eec                semUART_RX_WIFI_attributes
 .rodata.__FUNCTION__.0
                0x0000000008009efc        0x5 ./Core/Src/main.o
 *fill*         0x0000000008009f01        0x3 
 .rodata.AHBPrescTable
                0x0000000008009f04       0x10 ./Core/Src/system_stm32f4xx.o
                0x0000000008009f04                AHBPrescTable
 .rodata.APBPrescTable
                0x0000000008009f14        0x8 ./Core/Src/system_stm32f4xx.o
                0x0000000008009f14                APBPrescTable
 .rodata.flagBitshiftOffset.0
                0x0000000008009f1c        0x8 ./Drivers/STM32F4xx_HAL_Driver/Src/stm32f4xx_hal_dma.o
 .rodata.__sf_fake_stderr
                0x0000000008009f24       0x20 c:/study/ajax systems/stm32cubeide_1.10.1/stm32cubeide/plugins/com.st.stm32cube.ide.mcu.externaltools.gnu-tools-for-stm32.10.3-2021.10.win32_1.0.0.202111181127/tools/bin/../lib/gcc/arm-none-eabi/10.3.1/../../../../arm-none-eabi/lib/thumb/v7e-m+fp/hard\libc_nano.a(lib_a-findfp.o)
                0x0000000008009f24                __sf_fake_stderr
 .rodata.__sf_fake_stdin
                0x0000000008009f44       0x20 c:/study/ajax systems/stm32cubeide_1.10.1/stm32cubeide/plugins/com.st.stm32cube.ide.mcu.externaltools.gnu-tools-for-stm32.10.3-2021.10.win32_1.0.0.202111181127/tools/bin/../lib/gcc/arm-none-eabi/10.3.1/../../../../arm-none-eabi/lib/thumb/v7e-m+fp/hard\libc_nano.a(lib_a-findfp.o)
                0x0000000008009f44                __sf_fake_stdin
 .rodata.__sf_fake_stdout
                0x0000000008009f64       0x20 c:/study/ajax systems/stm32cubeide_1.10.1/stm32cubeide/plugins/com.st.stm32cube.ide.mcu.externaltools.gnu-tools-for-stm32.10.3-2021.10.win32_1.0.0.202111181127/tools/bin/../lib/gcc/arm-none-eabi/10.3.1/../../../../arm-none-eabi/lib/thumb/v7e-m+fp/hard\libc_nano.a(lib_a-findfp.o)
                0x0000000008009f64                __sf_fake_stdout
 .rodata._global_impure_ptr
                0x0000000008009f84        0x4 c:/study/ajax systems/stm32cubeide_1.10.1/stm32cubeide/plugins/com.st.stm32cube.ide.mcu.externaltools.gnu-tools-for-stm32.10.3-2021.10.win32_1.0.0.202111181127/tools/bin/../lib/gcc/arm-none-eabi/10.3.1/../../../../arm-none-eabi/lib/thumb/v7e-m+fp/hard\libc_nano.a(lib_a-impure.o)
                0x0000000008009f84                _global_impure_ptr
 .rodata._svfprintf_r.str1.1
                0x0000000008009f88       0x11 c:/study/ajax systems/stm32cubeide_1.10.1/stm32cubeide/plugins/com.st.stm32cube.ide.mcu.externaltools.gnu-tools-for-stm32.10.3-2021.10.win32_1.0.0.202111181127/tools/bin/../lib/gcc/arm-none-eabi/10.3.1/../../../../arm-none-eabi/lib/thumb/v7e-m+fp/hard\libc_nano.a(lib_a-nano-svfprintf.o)
 .rodata._vfprintf_r.str1.1
                0x0000000008009f99       0x11 c:/study/ajax systems/stm32cubeide_1.10.1/stm32cubeide/plugins/com.st.stm32cube.ide.mcu.externaltools.gnu-tools-for-stm32.10.3-2021.10.win32_1.0.0.202111181127/tools/bin/../lib/gcc/arm-none-eabi/10.3.1/../../../../arm-none-eabi/lib/thumb/v7e-m+fp/hard\libc_nano.a(lib_a-nano-vfprintf.o)
 .rodata._printf_i.str1.1
                0x0000000008009f99       0x22 c:/study/ajax systems/stm32cubeide_1.10.1/stm32cubeide/plugins/com.st.stm32cube.ide.mcu.externaltools.gnu-tools-for-stm32.10.3-2021.10.win32_1.0.0.202111181127/tools/bin/../lib/gcc/arm-none-eabi/10.3.1/../../../../arm-none-eabi/lib/thumb/v7e-m+fp/hard\libc_nano.a(lib_a-nano-vfprintf_i.o)
                0x0000000008009fbc                . = ALIGN (0x4)
 *fill*         0x0000000008009fbb        0x1 

.ARM.extab      0x0000000008009fbc        0x0
                0x0000000008009fbc                . = ALIGN (0x4)
 *(.ARM.extab* .gnu.linkonce.armextab.*)
                0x0000000008009fbc                . = ALIGN (0x4)

.ARM            0x0000000008009fbc        0x8
                0x0000000008009fbc                . = ALIGN (0x4)
                0x0000000008009fbc                __exidx_start = .
 *(.ARM.exidx*)
 .ARM.exidx     0x0000000008009fbc        0x8 c:/study/ajax systems/stm32cubeide_1.10.1/stm32cubeide/plugins/com.st.stm32cube.ide.mcu.externaltools.gnu-tools-for-stm32.10.3-2021.10.win32_1.0.0.202111181127/tools/bin/../lib/gcc/arm-none-eabi/10.3.1/thumb/v7e-m+fp/hard\libgcc.a(_udivmoddi4.o)
                0x0000000008009fc4                __exidx_end = .
                0x0000000008009fc4                . = ALIGN (0x4)

.rel.dyn        0x0000000008009fc4        0x0
 .rel.iplt      0x0000000008009fc4        0x0 c:/study/ajax systems/stm32cubeide_1.10.1/stm32cubeide/plugins/com.st.stm32cube.ide.mcu.externaltools.gnu-tools-for-stm32.10.3-2021.10.win32_1.0.0.202111181127/tools/bin/../lib/gcc/arm-none-eabi/10.3.1/thumb/v7e-m+fp/hard/crtbegin.o

.preinit_array  0x0000000008009fc4        0x0
                0x0000000008009fc4                . = ALIGN (0x4)
                0x0000000008009fc4                PROVIDE (__preinit_array_start = .)
 *(.preinit_array*)
                0x0000000008009fc4                PROVIDE (__preinit_array_end = .)
                0x0000000008009fc4                . = ALIGN (0x4)

.init_array     0x0000000008009fc4        0x4
                0x0000000008009fc4                . = ALIGN (0x4)
                0x0000000008009fc4                PROVIDE (__init_array_start = .)
 *(SORT_BY_NAME(.init_array.*))
 *(.init_array*)
 .init_array    0x0000000008009fc4        0x4 c:/study/ajax systems/stm32cubeide_1.10.1/stm32cubeide/plugins/com.st.stm32cube.ide.mcu.externaltools.gnu-tools-for-stm32.10.3-2021.10.win32_1.0.0.202111181127/tools/bin/../lib/gcc/arm-none-eabi/10.3.1/thumb/v7e-m+fp/hard/crtbegin.o
                0x0000000008009fc8                PROVIDE (__init_array_end = .)
                0x0000000008009fc8                . = ALIGN (0x4)

.fini_array     0x0000000008009fc8        0x4
                0x0000000008009fc8                . = ALIGN (0x4)
                [!provide]                        PROVIDE (__fini_array_start = .)
 *(SORT_BY_NAME(.fini_array.*))
 *(.fini_array*)
 .fini_array    0x0000000008009fc8        0x4 c:/study/ajax systems/stm32cubeide_1.10.1/stm32cubeide/plugins/com.st.stm32cube.ide.mcu.externaltools.gnu-tools-for-stm32.10.3-2021.10.win32_1.0.0.202111181127/tools/bin/../lib/gcc/arm-none-eabi/10.3.1/thumb/v7e-m+fp/hard/crtbegin.o
                [!provide]                        PROVIDE (__fini_array_end = .)
                0x0000000008009fcc                . = ALIGN (0x4)
                0x0000000008009fcc                _sidata = LOADADDR (.data)

.data           0x0000000020000000       0x7c load address 0x0000000008009fcc
                0x0000000020000000                . = ALIGN (0x4)
                0x0000000020000000                _sdata = .
 *(.data)
 *(.data*)
 .data.rx_head  0x0000000020000000        0x4 ./Core/Src/main.o
 .data.rx_tail  0x0000000020000004        0x4 ./Core/Src/main.o
 .data.SystemCoreClock
                0x0000000020000008        0x4 ./Core/Src/system_stm32f4xx.o
                0x0000000020000008                SystemCoreClock
 .data.uwTickPrio
                0x000000002000000c        0x4 ./Drivers/STM32F4xx_HAL_Driver/Src/stm32f4xx_hal.o
                0x000000002000000c                uwTickPrio
 .data.uwTickFreq
                0x0000000020000010        0x1 ./Drivers/STM32F4xx_HAL_Driver/Src/stm32f4xx_hal.o
                0x0000000020000010                uwTickFreq
 *fill*         0x0000000020000011        0x3 
 .data.uxCriticalNesting
                0x0000000020000014        0x4 ./Middlewares/Third_Party/FreeRTOS/Source/portable/GCC/ARM_CM4F/port.o
 .data._impure_ptr
                0x0000000020000018        0x4 c:/study/ajax systems/stm32cubeide_1.10.1/stm32cubeide/plugins/com.st.stm32cube.ide.mcu.externaltools.gnu-tools-for-stm32.10.3-2021.10.win32_1.0.0.202111181127/tools/bin/../lib/gcc/arm-none-eabi/10.3.1/../../../../arm-none-eabi/lib/thumb/v7e-m+fp/hard\libc_nano.a(lib_a-impure.o)
                0x0000000020000018                _impure_ptr
 .data.impure_data
                0x000000002000001c       0x60 c:/study/ajax systems/stm32cubeide_1.10.1/stm32cubeide/plugins/com.st.stm32cube.ide.mcu.externaltools.gnu-tools-for-stm32.10.3-2021.10.win32_1.0.0.202111181127/tools/bin/../lib/gcc/arm-none-eabi/10.3.1/../../../../arm-none-eabi/lib/thumb/v7e-m+fp/hard\libc_nano.a(lib_a-impure.o)
 *(.RamFunc)
 *(.RamFunc*)
                0x000000002000007c                . = ALIGN (0x4)
                0x000000002000007c                _edata = .

.igot.plt       0x000000002000007c        0x0 load address 0x000000000800a048
 .igot.plt      0x000000002000007c        0x0 c:/study/ajax systems/stm32cubeide_1.10.1/stm32cubeide/plugins/com.st.stm32cube.ide.mcu.externaltools.gnu-tools-for-stm32.10.3-2021.10.win32_1.0.0.202111181127/tools/bin/../lib/gcc/arm-none-eabi/10.3.1/thumb/v7e-m+fp/hard/crtbegin.o
                0x000000002000007c                . = ALIGN (0x4)

.bss            0x000000002000007c     0x4d70 load address 0x000000000800a048
                0x000000002000007c                _sbss = .
                0x000000002000007c                __bss_start__ = _sbss
 *(.bss)
 .bss           0x000000002000007c       0x1c c:/study/ajax systems/stm32cubeide_1.10.1/stm32cubeide/plugins/com.st.stm32cube.ide.mcu.externaltools.gnu-tools-for-stm32.10.3-2021.10.win32_1.0.0.202111181127/tools/bin/../lib/gcc/arm-none-eabi/10.3.1/thumb/v7e-m+fp/hard/crtbegin.o
 *(.bss*)
 .bss.rotation  0x0000000020000098        0x1 ./Core/Src/lcd.o
 *fill*         0x0000000020000099        0x1 
 .bss._xstart   0x000000002000009a        0x2 ./Core/Src/lcd.o
 .bss._ystart   0x000000002000009c        0x2 ./Core/Src/lcd.o
 .bss._width    0x000000002000009e        0x2 ./Core/Src/lcd.o
 .bss._height   0x00000000200000a0        0x2 ./Core/Src/lcd.o
 .bss._colstart
                0x00000000200000a2        0x1 ./Core/Src/lcd.o
 .bss._rowstart
                0x00000000200000a3        0x1 ./Core/Src/lcd.o
 .bss.hi2c1     0x00000000200000a4       0x54 ./Core/Src/main.o
                0x00000000200000a4                hi2c1
 .bss.hspi1     0x00000000200000f8       0x58 ./Core/Src/main.o
                0x00000000200000f8                hspi1
 .bss.htim9     0x0000000020000150       0x48 ./Core/Src/main.o
                0x0000000020000150                htim9
 .bss.huart1    0x0000000020000198       0x44 ./Core/Src/main.o
                0x0000000020000198                huart1
 .bss.huart6    0x00000000200001dc       0x44 ./Core/Src/main.o
                0x00000000200001dc                huart6
 .bss.hdma_usart1_rx
                0x0000000020000220       0x60 ./Core/Src/main.o
                0x0000000020000220                hdma_usart1_rx
 .bss.taskWIFIHandle
                0x0000000020000280        0x4 ./Core/Src/main.o
                0x0000000020000280                taskWIFIHandle
 .bss.muxUART_LOGHandle
                0x0000000020000284        0x4 ./Core/Src/main.o
                0x0000000020000284                muxUART_LOGHandle
 .bss.muxLCDHandle
                0x0000000020000288        0x4 ./Core/Src/main.o
                0x0000000020000288                muxLCDHandle
 .bss.muxUART_WIFIHandle
                0x000000002000028c        0x4 ./Core/Src/main.o
                0x000000002000028c                muxUART_WIFIHandle
 .bss.semUART_TX_WIFIHandle
                0x0000000020000290        0x4 ./Core/Src/main.o
                0x0000000020000290                semUART_TX_WIFIHandle
 .bss.semUART_RX_WIFIHandle
                0x0000000020000294        0x4 ./Core/Src/main.o
                0x0000000020000294                semUART_RX_WIFIHandle
 .bss.rx_buffer
                0x0000000020000298       0xc8 ./Core/Src/main.o
 .bss.text      0x0000000020000360       0x64 ./Core/Src/main.o
                0x0000000020000360                text
 .bss.__sbrk_heap_end
                0x00000000200003c4        0x4 ./Core/Src/sysmem.o
 .bss.uwTick    0x00000000200003c8        0x4 ./Drivers/STM32F4xx_HAL_Driver/Src/stm32f4xx_hal.o
                0x00000000200003c8                uwTick
 .bss.KernelState
                0x00000000200003cc        0x4 ./Middlewares/Third_Party/FreeRTOS/Source/CMSIS_RTOS_V2/cmsis_os2.o
 .bss.Idle_TCB.3
                0x00000000200003d0       0xbc ./Middlewares/Third_Party/FreeRTOS/Source/CMSIS_RTOS_V2/cmsis_os2.o
 .bss.Idle_Stack.2
                0x000000002000048c      0x200 ./Middlewares/Third_Party/FreeRTOS/Source/CMSIS_RTOS_V2/cmsis_os2.o
 .bss.Timer_TCB.1
                0x000000002000068c       0xbc ./Middlewares/Third_Party/FreeRTOS/Source/CMSIS_RTOS_V2/cmsis_os2.o
 .bss.Timer_Stack.0
                0x0000000020000748      0x400 ./Middlewares/Third_Party/FreeRTOS/Source/CMSIS_RTOS_V2/cmsis_os2.o
 .bss.xQueueRegistry
                0x0000000020000b48       0x40 ./Middlewares/Third_Party/FreeRTOS/Source/queue.o
                0x0000000020000b48                xQueueRegistry
 .bss.pxCurrentTCB
                0x0000000020000b88        0x4 ./Middlewares/Third_Party/FreeRTOS/Source/tasks.o
                0x0000000020000b88                pxCurrentTCB
 .bss.pxReadyTasksLists
                0x0000000020000b8c      0x460 ./Middlewares/Third_Party/FreeRTOS/Source/tasks.o
 .bss.xDelayedTaskList1
                0x0000000020000fec       0x14 ./Middlewares/Third_Party/FreeRTOS/Source/tasks.o
 .bss.xDelayedTaskList2
                0x0000000020001000       0x14 ./Middlewares/Third_Party/FreeRTOS/Source/tasks.o
 .bss.pxDelayedTaskList
                0x0000000020001014        0x4 ./Middlewares/Third_Party/FreeRTOS/Source/tasks.o
 .bss.pxOverflowDelayedTaskList
                0x0000000020001018        0x4 ./Middlewares/Third_Party/FreeRTOS/Source/tasks.o
 .bss.xPendingReadyList
                0x000000002000101c       0x14 ./Middlewares/Third_Party/FreeRTOS/Source/tasks.o
 .bss.xTasksWaitingTermination
                0x0000000020001030       0x14 ./Middlewares/Third_Party/FreeRTOS/Source/tasks.o
 .bss.uxDeletedTasksWaitingCleanUp
                0x0000000020001044        0x4 ./Middlewares/Third_Party/FreeRTOS/Source/tasks.o
 .bss.xSuspendedTaskList
                0x0000000020001048       0x14 ./Middlewares/Third_Party/FreeRTOS/Source/tasks.o
 .bss.uxCurrentNumberOfTasks
                0x000000002000105c        0x4 ./Middlewares/Third_Party/FreeRTOS/Source/tasks.o
 .bss.xTickCount
                0x0000000020001060        0x4 ./Middlewares/Third_Party/FreeRTOS/Source/tasks.o
 .bss.uxTopReadyPriority
                0x0000000020001064        0x4 ./Middlewares/Third_Party/FreeRTOS/Source/tasks.o
 .bss.xSchedulerRunning
                0x0000000020001068        0x4 ./Middlewares/Third_Party/FreeRTOS/Source/tasks.o
 .bss.xPendedTicks
                0x000000002000106c        0x4 ./Middlewares/Third_Party/FreeRTOS/Source/tasks.o
 .bss.xYieldPending
                0x0000000020001070        0x4 ./Middlewares/Third_Party/FreeRTOS/Source/tasks.o
 .bss.xNumOfOverflows
                0x0000000020001074        0x4 ./Middlewares/Third_Party/FreeRTOS/Source/tasks.o
 .bss.uxTaskNumber
                0x0000000020001078        0x4 ./Middlewares/Third_Party/FreeRTOS/Source/tasks.o
 .bss.xNextTaskUnblockTime
                0x000000002000107c        0x4 ./Middlewares/Third_Party/FreeRTOS/Source/tasks.o
 .bss.xIdleTaskHandle
                0x0000000020001080        0x4 ./Middlewares/Third_Party/FreeRTOS/Source/tasks.o
 .bss.uxSchedulerSuspended
                0x0000000020001084        0x4 ./Middlewares/Third_Party/FreeRTOS/Source/tasks.o
 .bss.xActiveTimerList1
                0x0000000020001088       0x14 ./Middlewares/Third_Party/FreeRTOS/Source/timers.o
 .bss.xActiveTimerList2
                0x000000002000109c       0x14 ./Middlewares/Third_Party/FreeRTOS/Source/timers.o
 .bss.pxCurrentTimerList
                0x00000000200010b0        0x4 ./Middlewares/Third_Party/FreeRTOS/Source/timers.o
 .bss.pxOverflowTimerList
                0x00000000200010b4        0x4 ./Middlewares/Third_Party/FreeRTOS/Source/timers.o
 .bss.xTimerQueue
                0x00000000200010b8        0x4 ./Middlewares/Third_Party/FreeRTOS/Source/timers.o
 .bss.xTimerTaskHandle
                0x00000000200010bc        0x4 ./Middlewares/Third_Party/FreeRTOS/Source/timers.o
 .bss.xLastTime.2
                0x00000000200010c0        0x4 ./Middlewares/Third_Party/FreeRTOS/Source/timers.o
 .bss.ucStaticTimerQueueStorage.1
                0x00000000200010c4       0xa0 ./Middlewares/Third_Party/FreeRTOS/Source/timers.o
 .bss.xStaticTimerQueue.0
                0x0000000020001164       0x50 ./Middlewares/Third_Party/FreeRTOS/Source/timers.o
 .bss.ucMaxSysCallPriority
                0x00000000200011b4        0x1 ./Middlewares/Third_Party/FreeRTOS/Source/portable/GCC/ARM_CM4F/port.o
 *fill*         0x00000000200011b5        0x3 
 .bss.ulMaxPRIGROUPValue
                0x00000000200011b8        0x4 ./Middlewares/Third_Party/FreeRTOS/Source/portable/GCC/ARM_CM4F/port.o
 .bss.ucHeap    0x00000000200011bc     0x3c00 ./Middlewares/Third_Party/FreeRTOS/Source/portable/MemMang/heap_4.o
 .bss.xStart    0x0000000020004dbc        0x8 ./Middlewares/Third_Party/FreeRTOS/Source/portable/MemMang/heap_4.o