Archive member included to satisfy reference by file (symbol)

c:/study/ajax systems/stm32cubeide_1.10.1/stm32cubeide/plugins/com.st.stm32cube.ide.mcu.externaltools.gnu-tools-for-stm32.10.3-2021.10.win32_1.0.0.202111181127/tools/bin/../lib/gcc/arm-none-eabi/10.3.1/../../../../arm-none-eabi/lib/thumb/v7e-m+fp/hard\libc_nano.a(lib_a-errno.o)
                              ./Core/Src/syscalls.o (__errno)
c:/study/ajax systems/stm32cubeide_1.10.1/stm32cubeide/plugins/com.st.stm32cube.ide.mcu.externaltools.gnu-tools-for-stm32.10.3-2021.10.win32_1.0.0.202111181127/tools/bin/../lib/gcc/arm-none-eabi/10.3.1/../../../../arm-none-eabi/lib/thumb/v7e-m+fp/hard\libc_nano.a(lib_a-exit.o)
                              c:/study/ajax systems/stm32cubeide_1.10.1/stm32cubeide/plugins/com.st.stm32cube.ide.mcu.externaltools.gnu-tools-for-stm32.10.3-2021.10.win32_1.0.0.202111181127/tools/bin/../lib/gcc/arm-none-eabi/10.3.1/../../../../arm-none-eabi/lib/thumb/v7e-m+fp/hard/crt0.o (exit)
c:/study/ajax systems/stm32cubeide_1.10.1/stm32cubeide/plugins/com.st.stm32cube.ide.mcu.externaltools.gnu-tools-for-stm32.10.3-2021.10.win32_1.0.0.202111181127/tools/bin/../lib/gcc/arm-none-eabi/10.3.1/../../../../arm-none-eabi/lib/thumb/v7e-m+fp/hard\libc_nano.a(lib_a-findfp.o)
                              ./Middlewares/Third_Party/FreeRTOS/Source/tasks.o (__sf_fake_stderr)
c:/study/ajax systems/stm32cubeide_1.10.1/stm32cubeide/plugins/com.st.stm32cube.ide.mcu.externaltools.gnu-tools-for-stm32.10.3-2021.10.win32_1.0.0.202111181127/tools/bin/../lib/gcc/arm-none-eabi/10.3.1/../../../../arm-none-eabi/lib/thumb/v7e-m+fp/hard\libc_nano.a(lib_a-fwalk.o)
                              c:/study/ajax systems/stm32cubeide_1.10.1/stm32cubeide/plugins/com.st.stm32cube.ide.mcu.externaltools.gnu-tools-for-stm32.10.3-2021.10.win32_1.0.0.202111181127/tools/bin/../lib/gcc/arm-none-eabi/10.3.1/../../../../arm-none-eabi/lib/thumb/v7e-m+fp/hard\libc_nano.a(lib_a-findfp.o) (_fwalk)
c:/study/ajax systems/stm32cubeide_1.10.1/stm32cubeide/plugins/com.st.stm32cube.ide.mcu.externaltools.gnu-tools-for-stm32.10.3-2021.10.win32_1.0.0.202111181127/tools/bin/../lib/gcc/arm-none-eabi/10.3.1/../../../../arm-none-eabi/lib/thumb/v7e-m+fp/hard\libc_nano.a(lib_a-impure.o)
                              c:/study/ajax systems/stm32cubeide_1.10.1/stm32cubeide/plugins/com.st.stm32cube.ide.mcu.externaltools.gnu-tools-for-stm32.10.3-2021.10.win32_1.0.0.202111181127/tools/bin/../lib/gcc/arm-none-eabi/10.3.1/../../../../arm-none-eabi/lib/thumb/v7e-m+fp/hard\libc_nano.a(lib_a-exit.o) (_global_impure_ptr)
c:/study/ajax systems/stm32cubeide_1.10.1/stm32cubeide/plugins/com.st.stm32cube.ide.mcu.externaltools.gnu-tools-for-stm32.10.3-2021.10.win32_1.0.0.202111181127/tools/bin/../lib/gcc/arm-none-eabi/10.3.1/../../../../arm-none-eabi/lib/thumb/v7e-m+fp/hard\libc_nano.a(lib_a-init.o)
                              c:/study/ajax systems/stm32cubeide_1.10.1/stm32cubeide/plugins/com.st.stm32cube.ide.mcu.externaltools.gnu-tools-for-stm32.10.3-2021.10.win32_1.0.0.202111181127/tools/bin/../lib/gcc/arm-none-eabi/10.3.1/../../../../arm-none-eabi/lib/thumb/v7e-m+fp/hard/crt0.o (__libc_init_array)
c:/study/ajax systems/stm32cubeide_1.10.1/stm32cubeide/plugins/com.st.stm32cube.ide.mcu.externaltools.gnu-tools-for-stm32.10.3-2021.10.win32_1.0.0.202111181127/tools/bin/../lib/gcc/arm-none-eabi/10.3.1/../../../../arm-none-eabi/lib/thumb/v7e-m+fp/hard\libc_nano.a(lib_a-lock.o)
                              c:/study/ajax systems/stm32cubeide_1.10.1/stm32cubeide/plugins/com.st.stm32cube.ide.mcu.externaltools.gnu-tools-for-stm32.10.3-2021.10.win32_1.0.0.202111181127/tools/bin/../lib/gcc/arm-none-eabi/10.3.1/../../../../arm-none-eabi/lib/thumb/v7e-m+fp/hard\libc_nano.a(lib_a-findfp.o) (__retarget_lock_init_recursive)
c:/study/ajax systems/stm32cubeide_1.10.1/stm32cubeide/plugins/com.st.stm32cube.ide.mcu.externaltools.gnu-tools-for-stm32.10.3-2021.10.win32_1.0.0.202111181127/tools/bin/../lib/gcc/arm-none-eabi/10.3.1/../../../../arm-none-eabi/lib/thumb/v7e-m+fp/hard\libc_nano.a(lib_a-memcpy-stub.o)
                              ./Middlewares/Third_Party/FreeRTOS/Source/CMSIS_RTOS_V2/cmsis_os2.o (memcpy)
c:/study/ajax systems/stm32cubeide_1.10.1/stm32cubeide/plugins/com.st.stm32cube.ide.mcu.externaltools.gnu-tools-for-stm32.10.3-2021.10.win32_1.0.0.202111181127/tools/bin/../lib/gcc/arm-none-eabi/10.3.1/../../../../arm-none-eabi/lib/thumb/v7e-m+fp/hard\libc_nano.a(lib_a-memset.o)
                              c:/study/ajax systems/stm32cubeide_1.10.1/stm32cubeide/plugins/com.st.stm32cube.ide.mcu.externaltools.gnu-tools-for-stm32.10.3-2021.10.win32_1.0.0.202111181127/tools/bin/../lib/gcc/arm-none-eabi/10.3.1/../../../../arm-none-eabi/lib/thumb/v7e-m+fp/hard/crt0.o (memset)
[...]
Memory Configuration

Name             Origin             Length             Attributes
RAM              0x0000000020000000 0x0000000000010000 xrw
FLASH            0x0000000008000000 0x0000000000040000 xr
*default*        0x0000000000000000 0xffffffffffffffff

Linker script and memory map

LOAD c:/study/ajax systems/stm32cubeide_1.10.1/stm32cubeide/plugins/com.st.stm32cube.ide.mcu.externaltools.gnu-tools-for-stm32.10.3-2021.10.win32_1.0.0.202111181127/tools/bin/../lib/gcc/arm-none-eabi/10.3.1/thumb/v7e-m+fp/hard/crti.o
LOAD c:/study/ajax systems/stm32cubeide_1.10.1/stm32cubeide/plugins/com.st.stm32cube.ide.mcu.externaltools.gnu-tools-for-stm32.10.3-2021.10.win32_1.0.0.202111181127/tools/bin/../lib/gcc/arm-none-eabi/10.3.1/thumb/v7e-m+fp/hard/crtbegin.o
LOAD c:/study/ajax systems/stm32cubeide_1.10.1/stm32cubeide/plugins/com.st.stm32cube.ide.mcu.externaltools.gnu-tools-for-stm32.10.3-2021.10.win32_1.0.0.202111181127/tools/bin/../lib/gcc/arm-none-eabi/10.3.1/../../../../arm-none-eabi/lib/thumb/v7e-m+fp/hard/crt0.o
LOAD ./Core/Src/baro.o
LOAD ./Core/Src/font.o
LOAD ./Core/Src/freertos.o
LOAD ./Core/Src/lcd.o
LOAD ./Core/Src/main.o
LOAD ./Core/Src/stm32f4xx_hal_msp.o
LOAD ./Core/Src/stm32f4xx_it.o
LOAD ./Core/Src/syscalls.o
LOAD ./Core/Src/sysmem.o
LOAD ./Core/Src/system_stm32f4xx.o
LOAD ./Core/Startup/startup_stm32f401ccux.o
LOAD ./Drivers/STM32F4xx_HAL_Driver/Src/stm32f4xx_hal.o
LOAD ./Drivers/STM32F4xx_HAL_Driver/Src/stm32f4xx_hal_cortex.o
LOAD ./Drivers/STM32F4xx_HAL_Driver/Src/stm32f4xx_hal_dma.o
LOAD ./Drivers/STM32F4xx_HAL_Driver/Src/stm32f4xx_hal_dma_ex.o
LOAD ./Drivers/STM32F4xx_HAL_Driver/Src/stm32f4xx_hal_exti.o
LOAD ./Drivers/STM32F4xx_HAL_Driver/Src/stm32f4xx_hal_flash.o
LOAD ./Drivers/STM32F4xx_HAL_Driver/Src/stm32f4xx_hal_flash_ex.o
LOAD ./Drivers/STM32F4xx_HAL_Driver/Src/stm32f4xx_hal_flash_ramfunc.o
LOAD ./Drivers/STM32F4xx_HAL_Driver/Src/stm32f4xx_hal_gpio.o
LOAD ./Drivers/STM32F4xx_HAL_Driver/Src/stm32f4xx_hal_i2c.o
LOAD ./Drivers/STM32F4xx_HAL_Driver/Src/stm32f4xx_hal_i2c_ex.o
LOAD ./Drivers/STM32F4xx_HAL_Driver/Src/stm32f4xx_hal_pwr.o
LOAD ./Drivers/STM32F4xx_HAL_Driver/Src/stm32f4xx_hal_pwr_ex.o
LOAD ./Drivers/STM32F4xx_HAL_Driver/Src/stm32f4xx_hal_rcc.o
LOAD ./Drivers/STM32F4xx_HAL_Driver/Src/stm32f4xx_hal_rcc_ex.o
LOAD ./Drivers/STM32F4xx_HAL_Driver/Src/stm32f4xx_hal_spi.o
LOAD ./Drivers/STM32F4xx_HAL_Driver/Src/stm32f4xx_hal_tim.o
LOAD ./Drivers/STM32F4xx_HAL_Driver/Src/stm32f4xx_hal_tim_ex.o
LOAD ./Drivers/STM32F4xx_HAL_Driver/Src/stm32f4xx_hal_uart.o
LOAD ./Middlewares/Third_Party/FreeRTOS/Source/CMSIS_RTOS_V2/cmsis_os2.o
LOAD ./Middlewares/Third_Party/FreeRTOS/Source/croutine.o
LOAD ./Middlewares/Third_Party/FreeRTOS/Source/event_groups.o
LOAD ./Middlewares/Third_Party/FreeRTOS/Source/list.o
LOAD ./Middlewares/Third_Party/FreeRTOS/Source/queue.o
LOAD ./Middlewares/Third_Party/FreeRTOS/Source/stream_buffer.o
LOAD ./Middlewares/Third_Party/FreeRTOS/Source/tasks.o
LOAD ./Middlewares/Third_Party/FreeRTOS/Source/timers.o
LOAD ./Middlewares/Third_Party/FreeRTOS/Source/portable/GCC/ARM_CM4F/port.o
LOAD ./Middlewares/Third_Party/FreeRTOS/Source/portable/MemMang/heap_4.o
START GROUP
LOAD c:/study/ajax systems/stm32cubeide_1.10.1/stm32cubeide/plugins/com.st.stm32cube.ide.mcu.externaltools.gnu-tools-for-stm32.10.3-2021.10.win32_1.0.0.202111181127/tools/bin/../lib/gcc/arm-none-eabi/10.3.1/../../../../arm-none-eabi/lib/thumb/v7e-m+fp/hard\libc_nano.a
LOAD c:/study/ajax systems/stm32cubeide_1.10.1/stm32cubeide/plugins/com.st.stm32cube.ide.mcu.externaltools.gnu-tools-for-stm32.10.3-2021.10.win32_1.0.0.202111181127/tools/bin/../lib/gcc/arm-none-eabi/10.3.1/../../../../arm-none-eabi/lib/thumb/v7e-m+fp/hard\libm.a
END GROUP
START GROUP
LOAD c:/study/ajax systems/stm32cubeide_1.10.1/stm32cubeide/plugins/com.st.stm32cube.ide.mcu.externaltools.gnu-tools-for-stm32.10.3-2021.10.win32_1.0.0.202111181127/tools/bin/../lib/gcc/arm-none-eabi/10.3.1/thumb/v7e-m+fp/hard\libgcc.a
LOAD c:/study/ajax systems/stm32cubeide_1.10.1/stm32cubeide/plugins/com.st.stm32cube.ide.mcu.externaltools.gnu-tools-for-stm32.10.3-2021.10.win32_1.0.0.202111181127/tools/bin/../lib/gcc/arm-none-eabi/10.3.1/../../../../arm-none-eabi/lib/thumb/v7e-m+fp/hard\libc_nano.a
END GROUP
START GROUP
LOAD c:/study/ajax systems/stm32cubeide_1.10.1/stm32cubeide/plugins/com.st.stm32cube.ide.mcu.externaltools.gnu-tools-for-stm32.10.3-2021.10.win32_1.0.0.202111181127/tools/bin/../lib/gcc/arm-none-eabi/10.3.1/thumb/v7e-m+fp/hard\libgcc.a
LOAD c:/study/ajax systems/stm32cubeide_1.10.1/stm32cubeide/plugins/com.st.stm32cube.ide.mcu.externaltools.gnu-tools-for-stm32.10.3-2021.10.win32_1.0.0.202111181127/tools/bin/../lib/gcc/arm-none-eabi/10.3.1/../../../../arm-none-eabi/lib/thumb/v7e-m+fp/hard\libc_nano.a
LOAD c:/study/ajax systems/stm32cubeide_1.10.1/stm32cubeide/plugins/com.st.stm32cube.ide.mcu.externaltools.gnu-tools-for-stm32.10.3-2021.10.win32_1.0.0.202111181127/tools/bin/../lib/gcc/arm-none-eabi/10.3.1/../../../../arm-none-eabi/lib/thumb/v7e-m+fp/hard\libnosys.a
END GROUP
START GROUP
LOAD c:/study/ajax systems/stm32cubeide_1.10.1/stm32cubeide/plugins/com.st.stm32cube.ide.mcu.externaltools.gnu-tools-for-stm32.10.3-2021.10.win32_1.0.0.202111181127/tools/bin/../lib/gcc/arm-none-eabi/10.3.1/thumb/v7e-m+fp/hard\libgcc.a
LOAD c:/study/ajax systems/stm32cubeide_1.10.1/stm32cubeide/plugins/com.st.stm32cube.ide.mcu.externaltools.gnu-tools-for-stm32.10.3-2021.10.win32_1.0.0.202111181127/tools/bin/../lib/gcc/arm-none-eabi/10.3.1/../../../../arm-none-eabi/lib/thumb/v7e-m+fp/hard\libc_nano.a
LOAD c:/study/ajax systems/stm32cubeide_1.10.1/stm32cubeide/plugins/com.st.stm32cube.ide.mcu.externaltools.gnu-tools-for-stm32.10.3-2021.10.win32_1.0.0.202111181127/tools/bin/../lib/gcc/arm-none-eabi/10.3.1/../../../../arm-none-eabi/lib/thumb/v7e-m+fp/hard\libnosys.a
END GROUP
LOAD c:/study/ajax systems/stm32cubeide_1.10.1/stm32cubeide/plugins/com.st.stm32cube.ide.mcu.externaltools.gnu-tools-for-stm32.10.3-2021.10.win32_1.0.0.202111181127/tools/bin/../lib/gcc/arm-none-eabi/10.3.1/thumb/v7e-m+fp/hard/crtend.o
LOAD c:/study/ajax systems/stm32cubeide_1.10.1/stm32cubeide/plugins/com.st.stm32cube.ide.mcu.externaltools.gnu-tools-for-stm32.10.3-2021.10.win32_1.0.0.202111181127/tools/bin/../lib/gcc/arm-none-eabi/10.3.1/thumb/v7e-m+fp/hard/crtn.o
                0x0000000020010000                _estack = (ORIGIN (RAM) + LENGTH (RAM))
                0x0000000000000200                _Min_Heap_Size = 0x200
                0x0000000000000400                _Min_Stack_Size = 0x400

.isr_vector     0x0000000008000000      0x194
                0x0000000008000000                . = ALIGN (0x4)
 *(.isr_vector)
 .isr_vector    0x0000000008000000      0x194 ./Core/Startup/startup_stm32f401ccux.o
                0x0000000008000000                g_pfnVectors
                0x0000000008000194                . = ALIGN (0x4)

.text           0x00000000080001a0     0x7e24
                0x00000000080001a0                . = ALIGN (0x4)
 *(.text)
 .text          0x00000000080001a0       0x40 c:/study/ajax systems/stm32cubeide_1.10.1/stm32cubeide/plugins/com.st.stm32cube.ide.mcu.externaltools.gnu-tools-for-stm32.10.3-2021.10.win32_1.0.0.202111181127/tools/bin/../lib/gcc/arm-none-eabi/10.3.1/thumb/v7e-m+fp/hard/crtbegin.o
 .text          0x00000000080001e0       0xa0 c:/study/ajax systems/stm32cubeide_1.10.1/stm32cubeide/plugins/com.st.stm32cube.ide.mcu.externaltools.gnu-tools-for-stm32.10.3-2021.10.win32_1.0.0.202111181127/tools/bin/../lib/gcc/arm-none-eabi/10.3.1/../../../../arm-none-eabi/lib/thumb/v7e-m+fp/hard\libc_nano.a(lib_a-memchr.o)
                0x00000000080001e0                memchr
 .text          0x0000000008000280       0x30 c:/study/ajax systems/stm32cubeide_1.10.1/stm32cubeide/plugins/com.st.stm32cube.ide.mcu.externaltools.gnu-tools-for-stm32.10.3-2021.10.win32_1.0.0.202111181127/tools/bin/../lib/gcc/arm-none-eabi/10.3.1/thumb/v7e-m+fp/hard\libgcc.a(_aeabi_uldivmod.o)
                0x0000000008000280                __aeabi_uldivmod
 .text          0x00000000080002b0      0x2d0 c:/study/ajax systems/stm32cubeide_1.10.1/stm32cubeide/plugins/com.st.stm32cube.ide.mcu.externaltools.gnu-tools-for-stm32.10.3-2021.10.win32_1.0.0.202111181127/tools/bin/../lib/gcc/arm-none-eabi/10.3.1/thumb/v7e-m+fp/hard\libgcc.a(_udivmoddi4.o)
                0x00000000080002b0                __udivmoddi4
 .text          0x0000000008000580        0x4 c:/study/ajax systems/stm32cubeide_1.10.1/stm32cubeide/plugins/com.st.stm32cube.ide.mcu.externaltools.gnu-tools-for-stm32.10.3-2021.10.win32_1.0.0.202111181127/tools/bin/../lib/gcc/arm-none-eabi/10.3.1/thumb/v7e-m+fp/hard\libgcc.a(_dvmd_tls.o)
                0x0000000008000580                __aeabi_idiv0
                0x0000000008000580                __aeabi_ldiv0
 *(.text*)
 .text.lcd_start_write
                0x0000000008000584       0x18 ./Core/Src/lcd.o
 .text.lcd_end_write
                0x000000000800059c       0x18 ./Core/Src/lcd.o
 .text.lcd_start_command
                0x00000000080005b4       0x18 ./Core/Src/lcd.o
 .text.lcd_start_data
                0x00000000080005cc       0x18 ./Core/Src/lcd.o
 .text.lcd_spi_send_com
                0x00000000080005e4       0x34 ./Core/Src/lcd.o
 .text.lcd_spi_send_data
                0x0000000008000618       0x3c ./Core/Src/lcd.o
 .text.lcd_set_window
                0x0000000008000654       0xcc ./Core/Src/lcd.o
 .text.lcd_init
                0x0000000008000720       0xdc ./Core/Src/lcd.o
                0x0000000008000720                lcd_init
 .text.lcd_set_rotation
                0x00000000080007fc      0x108 ./Core/Src/lcd.o
                0x00000000080007fc                lcd_set_rotation
 .text.lcd_vline
                0x0000000008000904       0x64 ./Core/Src/lcd.o
                0x0000000008000904                lcd_vline
 .text.lcd_fill_rect
                0x0000000008000968       0xcc ./Core/Src/lcd.o
                0x0000000008000968                lcd_fill_rect
 .text.lcd_fill
                0x0000000008000a34       0x34 ./Core/Src/lcd.o
                0x0000000008000a34                lcd_fill
 .text.lcd_fill_circle
                0x0000000008000a68      0x15e ./Core/Src/lcd.o
                0x0000000008000a68                lcd_fill_circle
 *fill*         0x0000000008000bc6        0x2 
 .text.__io_getchar
                0x0000000008000bc8       0x7c ./Core/Src/main.o
                0x0000000008000bc8                __io_getchar
 .text.__io_putchar
                0x0000000008000c44       0x24 ./Core/Src/main.o
                0x0000000008000c44                __io_putchar
 .text.main     0x0000000008000c68      0x12c ./Core/Src/main.o
                0x0000000008000c68                main
 .text.SystemClock_Config
                0x0000000008000d94       0xd4 ./Core/Src/main.o
                0x0000000008000d94                SystemClock_Config
 .text.MX_I2C1_Init
                0x0000000008000e68       0x5c ./Core/Src/main.o
 .text.MX_SPI1_Init
                0x0000000008000ec4       0x6c ./Core/Src/main.o
 .text.MX_TIM9_Init
                0x0000000008000f30       0x74 ./Core/Src/main.o
 .text.MX_USART1_UART_Init
                0x0000000008000fa4       0x54 ./Core/Src/main.o
 .text.MX_DMA_Init
                0x0000000008000ff8       0x40 ./Core/Src/main.o
 .text.MX_GPIO_Init
                0x0000000008001038      0x11c ./Core/Src/main.o
 .text.HAL_GPIO_EXTI_Callback
                0x0000000008001154       0x16 ./Core/Src/main.o
                0x0000000008001154                HAL_GPIO_EXTI_Callback
 *fill*         0x000000000800116a        0x2 
 .text.StartTaskLEDBlink
                0x000000000800116c       0x68 ./Core/Src/main.o
                0x000000000800116c                StartTaskLEDBlink
 .text.StartTaskButtonRead
                0x00000000080011d4       0x6c ./Core/Src/main.o
                0x00000000080011d4                StartTaskButtonRead
 .text.Error_Handler
                0x0000000008001240        0xa ./Core/Src/main.o
                0x0000000008001240                Error_Handler
 *fill*         0x000000000800124a        0x2 
 .text.HAL_MspInit
                0x000000000800124c       0x58 ./Core/Src/stm32f4xx_hal_msp.o
                0x000000000800124c                HAL_MspInit
 .text.HAL_I2C_MspInit
                0x00000000080012a4       0x90 ./Core/Src/stm32f4xx_hal_msp.o
                0x00000000080012a4                HAL_I2C_MspInit
 .text.HAL_SPI_MspInit
                0x0000000008001334       0x90 ./Core/Src/stm32f4xx_hal_msp.o
                0x0000000008001334                HAL_SPI_MspInit
 .text.HAL_TIM_Base_MspInit
                0x00000000080013c4       0x50 ./Core/Src/stm32f4xx_hal_msp.o
                0x00000000080013c4                HAL_TIM_Base_MspInit
 .text.HAL_UART_MspInit
                0x0000000008001414       0xf8 ./Core/Src/stm32f4xx_hal_msp.o
                0x0000000008001414                HAL_UART_MspInit
 .text.NMI_Handler
                0x000000000800150c        0x6 ./Core/Src/stm32f4xx_it.o
                0x000000000800150c                NMI_Handler
 .text.HardFault_Handler
                0x0000000008001512        0x6 ./Core/Src/stm32f4xx_it.o
                0x0000000008001512                HardFault_Handler
 .text.MemManage_Handler
                0x0000000008001518        0x6 ./Core/Src/stm32f4xx_it.o
                0x0000000008001518                MemManage_Handler
 .text.BusFault_Handler
                0x000000000800151e        0x6 ./Core/Src/stm32f4xx_it.o
                0x000000000800151e                BusFault_Handler
 .text.UsageFault_Handler
                0x0000000008001524        0x6 ./Core/Src/stm32f4xx_it.o
                0x0000000008001524                UsageFault_Handler
 .text.DebugMon_Handler
                0x000000000800152a        0xe ./Core/Src/stm32f4xx_it.o
                0x000000000800152a                DebugMon_Handler
 .text.SysTick_Handler
                0x0000000008001538       0x1a ./Core/Src/stm32f4xx_it.o
                0x0000000008001538                SysTick_Handler
 *fill*         0x0000000008001552        0x2 
 .text.TIM1_BRK_TIM9_IRQHandler
                0x0000000008001554       0x14 ./Core/Src/stm32f4xx_it.o
                0x0000000008001554                TIM1_BRK_TIM9_IRQHandler
 .text.EXTI15_10_IRQHandler
                0x0000000008001568       0x10 ./Core/Src/stm32f4xx_it.o
                0x0000000008001568                EXTI15_10_IRQHandler
 .text.DMA2_Stream2_IRQHandler
                0x0000000008001578       0x14 ./Core/Src/stm32f4xx_it.o
                0x0000000008001578                DMA2_Stream2_IRQHandler
 .text._read    0x000000000800158c       0x3a ./Core/Src/syscalls.o
                0x000000000800158c                _read
 .text._write   0x00000000080015c6       0x38 ./Core/Src/syscalls.o
                0x00000000080015c6                _write
 .text._close   0x00000000080015fe       0x18 ./Core/Src/syscalls.o
                0x00000000080015fe                _close
 .text._fstat   0x0000000008001616       0x20 ./Core/Src/syscalls.o
                0x0000000008001616                _fstat
 .text._isatty  0x0000000008001636       0x16 ./Core/Src/syscalls.o
                0x0000000008001636                _isatty
 .text._lseek   0x000000000800164c       0x1a ./Core/Src/syscalls.o
                0x000000000800164c                _lseek
 *fill*         0x0000000008001666        0x2 
 .text._sbrk    0x0000000008001668       0x6c ./Core/Src/sysmem.o
                0x0000000008001668                _sbrk
 .text.SystemInit
                0x00000000080016d4       0x24 ./Core/Src/system_stm32f4xx.o
                0x00000000080016d4                SystemInit
 .text.Reset_Handler
                0x00000000080016f8       0x50 ./Core/Startup/startup_stm32f401ccux.o
                0x00000000080016f8                Reset_Handler
 .text.Default_Handler
                0x0000000008001748        0x2 ./Core/Startup/startup_stm32f401ccux.o
                0x0000000008001748                RTC_Alarm_IRQHandler
                0x0000000008001748                EXTI2_IRQHandler
                0x0000000008001748                SPI4_IRQHandler
                0x0000000008001748                TIM1_CC_IRQHandler
                0x0000000008001748                DMA2_Stream5_IRQHandler
                0x0000000008001748                DMA1_Stream5_IRQHandler
                0x0000000008001748                PVD_IRQHandler
                0x0000000008001748                SDIO_IRQHandler
                0x0000000008001748                TAMP_STAMP_IRQHandler
                0x0000000008001748                EXTI3_IRQHandler
                0x0000000008001748                TIM1_UP_TIM10_IRQHandler
                0x0000000008001748                I2C3_ER_IRQHandler
                0x0000000008001748                EXTI0_IRQHandler
                0x0000000008001748                I2C2_EV_IRQHandler
                0x0000000008001748                DMA1_Stream2_IRQHandler
                0x0000000008001748                FPU_IRQHandler
                0x0000000008001748                SPI1_IRQHandler
                0x0000000008001748                DMA2_Stream3_IRQHandler
                0x0000000008001748                USART6_IRQHandler
                0x0000000008001748                DMA2_Stream0_IRQHandler
                0x0000000008001748                TIM4_IRQHandler
                0x0000000008001748                I2C1_EV_IRQHandler
                0x0000000008001748                DMA1_Stream6_IRQHandler
                0x0000000008001748                DMA1_Stream1_IRQHandler
                0x0000000008001748                TIM3_IRQHandler
                0x0000000008001748                RCC_IRQHandler
                0x0000000008001748                Default_Handler
                0x0000000008001748                ADC_IRQHandler
                0x0000000008001748                DMA1_Stream7_IRQHandler
                0x0000000008001748                TIM5_IRQHandler
                0x0000000008001748                DMA2_Stream7_IRQHandler
                0x0000000008001748                I2C3_EV_IRQHandler
                0x0000000008001748                EXTI9_5_IRQHandler
                0x0000000008001748                RTC_WKUP_IRQHandler
                0x0000000008001748                SPI2_IRQHandler
                0x0000000008001748                DMA1_Stream0_IRQHandler
                0x0000000008001748                EXTI4_IRQHandler
                0x0000000008001748                WWDG_IRQHandler
                0x0000000008001748                TIM2_IRQHandler
                0x0000000008001748                OTG_FS_WKUP_IRQHandler
                0x0000000008001748                TIM1_TRG_COM_TIM11_IRQHandler
                0x0000000008001748                EXTI1_IRQHandler
                0x0000000008001748                USART2_IRQHandler
                0x0000000008001748                I2C2_ER_IRQHandler
                0x0000000008001748                DMA2_Stream1_IRQHandler
                0x0000000008001748                FLASH_IRQHandler
                0x0000000008001748                DMA2_Stream4_IRQHandler
                0x0000000008001748                USART1_IRQHandler
                0x0000000008001748                OTG_FS_IRQHandler
                0x0000000008001748                SPI3_IRQHandler
                0x0000000008001748                DMA1_Stream4_IRQHandler
                0x0000000008001748                I2C1_ER_IRQHandler
                0x0000000008001748                DMA2_Stream6_IRQHandler
                0x0000000008001748                DMA1_Stream3_IRQHandler
 *fill*         0x000000000800174a        0x2 
 .text.HAL_Init
                0x000000000800174c       0x44 ./Drivers/STM32F4xx_HAL_Driver/Src/stm32f4xx_hal.o
                0x000000000800174c                HAL_Init
 .text.HAL_InitTick
                0x0000000008001790       0x60 ./Drivers/STM32F4xx_HAL_Driver/Src/stm32f4xx_hal.o
                0x0000000008001790                HAL_InitTick
 .text.HAL_IncTick
                0x00000000080017f0       0x28 ./Drivers/STM32F4xx_HAL_Driver/Src/stm32f4xx_hal.o
                0x00000000080017f0                HAL_IncTick
 .text.HAL_GetTick
                0x0000000008001818       0x18 ./Drivers/STM32F4xx_HAL_Driver/Src/stm32f4xx_hal.o
                0x0000000008001818                HAL_GetTick
 .text.__NVIC_SetPriorityGrouping
                0x0000000008001830       0x48 ./Drivers/STM32F4xx_HAL_Driver/Src/stm32f4xx_hal_cortex.o
 .text.__NVIC_GetPriorityGrouping
                0x0000000008001878       0x1c ./Drivers/STM32F4xx_HAL_Driver/Src/stm32f4xx_hal_cortex.o
 .text.__NVIC_EnableIRQ
                0x0000000008001894       0x3c ./Drivers/STM32F4xx_HAL_Driver/Src/stm32f4xx_hal_cortex.o
 .text.__NVIC_SetPriority
                0x00000000080018d0       0x54 ./Drivers/STM32F4xx_HAL_Driver/Src/stm32f4xx_hal_cortex.o
 .text.NVIC_EncodePriority
                0x0000000008001924       0x66 ./Drivers/STM32F4xx_HAL_Driver/Src/stm32f4xx_hal_cortex.o
 *fill*         0x000000000800198a        0x2 
 .text.SysTick_Config
                0x000000000800198c       0x44 ./Drivers/STM32F4xx_HAL_Driver/Src/stm32f4xx_hal_cortex.o
 .text.HAL_NVIC_SetPriorityGrouping
                0x00000000080019d0       0x16 ./Drivers/STM32F4xx_HAL_Driver/Src/stm32f4xx_hal_cortex.o
                0x00000000080019d0                HAL_NVIC_SetPriorityGrouping
 .text.HAL_NVIC_SetPriority
                0x00000000080019e6       0x38 ./Drivers/STM32F4xx_HAL_Driver/Src/stm32f4xx_hal_cortex.o
                0x00000000080019e6                HAL_NVIC_SetPriority
 .text.HAL_NVIC_EnableIRQ
                0x0000000008001a1e       0x1c ./Drivers/STM32F4xx_HAL_Driver/Src/stm32f4xx_hal_cortex.o
                0x0000000008001a1e                HAL_NVIC_EnableIRQ
 .text.HAL_SYSTICK_Config
                0x0000000008001a3a       0x18 ./Drivers/STM32F4xx_HAL_Driver/Src/stm32f4xx_hal_cortex.o
                0x0000000008001a3a                HAL_SYSTICK_Config
 *fill*         0x0000000008001a52        0x2 
 .text.HAL_DMA_Init
                0x0000000008001a54      0x15c ./Drivers/STM32F4xx_HAL_Driver/Src/stm32f4xx_hal_dma.o
                0x0000000008001a54                HAL_DMA_Init
 .text.HAL_DMA_Start_IT
                0x0000000008001bb0       0xb0 ./Drivers/STM32F4xx_HAL_Driver/Src/stm32f4xx_hal_dma.o
                0x0000000008001bb0                HAL_DMA_Start_IT
 .text.HAL_DMA_IRQHandler
                0x0000000008001c60      0x314 ./Drivers/STM32F4xx_HAL_Driver/Src/stm32f4xx_hal_dma.o
                0x0000000008001c60                HAL_DMA_IRQHandler
 .text.DMA_SetConfig
                0x0000000008001f74       0x5c ./Drivers/STM32F4xx_HAL_Driver/Src/stm32f4xx_hal_dma.o
 .text.DMA_CalcBaseAndBitshift
                0x0000000008001fd0       0x6c ./Drivers/STM32F4xx_HAL_Driver/Src/stm32f4xx_hal_dma.o
 .text.DMA_CheckFifoParam
                0x000000000800203c       0xf8 ./Drivers/STM32F4xx_HAL_Driver/Src/stm32f4xx_hal_dma.o
 .text.HAL_GPIO_Init
                0x0000000008002134      0x308 ./Drivers/STM32F4xx_HAL_Driver/Src/stm32f4xx_hal_gpio.o
                0x0000000008002134                HAL_GPIO_Init
 .text.HAL_GPIO_WritePin
                0x000000000800243c       0x32 ./Drivers/STM32F4xx_HAL_Driver/Src/stm32f4xx_hal_gpio.o
                0x000000000800243c                HAL_GPIO_WritePin
 *fill*         0x000000000800246e        0x2 
 .text.HAL_GPIO_EXTI_IRQHandler
                0x0000000008002470       0x30 ./Drivers/STM32F4xx_HAL_Driver/Src/stm32f4xx_hal_gpio.o
                0x0000000008002470                HAL_GPIO_EXTI_IRQHandler
 .text.HAL_I2C_Init
                0x00000000080024a0      0x288 ./Drivers/STM32F4xx_HAL_Driver/Src/stm32f4xx_hal_i2c.o
                0x00000000080024a0                HAL_I2C_Init
 .text.HAL_RCC_OscConfig
                0x0000000008002728      0x4f0 ./Drivers/STM32F4xx_HAL_Driver/Src/stm32f4xx_hal_rcc.o
                0x0000000008002728                HAL_RCC_OscConfig
 .text.HAL_RCC_ClockConfig
                0x0000000008002c18      0x1cc ./Drivers/STM32F4xx_HAL_Driver/Src/stm32f4xx_hal_rcc.o
                0x0000000008002c18                HAL_RCC_ClockConfig
 .text.HAL_RCC_GetSysClockFreq
                0x0000000008002de4      0x18c ./Drivers/STM32F4xx_HAL_Driver/Src/stm32f4xx_hal_rcc.o
                0x0000000008002de4                HAL_RCC_GetSysClockFreq
 .text.HAL_RCC_GetHCLKFreq
                0x0000000008002f70       0x18 ./Drivers/STM32F4xx_HAL_Driver/Src/stm32f4xx_hal_rcc.o
                0x0000000008002f70                HAL_RCC_GetHCLKFreq
 .text.HAL_RCC_GetPCLK1Freq
                0x0000000008002f88       0x28 ./Drivers/STM32F4xx_HAL_Driver/Src/stm32f4xx_hal_rcc.o
                0x0000000008002f88                HAL_RCC_GetPCLK1Freq
 .text.HAL_RCC_GetPCLK2Freq
                0x0000000008002fb0       0x28 ./Drivers/STM32F4xx_HAL_Driver/Src/stm32f4xx_hal_rcc.o
                0x0000000008002fb0                HAL_RCC_GetPCLK2Freq
 .text.HAL_SPI_Init
                0x0000000008002fd8      0x112 ./Drivers/STM32F4xx_HAL_Driver/Src/stm32f4xx_hal_spi.o
                0x0000000008002fd8                HAL_SPI_Init
 .text.HAL_SPI_Transmit
                0x00000000080030ea      0x278 ./Drivers/STM32F4xx_HAL_Driver/Src/stm32f4xx_hal_spi.o
                0x00000000080030ea                HAL_SPI_Transmit
 *fill*         0x0000000008003362        0x2 
 .text.SPI_WaitFlagStateUntilTimeout
                0x0000000008003364      0x110 ./Drivers/STM32F4xx_HAL_Driver/Src/stm32f4xx_hal_spi.o
 .text.SPI_EndRxTxTransaction
                0x0000000008003474       0x84 ./Drivers/STM32F4xx_HAL_Driver/Src/stm32f4xx_hal_spi.o
 .text.HAL_TIM_Base_Init
                0x00000000080034f8       0x9e ./Drivers/STM32F4xx_HAL_Driver/Src/stm32f4xx_hal_tim.o
                0x00000000080034f8                HAL_TIM_Base_Init
 .text.HAL_TIM_IRQHandler
                0x0000000008003596      0x210 ./Drivers/STM32F4xx_HAL_Driver/Src/stm32f4xx_hal_tim.o
                0x0000000008003596                HAL_TIM_IRQHandler
 .text.HAL_TIM_ConfigClockSource
                0x00000000080037a6      0x18e ./Drivers/STM32F4xx_HAL_Driver/Src/stm32f4xx_hal_tim.o
                0x00000000080037a6                HAL_TIM_ConfigClockSource
 .text.HAL_TIM_PeriodElapsedCallback
                0x0000000008003934       0x14 ./Drivers/STM32F4xx_HAL_Driver/Src/stm32f4xx_hal_tim.o
                0x0000000008003934                HAL_TIM_PeriodElapsedCallback
 .text.HAL_TIM_OC_DelayElapsedCallback
                0x0000000008003948       0x14 ./Drivers/STM32F4xx_HAL_Driver/Src/stm32f4xx_hal_tim.o
                0x0000000008003948                HAL_TIM_OC_DelayElapsedCallback
 .text.HAL_TIM_IC_CaptureCallback
                0x000000000800395c       0x14 ./Drivers/STM32F4xx_HAL_Driver/Src/stm32f4xx_hal_tim.o
                0x000000000800395c                HAL_TIM_IC_CaptureCallback
 .text.HAL_TIM_PWM_PulseFinishedCallback
                0x0000000008003970       0x14 ./Drivers/STM32F4xx_HAL_Driver/Src/stm32f4xx_hal_tim.o
                0x0000000008003970                HAL_TIM_PWM_PulseFinishedCallback
 .text.HAL_TIM_TriggerCallback
                0x0000000008003984       0x14 ./Drivers/STM32F4xx_HAL_Driver/Src/stm32f4xx_hal_tim.o
                0x0000000008003984                HAL_TIM_TriggerCallback
 .text.TIM_Base_SetConfig
                0x0000000008003998      0x100 ./Drivers/STM32F4xx_HAL_Driver/Src/stm32f4xx_hal_tim.o
                0x0000000008003998                TIM_Base_SetConfig
 .text.TIM_TI1_ConfigInputStage
                0x0000000008003a98       0x5e ./Drivers/STM32F4xx_HAL_Driver/Src/stm32f4xx_hal_tim.o
 .text.TIM_TI2_ConfigInputStage
                0x0000000008003af6       0x60 ./Drivers/STM32F4xx_HAL_Driver/Src/stm32f4xx_hal_tim.o
 .text.TIM_ITRx_SetConfig
                0x0000000008003b56       0x36 ./Drivers/STM32F4xx_HAL_Driver/Src/stm32f4xx_hal_tim.o
 .text.TIM_ETR_SetConfig
                0x0000000008003b8c       0x40 ./Drivers/STM32F4xx_HAL_Driver/Src/stm32f4xx_hal_tim.o
                0x0000000008003b8c                TIM_ETR_SetConfig
 .text.HAL_TIMEx_CommutCallback
                0x0000000008003bcc       0x14 ./Drivers/STM32F4xx_HAL_Driver/Src/stm32f4xx_hal_tim_ex.o
                0x0000000008003bcc                HAL_TIMEx_CommutCallback
 .text.HAL_TIMEx_BreakCallback
                0x0000000008003be0       0x14 ./Drivers/STM32F4xx_HAL_Driver/Src/stm32f4xx_hal_tim_ex.o
                0x0000000008003be0                HAL_TIMEx_BreakCallback
 .text.HAL_UART_Init
                0x0000000008003bf4       0x9a ./Drivers/STM32F4xx_HAL_Driver/Src/stm32f4xx_hal_uart.o
                0x0000000008003bf4                HAL_UART_Init
 .text.HAL_UART_Transmit
                0x0000000008003c8e      0x124 ./Drivers/STM32F4xx_HAL_Driver/Src/stm32f4xx_hal_uart.o
                0x0000000008003c8e                HAL_UART_Transmit
 .text.HAL_UART_Receive_DMA
                0x0000000008003db2       0x60 ./Drivers/STM32F4xx_HAL_Driver/Src/stm32f4xx_hal_uart.o
                0x0000000008003db2                HAL_UART_Receive_DMA
 .text.HAL_UART_RxCpltCallback
                0x0000000008003e12       0x14 ./Drivers/STM32F4xx_HAL_Driver/Src/stm32f4xx_hal_uart.o
                0x0000000008003e12                HAL_UART_RxCpltCallback
 .text.HAL_UART_RxHalfCpltCallback
                0x0000000008003e26       0x14 ./Drivers/STM32F4xx_HAL_Driver/Src/stm32f4xx_hal_uart.o
                0x0000000008003e26                HAL_UART_RxHalfCpltCallback
 .text.HAL_UART_ErrorCallback
                0x0000000008003e3a       0x14 ./Drivers/STM32F4xx_HAL_Driver/Src/stm32f4xx_hal_uart.o
                0x0000000008003e3a                HAL_UART_ErrorCallback
 .text.HAL_UARTEx_RxEventCallback
                0x0000000008003e4e       0x18 ./Drivers/STM32F4xx_HAL_Driver/Src/stm32f4xx_hal_uart.o
                0x0000000008003e4e                HAL_UARTEx_RxEventCallback
 .text.UART_DMAReceiveCplt
                0x0000000008003e66      0x126 ./Drivers/STM32F4xx_HAL_Driver/Src/stm32f4xx_hal_uart.o
 .text.UART_DMARxHalfCplt
                0x0000000008003f8c       0x36 ./Drivers/STM32F4xx_HAL_Driver/Src/stm32f4xx_hal_uart.o
 .text.UART_DMAError
                0x0000000008003fc2       0x94 ./Drivers/STM32F4xx_HAL_Driver/Src/stm32f4xx_hal_uart.o
 .text.UART_WaitOnFlagUntilTimeout
                0x0000000008004056       0xdc ./Drivers/STM32F4xx_HAL_Driver/Src/stm32f4xx_hal_uart.o
 *fill*         0x0000000008004132        0x2 
 .text.UART_Start_Receive_DMA
                0x0000000008004134      0x13c ./Drivers/STM32F4xx_HAL_Driver/Src/stm32f4xx_hal_uart.o
                0x0000000008004134                UART_Start_Receive_DMA
 .text.UART_EndTxTransfer
                0x0000000008004270       0x50 ./Drivers/STM32F4xx_HAL_Driver/Src/stm32f4xx_hal_uart.o
 .text.UART_EndRxTransfer
                0x00000000080042c0       0xc6 ./Drivers/STM32F4xx_HAL_Driver/Src/stm32f4xx_hal_uart.o
 *fill*         0x0000000008004386        0x2 
 .text.UART_SetConfig
                0x0000000008004388      0x4e8 ./Drivers/STM32F4xx_HAL_Driver/Src/stm32f4xx_hal_uart.o
 .text.osKernelInitialize
                0x0000000008004870       0x48 ./Middlewares/Third_Party/FreeRTOS/Source/CMSIS_RTOS_V2/cmsis_os2.o
                0x0000000008004870                osKernelInitialize
 .text.osThreadNew
                0x00000000080048b8      0x124 ./Middlewares/Third_Party/FreeRTOS/Source/CMSIS_RTOS_V2/cmsis_os2.o
                0x00000000080048b8                osThreadNew
 .text.osDelay  0x00000000080049dc       0x36 ./Middlewares/Third_Party/FreeRTOS/Source/CMSIS_RTOS_V2/cmsis_os2.o
                0x00000000080049dc                osDelay
 .text.osMutexNew
                0x0000000008004a12      0x10c ./Middlewares/Third_Party/FreeRTOS/Source/CMSIS_RTOS_V2/cmsis_os2.o
                0x0000000008004a12                osMutexNew
 .text.osMutexAcquire
                0x0000000008004b1e       0x96 ./Middlewares/Third_Party/FreeRTOS/Source/CMSIS_RTOS_V2/cmsis_os2.o
                0x0000000008004b1e                osMutexAcquire
 .text.osMutexRelease
                0x0000000008004bb4       0x7a ./Middlewares/Third_Party/FreeRTOS/Source/CMSIS_RTOS_V2/cmsis_os2.o
                0x0000000008004bb4                osMutexRelease
 .text.vListInitialise
                0x0000000008004c2e       0x40 ./Middlewares/Third_Party/FreeRTOS/Source/list.o
                0x0000000008004c2e                vListInitialise
 .text.vListInitialiseItem
                0x0000000008004c6e       0x1a ./Middlewares/Third_Party/FreeRTOS/Source/list.o
                0x0000000008004c6e                vListInitialiseItem
 .text.vListInsertEnd
                0x0000000008004c88       0x48 ./Middlewares/Third_Party/FreeRTOS/Source/list.o
                0x0000000008004c88                vListInsertEnd
 .text.vListInsert
                0x0000000008004cd0       0x72 ./Middlewares/Third_Party/FreeRTOS/Source/list.o
                0x0000000008004cd0                vListInsert
 .text.uxListRemove
                0x0000000008004d42       0x54 ./Middlewares/Third_Party/FreeRTOS/Source/list.o
                0x0000000008004d42                uxListRemove
 *fill*         0x0000000008004d96        0x2 
 .text.xQueueGenericReset
                0x0000000008004d98       0xd0 ./Middlewares/Third_Party/FreeRTOS/Source/queue.o
                0x0000000008004d98                xQueueGenericReset
 .text.xQueueGenericCreateStatic
                0x0000000008004e68       0xf0 ./Middlewares/Third_Party/FreeRTOS/Source/queue.o
                0x0000000008004e68                xQueueGenericCreateStatic
 .text.xQueueGenericCreate
                0x0000000008004f58       0x74 ./Middlewares/Third_Party/FreeRTOS/Source/queue.o
                0x0000000008004f58                xQueueGenericCreate
 .text.prvInitialiseNewQueue
                0x0000000008004fcc       0x46 ./Middlewares/Third_Party/FreeRTOS/Source/queue.o
 .text.prvInitialiseMutex
                0x0000000008005012       0x34 ./Middlewares/Third_Party/FreeRTOS/Source/queue.o
 .text.xQueueCreateMutex
                0x0000000008005046       0x30 ./Middlewares/Third_Party/FreeRTOS/Source/queue.o
                0x0000000008005046                xQueueCreateMutex
 .text.xQueueCreateMutexStatic
                0x0000000008005076       0x36 ./Middlewares/Third_Party/FreeRTOS/Source/queue.o
                0x0000000008005076                xQueueCreateMutexStatic
 .text.xQueueGiveMutexRecursive
                0x00000000080050ac       0x68 ./Middlewares/Third_Party/FreeRTOS/Source/queue.o
                0x00000000080050ac                xQueueGiveMutexRecursive
 .text.xQueueTakeMutexRecursive
                0x0000000008005114       0x6c ./Middlewares/Third_Party/FreeRTOS/Source/queue.o
                0x0000000008005114                xQueueTakeMutexRecursive
 .text.xQueueGenericSend
                0x0000000008005180      0x1fc ./Middlewares/Third_Party/FreeRTOS/Source/queue.o
                0x0000000008005180                xQueueGenericSend
 .text.xQueueSemaphoreTake
                0x000000000800537c      0x218 ./Middlewares/Third_Party/FreeRTOS/Source/queue.o
                0x000000000800537c                xQueueSemaphoreTake
 .text.prvGetDisinheritPriorityAfterTimeout
                0x0000000008005594       0x30 ./Middlewares/Third_Party/FreeRTOS/Source/queue.o
 .text.prvCopyDataToQueue
                0x00000000080055c4       0xd4 ./Middlewares/Third_Party/FreeRTOS/Source/queue.o
 .text.prvUnlockQueue
                0x0000000008005698       0xa4 ./Middlewares/Third_Party/FreeRTOS/Source/queue.o
 .text.prvIsQueueEmpty
                0x000000000800573c       0x2c ./Middlewares/Third_Party/FreeRTOS/Source/queue.o
 .text.prvIsQueueFull
                0x0000000008005768       0x30 ./Middlewares/Third_Party/FreeRTOS/Source/queue.o
 .text.vQueueAddToRegistry
                0x0000000008005798       0x54 ./Middlewares/Third_Party/FreeRTOS/Source/queue.o
                0x0000000008005798                vQueueAddToRegistry
 .text.xTaskCreateStatic
                0x00000000080057ec       0xba ./Middlewares/Third_Party/FreeRTOS/Source/tasks.o
                0x00000000080057ec                xTaskCreateStatic
 .text.xTaskCreate
                0x00000000080058a6       0x8a ./Middlewares/Third_Party/FreeRTOS/Source/tasks.o
                0x00000000080058a6                xTaskCreate
 .text.prvInitialiseNewTask
                0x0000000008005930      0x14c ./Middlewares/Third_Party/FreeRTOS/Source/tasks.o
 .text.prvAddNewTaskToReadyList
                0x0000000008005a7c       0xe0 ./Middlewares/Third_Party/FreeRTOS/Source/tasks.o
 .text.vTaskDelay
                0x0000000008005b5c       0x68 ./Middlewares/Third_Party/FreeRTOS/Source/tasks.o
                0x0000000008005b5c                vTaskDelay
 .text.vTaskSuspendAll
                0x0000000008005bc4       0x1c ./Middlewares/Third_Party/FreeRTOS/Source/tasks.o
                0x0000000008005bc4                vTaskSuspendAll
 .text.xTaskResumeAll
                0x0000000008005be0      0x13c ./Middlewares/Third_Party/FreeRTOS/Source/tasks.o
                0x0000000008005be0                xTaskResumeAll
 .text.xTaskIncrementTick
                0x0000000008005d1c      0x174 ./Middlewares/Third_Party/FreeRTOS/Source/tasks.o
                0x0000000008005d1c                xTaskIncrementTick
 .text.vTaskSwitchContext
                0x0000000008005e90       0xc8 ./Middlewares/Third_Party/FreeRTOS/Source/tasks.o
                0x0000000008005e90                vTaskSwitchContext
 .text.vTaskPlaceOnEventList
                0x0000000008005f58       0x48 ./Middlewares/Third_Party/FreeRTOS/Source/tasks.o
                0x0000000008005f58                vTaskPlaceOnEventList
 .text.xTaskRemoveFromEventList
                0x0000000008005fa0       0xc8 ./Middlewares/Third_Party/FreeRTOS/Source/tasks.o
                0x0000000008005fa0                xTaskRemoveFromEventList
 .text.vTaskInternalSetTimeOutState
                0x0000000008006068       0x2c ./Middlewares/Third_Party/FreeRTOS/Source/tasks.o
                0x0000000008006068                vTaskInternalSetTimeOutState
 .text.xTaskCheckForTimeOut
                0x0000000008006094       0xc4 ./Middlewares/Third_Party/FreeRTOS/Source/tasks.o
                0x0000000008006094                xTaskCheckForTimeOut
 .text.vTaskMissedYield
                0x0000000008006158       0x18 ./Middlewares/Third_Party/FreeRTOS/Source/tasks.o
                0x0000000008006158                vTaskMissedYield
 .text.prvInitialiseTaskLists
                0x0000000008006170       0x80 ./Middlewares/Third_Party/FreeRTOS/Source/tasks.o
 .text.prvResetNextTaskUnblockTime
                0x00000000080061f0       0x40 ./Middlewares/Third_Party/FreeRTOS/Source/tasks.o
 .text.xTaskGetCurrentTaskHandle
                0x0000000008006230       0x20 ./Middlewares/Third_Party/FreeRTOS/Source/tasks.o
                0x0000000008006230                xTaskGetCurrentTaskHandle
 .text.xTaskGetSchedulerState
                0x0000000008006250       0x3c ./Middlewares/Third_Party/FreeRTOS/Source/tasks.o
                0x0000000008006250                xTaskGetSchedulerState
 .text.xTaskPriorityInherit
                0x000000000800628c       0xd0 ./Middlewares/Third_Party/FreeRTOS/Source/tasks.o
                0x000000000800628c                xTaskPriorityInherit
 .text.xTaskPriorityDisinherit
                0x000000000800635c       0xdc ./Middlewares/Third_Party/FreeRTOS/Source/tasks.o
                0x000000000800635c                xTaskPriorityDisinherit
 .text.vTaskPriorityDisinheritAfterTimeout
                0x0000000008006438      0x104 ./Middlewares/Third_Party/FreeRTOS/Source/tasks.o
                0x0000000008006438                vTaskPriorityDisinheritAfterTimeout
 .text.pvTaskIncrementMutexHeldCount
                0x000000000800653c       0x28 ./Middlewares/Third_Party/FreeRTOS/Source/tasks.o
                0x000000000800653c                pvTaskIncrementMutexHeldCount
 .text.prvAddCurrentTaskToDelayedList
                0x0000000008006564       0xa8 ./Middlewares/Third_Party/FreeRTOS/Source/tasks.o
 .text.pxPortInitialiseStack
                0x000000000800660c       0x68 ./Middlewares/Third_Party/FreeRTOS/Source/portable/GCC/ARM_CM4F/port.o
                0x000000000800660c                pxPortInitialiseStack
 .text.prvTaskExitError
                0x0000000008006674       0x58 ./Middlewares/Third_Party/FreeRTOS/Source/portable/GCC/ARM_CM4F/port.o
 *fill*         0x00000000080066cc        0x4 
 .text.SVC_Handler
                0x00000000080066d0       0x28 ./Middlewares/Third_Party/FreeRTOS/Source/portable/GCC/ARM_CM4F/port.o
                0x00000000080066d0                SVC_Handler
 .text.vPortEnterCritical
                0x00000000080066f8       0x60 ./Middlewares/Third_Party/FreeRTOS/Source/portable/GCC/ARM_CM4F/port.o
                0x00000000080066f8                vPortEnterCritical
 .text.vPortExitCritical
                0x0000000008006758       0x54 ./Middlewares/Third_Party/FreeRTOS/Source/portable/GCC/ARM_CM4F/port.o
                0x0000000008006758                vPortExitCritical
 *fill*         0x00000000080067ac        0x4 
 .text.PendSV_Handler
                0x00000000080067b0       0x68 ./Middlewares/Third_Party/FreeRTOS/Source/portable/GCC/ARM_CM4F/port.o
                0x00000000080067b0                PendSV_Handler
 .text.xPortSysTickHandler
                0x0000000008006818       0x44 ./Middlewares/Third_Party/FreeRTOS/Source/portable/GCC/ARM_CM4F/port.o
                0x0000000008006818                xPortSysTickHandler
 .text.pvPortMalloc
                0x000000000800685c      0x198 ./Middlewares/Third_Party/FreeRTOS/Source/portable/MemMang/heap_4.o
                0x000000000800685c                pvPortMalloc
 .text.vPortFree
                0x00000000080069f4       0xc4 ./Middlewares/Third_Party/FreeRTOS/Source/portable/MemMang/heap_4.o
                0x00000000080069f4                vPortFree
 .text.prvHeapInit
                0x0000000008006ab8       0xc4 ./Middlewares/Third_Party/FreeRTOS/Source/portable/MemMang/heap_4.o
 .text.prvInsertBlockIntoFreeList
                0x0000000008006b7c       0xb4 ./Middlewares/Third_Party/FreeRTOS/Source/portable/MemMang/heap_4.o
 .text.__errno  0x0000000008006c30        0xc c:/study/ajax systems/stm32cubeide_1.10.1/stm32cubeide/plugins/com.st.stm32cube.ide.mcu.externaltools.gnu-tools-for-stm32.10.3-2021.10.win32_1.0.0.202111181127/tools/bin/../lib/gcc/arm-none-eabi/10.3.1/../../../../arm-none-eabi/lib/thumb/v7e-m+fp/hard\libc_nano.a(lib_a-errno.o)
                0x0000000008006c30                __errno
 .text.std      0x0000000008006c3c       0x48 c:/study/ajax systems/stm32cubeide_1.10.1/stm32cubeide/plugins/com.st.stm32cube.ide.mcu.externaltools.gnu-tools-for-stm32.10.3-2021.10.win32_1.0.0.202111181127/tools/bin/../lib/gcc/arm-none-eabi/10.3.1/../../../../arm-none-eabi/lib/thumb/v7e-m+fp/hard\libc_nano.a(lib_a-findfp.o)
 .text._cleanup_r
                0x0000000008006c84        0xc c:/study/ajax systems/stm32cubeide_1.10.1/stm32cubeide/plugins/com.st.stm32cube.ide.mcu.externaltools.gnu-tools-for-stm32.10.3-2021.10.win32_1.0.0.202111181127/tools/bin/../lib/gcc/arm-none-eabi/10.3.1/../../../../arm-none-eabi/lib/thumb/v7e-m+fp/hard\libc_nano.a(lib_a-findfp.o)
                0x0000000008006c84                _cleanup_r
 .text.__sfmoreglue
                0x0000000008006c90       0x2c c:/study/ajax systems/stm32cubeide_1.10.1/stm32cubeide/plugins/com.st.stm32cube.ide.mcu.externaltools.gnu-tools-for-stm32.10.3-2021.10.win32_1.0.0.202111181127/tools/bin/../lib/gcc/arm-none-eabi/10.3.1/../../../../arm-none-eabi/lib/thumb/v7e-m+fp/hard\libc_nano.a(lib_a-findfp.o)
                0x0000000008006c90                __sfmoreglue
 .text.__sfp_lock_acquire
                0x0000000008006cbc        0xc c:/study/ajax systems/stm32cubeide_1.10.1/stm32cubeide/plugins/com.st.stm32cube.ide.mcu.externaltools.gnu-tools-for-stm32.10.3-2021.10.win32_1.0.0.202111181127/tools/bin/../lib/gcc/arm-none-eabi/10.3.1/../../../../arm-none-eabi/lib/thumb/v7e-m+fp/hard\libc_nano.a(lib_a-findfp.o)
                0x0000000008006cbc                __sfp_lock_acquire
 .text.__sfp_lock_release
                0x0000000008006cc8        0xc c:/study/ajax systems/stm32cubeide_1.10.1/stm32cubeide/plugins/com.st.stm32cube.ide.mcu.externaltools.gnu-tools-for-stm32.10.3-2021.10.win32_1.0.0.202111181127/tools/bin/../lib/gcc/arm-none-eabi/10.3.1/../../../../arm-none-eabi/lib/thumb/v7e-m+fp/hard\libc_nano.a(lib_a-findfp.o)
                0x0000000008006cc8                __sfp_lock_release
 .text.__sinit_lock_acquire
                0x0000000008006cd4        0xc c:/study/ajax systems/stm32cubeide_1.10.1/stm32cubeide/plugins/com.st.stm32cube.ide.mcu.externaltools.gnu-tools-for-stm32.10.3-2021.10.win32_1.0.0.202111181127/tools/bin/../lib/gcc/arm-none-eabi/10.3.1/../../../../arm-none-eabi/lib/thumb/v7e-m+fp/hard\libc_nano.a(lib_a-findfp.o)
                0x0000000008006cd4                __sinit_lock_acquire
 .text.__sinit_lock_release
                0x0000000008006ce0        0xc c:/study/ajax systems/stm32cubeide_1.10.1/stm32cubeide/plugins/com.st.stm32cube.ide.mcu.externaltools.gnu-tools-for-stm32.10.3-2021.10.win32_1.0.0.202111181127/tools/bin/../lib/gcc/arm-none-eabi/10.3.1/../../../../arm-none-eabi/lib/thumb/v7e-m+fp/hard\libc_nano.a(lib_a-findfp.o)
                0x0000000008006ce0                __sinit_lock_release
 .text.__sinit  0x0000000008006cec       0x70 c:/study/ajax systems/stm32cubeide_1.10.1/stm32cubeide/plugins/com.st.stm32cube.ide.mcu.externaltools.gnu-tools-for-stm32.10.3-2021.10.win32_1.0.0.202111181127/tools/bin/../lib/gcc/arm-none-eabi/10.3.1/../../../../arm-none-eabi/lib/thumb/v7e-m+fp/hard\libc_nano.a(lib_a-findfp.o)
                0x0000000008006cec                __sinit
 .text.__sfp    0x0000000008006d5c       0x8c c:/study/ajax systems/stm32cubeide_1.10.1/stm32cubeide/plugins/com.st.stm32cube.ide.mcu.externaltools.gnu-tools-for-stm32.10.3-2021.10.win32_1.0.0.202111181127/tools/bin/../lib/gcc/arm-none-eabi/10.3.1/../../../../arm-none-eabi/lib/thumb/v7e-m+fp/hard\libc_nano.a(lib_a-findfp.o)
                0x0000000008006d5c                __sfp
 .text._fwalk_reent
                0x0000000008006de8       0x3e c:/study/ajax systems/stm32cubeide_1.10.1/stm32cubeide/plugins/com.st.stm32cube.ide.mcu.externaltools.gnu-tools-for-stm32.10.3-2021.10.win32_1.0.0.202111181127/tools/bin/../lib/gcc/arm-none-eabi/10.3.1/../../../../arm-none-eabi/lib/thumb/v7e-m+fp/hard\libc_nano.a(lib_a-fwalk.o)
                0x0000000008006de8                _fwalk_reent
 *fill*         0x0000000008006e26        0x2 
 .text.__libc_init_array
                0x0000000008006e28       0x48 c:/study/ajax systems/stm32cubeide_1.10.1/stm32cubeide/plugins/com.st.stm32cube.ide.mcu.externaltools.gnu-tools-for-stm32.10.3-2021.10.win32_1.0.0.202111181127/tools/bin/../lib/gcc/arm-none-eabi/10.3.1/../../../../arm-none-eabi/lib/thumb/v7e-m+fp/hard\libc_nano.a(lib_a-init.o)
                0x0000000008006e28                __libc_init_array
 .text.__retarget_lock_init_recursive
                0x0000000008006e70        0x2 c:/study/ajax systems/stm32cubeide_1.10.1/stm32cubeide/plugins/com.st.stm32cube.ide.mcu.externaltools.gnu-tools-for-stm32.10.3-2021.10.win32_1.0.0.202111181127/tools/bin/../lib/gcc/arm-none-eabi/10.3.1/../../../../arm-none-eabi/lib/thumb/v7e-m+fp/hard\libc_nano.a(lib_a-lock.o)
                0x0000000008006e70                __retarget_lock_init_recursive
 .text.__retarget_lock_acquire_recursive
                0x0000000008006e72        0x2 c:/study/ajax systems/stm32cubeide_1.10.1/stm32cubeide/plugins/com.st.stm32cube.ide.mcu.externaltools.gnu-tools-for-stm32.10.3-2021.10.win32_1.0.0.202111181127/tools/bin/../lib/gcc/arm-none-eabi/10.3.1/../../../../arm-none-eabi/lib/thumb/v7e-m+fp/hard\libc_nano.a(lib_a-lock.o)
                0x0000000008006e72                __retarget_lock_acquire_recursive
 .text.__retarget_lock_release_recursive
                0x0000000008006e74        0x2 c:/study/ajax systems/stm32cubeide_1.10.1/stm32cubeide/plugins/com.st.stm32cube.ide.mcu.externaltools.gnu-tools-for-stm32.10.3-2021.10.win32_1.0.0.202111181127/tools/bin/../lib/gcc/arm-none-eabi/10.3.1/../../../../arm-none-eabi/lib/thumb/v7e-m+fp/hard\libc_nano.a(lib_a-lock.o)
                0x0000000008006e74                __retarget_lock_release_recursive
 .text.memcpy   0x0000000008006e76       0x1c c:/study/ajax systems/stm32cubeide_1.10.1/stm32cubeide/plugins/com.st.stm32cube.ide.mcu.externaltools.gnu-tools-for-stm32.10.3-2021.10.win32_1.0.0.202111181127/tools/bin/../lib/gcc/arm-none-eabi/10.3.1/../../../../arm-none-eabi/lib/thumb/v7e-m+fp/hard\libc_nano.a(lib_a-memcpy-stub.o)
                0x0000000008006e76                memcpy
 .text.memset   0x0000000008006e92       0x10 c:/study/ajax systems/stm32cubeide_1.10.1/stm32cubeide/plugins/com.st.stm32cube.ide.mcu.externaltools.gnu-tools-for-stm32.10.3-2021.10.win32_1.0.0.202111181127/tools/bin/../lib/gcc/arm-none-eabi/10.3.1/../../../../arm-none-eabi/lib/thumb/v7e-m+fp/hard\libc_nano.a(lib_a-memset.o)
                0x0000000008006e92                memset
 *fill*         0x0000000008006ea2        0x2 
 .text.sbrk_aligned
                0x0000000008006ea4       0x40 c:/study/ajax systems/stm32cubeide_1.10.1/stm32cubeide/plugins/com.st.stm32cube.ide.mcu.externaltools.gnu-tools-for-stm32.10.3-2021.10.win32_1.0.0.202111181127/tools/bin/../lib/gcc/arm-none-eabi/10.3.1/../../../../arm-none-eabi/lib/thumb/v7e-m+fp/hard\libc_nano.a(lib_a-nano-mallocr.o)
 .text._malloc_r
                0x0000000008006ee4       0xe8 c:/study/ajax systems/stm32cubeide_1.10.1/stm32cubeide/plugins/com.st.stm32cube.ide.mcu.externaltools.gnu-tools-for-stm32.10.3-2021.10.win32_1.0.0.202111181127/tools/bin/../lib/gcc/arm-none-eabi/10.3.1/../../../../arm-none-eabi/lib/thumb/v7e-m+fp/hard\libc_nano.a(lib_a-nano-mallocr.o)
                0x0000000008006ee4                _malloc_r
 .text.printf   0x0000000008006fcc       0x30 c:/study/ajax systems/stm32cubeide_1.10.1/stm32cubeide/plugins/com.st.stm32cube.ide.mcu.externaltools.gnu-tools-for-stm32.10.3-2021.10.win32_1.0.0.202111181127/tools/bin/../lib/gcc/arm-none-eabi/10.3.1/../../../../arm-none-eabi/lib/thumb/v7e-m+fp/hard\libc_nano.a(lib_a-printf.o)
                0x0000000008006fcc                iprintf
                0x0000000008006fcc                printf
 .text._sbrk_r  0x0000000008006ffc       0x20 c:/study/ajax systems/stm32cubeide_1.10.1/stm32cubeide/plugins/com.st.stm32cube.ide.mcu.externaltools.gnu-tools-for-stm32.10.3-2021.10.win32_1.0.0.202111181127/tools/bin/../lib/gcc/arm-none-eabi/10.3.1/../../../../arm-none-eabi/lib/thumb/v7e-m+fp/hard\libc_nano.a(lib_a-sbrkr.o)
                0x0000000008006ffc                _sbrk_r
 .text.snprintf
                0x000000000800701c       0x68 c:/study/ajax systems/stm32cubeide_1.10.1/stm32cubeide/plugins/com.st.stm32cube.ide.mcu.externaltools.gnu-tools-for-stm32.10.3-2021.10.win32_1.0.0.202111181127/tools/bin/../lib/gcc/arm-none-eabi/10.3.1/../../../../arm-none-eabi/lib/thumb/v7e-m+fp/hard\libc_nano.a(lib_a-snprintf.o)
                0x000000000800701c                sniprintf
                0x000000000800701c                snprintf
 .text.__sread  0x0000000008007084       0x22 c:/study/ajax systems/stm32cubeide_1.10.1/stm32cubeide/plugins/com.st.stm32cube.ide.mcu.externaltools.gnu-tools-for-stm32.10.3-2021.10.win32_1.0.0.202111181127/tools/bin/../lib/gcc/arm-none-eabi/10.3.1/../../../../arm-none-eabi/lib/thumb/v7e-m+fp/hard\libc_nano.a(lib_a-stdio.o)
                0x0000000008007084                __sread
 .text.__swrite
                0x00000000080070a6       0x38 c:/study/ajax systems/stm32cubeide_1.10.1/stm32cubeide/plugins/com.st.stm32cube.ide.mcu.externaltools.gnu-tools-for-stm32.10.3-2021.10.win32_1.0.0.202111181127/tools/bin/../lib/gcc/arm-none-eabi/10.3.1/../../../../arm-none-eabi/lib/thumb/v7e-m+fp/hard\libc_nano.a(lib_a-stdio.o)
                0x00000000080070a6                __swrite
 .text.__sseek  0x00000000080070de       0x24 c:/study/ajax systems/stm32cubeide_1.10.1/stm32cubeide/plugins/com.st.stm32cube.ide.mcu.externaltools.gnu-tools-for-stm32.10.3-2021.10.win32_1.0.0.202111181127/tools/bin/../lib/gcc/arm-none-eabi/10.3.1/../../../../arm-none-eabi/lib/thumb/v7e-m+fp/hard\libc_nano.a(lib_a-stdio.o)
                0x00000000080070de                __sseek
 .text.__sclose
                0x0000000008007102        0x8 c:/study/ajax systems/stm32cubeide_1.10.1/stm32cubeide/plugins/com.st.stm32cube.ide.mcu.externaltools.gnu-tools-for-stm32.10.3-2021.10.win32_1.0.0.202111181127/tools/bin/../lib/gcc/arm-none-eabi/10.3.1/../../../../arm-none-eabi/lib/thumb/v7e-m+fp/hard\libc_nano.a(lib_a-stdio.o)
                0x0000000008007102                __sclose
 .text.strnlen  0x000000000800710a       0x18 c:/study/ajax systems/stm32cubeide_1.10.1/stm32cubeide/plugins/com.st.stm32cube.ide.mcu.externaltools.gnu-tools-for-stm32.10.3-2021.10.win32_1.0.0.202111181127/tools/bin/../lib/gcc/arm-none-eabi/10.3.1/../../../../arm-none-eabi/lib/thumb/v7e-m+fp/hard\libc_nano.a(lib_a-strnlen.o)
                0x000000000800710a                strnlen
 *fill*         0x0000000008007122        0x2 
 .text._write_r
                0x0000000008007124       0x24 c:/study/ajax systems/stm32cubeide_1.10.1/stm32cubeide/plugins/com.st.stm32cube.ide.mcu.externaltools.gnu-tools-for-stm32.10.3-2021.10.win32_1.0.0.202111181127/tools/bin/../lib/gcc/arm-none-eabi/10.3.1/../../../../arm-none-eabi/lib/thumb/v7e-m+fp/hard\libc_nano.a(lib_a-writer.o)
                0x0000000008007124                _write_r
 .text._close_r
                0x0000000008007148       0x20 c:/study/ajax systems/stm32cubeide_1.10.1/stm32cubeide/plugins/com.st.stm32cube.ide.mcu.externaltools.gnu-tools-for-stm32.10.3-2021.10.win32_1.0.0.202111181127/tools/bin/../lib/gcc/arm-none-eabi/10.3.1/../../../../arm-none-eabi/lib/thumb/v7e-m+fp/hard\libc_nano.a(lib_a-closer.o)
                0x0000000008007148                _close_r
 .text.__sflush_r
                0x0000000008007168      0x10c c:/study/ajax systems/stm32cubeide_1.10.1/stm32cubeide/plugins/com.st.stm32cube.ide.mcu.externaltools.gnu-tools-for-stm32.10.3-2021.10.win32_1.0.0.202111181127/tools/bin/../lib/gcc/arm-none-eabi/10.3.1/../../../../arm-none-eabi/lib/thumb/v7e-m+fp/hard\libc_nano.a(lib_a-fflush.o)
                0x0000000008007168                __sflush_r
 .text._fflush_r
                0x0000000008007274       0x78 c:/study/ajax systems/stm32cubeide_1.10.1/stm32cubeide/plugins/com.st.stm32cube.ide.mcu.externaltools.gnu-tools-for-stm32.10.3-2021.10.win32_1.0.0.202111181127/tools/bin/../lib/gcc/arm-none-eabi/10.3.1/../../../../arm-none-eabi/lib/thumb/v7e-m+fp/hard\libc_nano.a(lib_a-fflush.o)
                0x0000000008007274                _fflush_r
 .text._lseek_r
                0x00000000080072ec       0x24 c:/study/ajax systems/stm32cubeide_1.10.1/stm32cubeide/plugins/com.st.stm32cube.ide.mcu.externaltools.gnu-tools-for-stm32.10.3-2021.10.win32_1.0.0.202111181127/tools/bin/../lib/gcc/arm-none-eabi/10.3.1/../../../../arm-none-eabi/lib/thumb/v7e-m+fp/hard\libc_nano.a(lib_a-lseekr.o)
                0x00000000080072ec                _lseek_r
 .text.__malloc_lock
                0x0000000008007310        0xc c:/study/ajax systems/stm32cubeide_1.10.1/stm32cubeide/plugins/com.st.stm32cube.ide.mcu.externaltools.gnu-tools-for-stm32.10.3-2021.10.win32_1.0.0.202111181127/tools/bin/../lib/gcc/arm-none-eabi/10.3.1/../../../../arm-none-eabi/lib/thumb/v7e-m+fp/hard\libc_nano.a(lib_a-mlock.o)
                0x0000000008007310                __malloc_lock
 .text.__malloc_unlock
                0x000000000800731c        0xc c:/study/ajax systems/stm32cubeide_1.10.1/stm32cubeide/plugins/com.st.stm32cube.ide.mcu.externaltools.gnu-tools-for-stm32.10.3-2021.10.win32_1.0.0.202111181127/tools/bin/../lib/gcc/arm-none-eabi/10.3.1/../../../../arm-none-eabi/lib/thumb/v7e-m+fp/hard\libc_nano.a(lib_a-mlock.o)
                0x000000000800731c                __malloc_unlock
 .text._free_r  0x0000000008007328       0x98 c:/study/ajax systems/stm32cubeide_1.10.1/stm32cubeide/plugins/com.st.stm32cube.ide.mcu.externaltools.gnu-tools-for-stm32.10.3-2021.10.win32_1.0.0.202111181127/tools/bin/../lib/gcc/arm-none-eabi/10.3.1/../../../../arm-none-eabi/lib/thumb/v7e-m+fp/hard\libc_nano.a(lib_a-nano-freer.o)
                0x0000000008007328                _free_r
 .text.__ssputs_r
                0x00000000080073c0       0xb6 c:/study/ajax systems/stm32cubeide_1.10.1/stm32cubeide/plugins/com.st.stm32cube.ide.mcu.externaltools.gnu-tools-for-stm32.10.3-2021.10.win32_1.0.0.202111181127/tools/bin/../lib/gcc/arm-none-eabi/10.3.1/../../../../arm-none-eabi/lib/thumb/v7e-m+fp/hard\libc_nano.a(lib_a-nano-svfprintf.o)
                0x00000000080073c0                __ssputs_r
 *fill*         0x0000000008007476        0x2 
 .text._svfprintf_r
                0x0000000008007478      0x200 c:/study/ajax systems/stm32cubeide_1.10.1/stm32cubeide/plugins/com.st.stm32cube.ide.mcu.externaltools.gnu-tools-for-stm32.10.3-2021.10.win32_1.0.0.202111181127/tools/bin/../lib/gcc/arm-none-eabi/10.3.1/../../../../arm-none-eabi/lib/thumb/v7e-m+fp/hard\libc_nano.a(lib_a-nano-svfprintf.o)
                0x0000000008007478                _svfiprintf_r
                0x0000000008007478                _svfprintf_r
 .text.__sfputc_r
                0x0000000008007678       0x2e c:/study/ajax systems/stm32cubeide_1.10.1/stm32cubeide/plugins/com.st.stm32cube.ide.mcu.externaltools.gnu-tools-for-stm32.10.3-2021.10.win32_1.0.0.202111181127/tools/bin/../lib/gcc/arm-none-eabi/10.3.1/../../../../arm-none-eabi/lib/thumb/v7e-m+fp/hard\libc_nano.a(lib_a-nano-vfprintf.o)
 .text.__sfputs_r
                0x00000000080076a6       0x24 c:/study/ajax systems/stm32cubeide_1.10.1/stm32cubeide/plugins/com.st.stm32cube.ide.mcu.externaltools.gnu-tools-for-stm32.10.3-2021.10.win32_1.0.0.202111181127/tools/bin/../lib/gcc/arm-none-eabi/10.3.1/../../../../arm-none-eabi/lib/thumb/v7e-m+fp/hard\libc_nano.a(lib_a-nano-vfprintf.o)
                0x00000000080076a6                __sfputs_r
 *fill*         0x00000000080076ca        0x2 
 .text._vfprintf_r
                0x00000000080076cc      0x260 c:/study/ajax systems/stm32cubeide_1.10.1/stm32cubeide/plugins/com.st.stm32cube.ide.mcu.externaltools.gnu-tools-for-stm32.10.3-2021.10.win32_1.0.0.202111181127/tools/bin/../lib/gcc/arm-none-eabi/10.3.1/../../../../arm-none-eabi/lib/thumb/v7e-m+fp/hard\libc_nano.a(lib_a-nano-vfprintf.o)
                0x00000000080076cc                _vfprintf_r
                0x00000000080076cc                _vfiprintf_r
 .text._printf_common
                0x000000000800792c       0xda c:/study/ajax systems/stm32cubeide_1.10.1/stm32cubeide/plugins/com.st.stm32cube.ide.mcu.externaltools.gnu-tools-for-stm32.10.3-2021.10.win32_1.0.0.202111181127/tools/bin/../lib/gcc/arm-none-eabi/10.3.1/../../../../arm-none-eabi/lib/thumb/v7e-m+fp/hard\libc_nano.a(lib_a-nano-vfprintf_i.o)
                0x000000000800792c                _printf_common
 *fill*         0x0000000008007a06        0x2 
 .text._printf_i
                0x0000000008007a08      0x24c c:/study/ajax systems/stm32cubeide_1.10.1/stm32cubeide/plugins/com.st.stm32cube.ide.mcu.externaltools.gnu-tools-for-stm32.10.3-2021.10.win32_1.0.0.202111181127/tools/bin/../lib/gcc/arm-none-eabi/10.3.1/../../../../arm-none-eabi/lib/thumb/v7e-m+fp/hard\libc_nano.a(lib_a-nano-vfprintf_i.o)
                0x0000000008007a08                _printf_i
 .text._read_r  0x0000000008007c54       0x24 c:/study/ajax systems/stm32cubeide_1.10.1/stm32cubeide/plugins/com.st.stm32cube.ide.mcu.externaltools.gnu-tools-for-stm32.10.3-2021.10.win32_1.0.0.202111181127/tools/bin/../lib/gcc/arm-none-eabi/10.3.1/../../../../arm-none-eabi/lib/thumb/v7e-m+fp/hard\libc_nano.a(lib_a-readr.o)
                0x0000000008007c54                _read_r
 .text.__swbuf_r
                0x0000000008007c78       0xa4 c:/study/ajax systems/stm32cubeide_1.10.1/stm32cubeide/plugins/com.st.stm32cube.ide.mcu.externaltools.gnu-tools-for-stm32.10.3-2021.10.win32_1.0.0.202111181127/tools/bin/../lib/gcc/arm-none-eabi/10.3.1/../../../../arm-none-eabi/lib/thumb/v7e-m+fp/hard\libc_nano.a(lib_a-wbuf.o)
                0x0000000008007c78                __swbuf_r
 .text.__swsetup_r
                0x0000000008007d1c       0xdc c:/study/ajax systems/stm32cubeide_1.10.1/stm32cubeide/plugins/com.st.stm32cube.ide.mcu.externaltools.gnu-tools-for-stm32.10.3-2021.10.win32_1.0.0.202111181127/tools/bin/../lib/gcc/arm-none-eabi/10.3.1/../../../../arm-none-eabi/lib/thumb/v7e-m+fp/hard\libc_nano.a(lib_a-wsetup.o)
                0x0000000008007d1c                __swsetup_r
 .text.__swhatbuf_r
                0x0000000008007df8       0x4a c:/study/ajax systems/stm32cubeide_1.10.1/stm32cubeide/plugins/com.st.stm32cube.ide.mcu.externaltools.gnu-tools-for-stm32.10.3-2021.10.win32_1.0.0.202111181127/tools/bin/../lib/gcc/arm-none-eabi/10.3.1/../../../../arm-none-eabi/lib/thumb/v7e-m+fp/hard\libc_nano.a(lib_a-makebuf.o)
                0x0000000008007df8                __swhatbuf_r
 *fill*         0x0000000008007e42        0x2 
 .text.__smakebuf_r
                0x0000000008007e44       0x80 c:/study/ajax systems/stm32cubeide_1.10.1/stm32cubeide/plugins/com.st.stm32cube.ide.mcu.externaltools.gnu-tools-for-stm32.10.3-2021.10.win32_1.0.0.202111181127/tools/bin/../lib/gcc/arm-none-eabi/10.3.1/../../../../arm-none-eabi/lib/thumb/v7e-m+fp/hard\libc_nano.a(lib_a-makebuf.o)
                0x0000000008007e44                __smakebuf_r
 .text.memmove  0x0000000008007ec4       0x34 c:/study/ajax systems/stm32cubeide_1.10.1/stm32cubeide/plugins/com.st.stm32cube.ide.mcu.externaltools.gnu-tools-for-stm32.10.3-2021.10.win32_1.0.0.202111181127/tools/bin/../lib/gcc/arm-none-eabi/10.3.1/../../../../arm-none-eabi/lib/thumb/v7e-m+fp/hard\libc_nano.a(lib_a-memmove.o)
                0x0000000008007ec4                memmove
 .text._realloc_r
                0x0000000008007ef8       0x5e c:/study/ajax systems/stm32cubeide_1.10.1/stm32cubeide/plugins/com.st.stm32cube.ide.mcu.externaltools.gnu-tools-for-stm32.10.3-2021.10.win32_1.0.0.202111181127/tools/bin/../lib/gcc/arm-none-eabi/10.3.1/../../../../arm-none-eabi/lib/thumb/v7e-m+fp/hard\libc_nano.a(lib_a-nano-reallocr.o)
                0x0000000008007ef8                _realloc_r
 *fill*         0x0000000008007f56        0x2 
 .text._fstat_r
                0x0000000008007f58       0x24 c:/study/ajax systems/stm32cubeide_1.10.1/stm32cubeide/plugins/com.st.stm32cube.ide.mcu.externaltools.gnu-tools-for-stm32.10.3-2021.10.win32_1.0.0.202111181127/tools/bin/../lib/gcc/arm-none-eabi/10.3.1/../../../../arm-none-eabi/lib/thumb/v7e-m+fp/hard\libc_nano.a(lib_a-fstatr.o)
                0x0000000008007f58                _fstat_r
 .text._isatty_r
                0x0000000008007f7c       0x20 c:/study/ajax systems/stm32cubeide_1.10.1/stm32cubeide/plugins/com.st.stm32cube.ide.mcu.externaltools.gnu-tools-for-stm32.10.3-2021.10.win32_1.0.0.202111181127/tools/bin/../lib/gcc/arm-none-eabi/10.3.1/../../../../arm-none-eabi/lib/thumb/v7e-m+fp/hard\libc_nano.a(lib_a-isattyr.o)
                0x0000000008007f7c                _isatty_r
 .text._malloc_usable_size_r
                0x0000000008007f9c       0x10 c:/study/ajax systems/stm32cubeide_1.10.1/stm32cubeide/plugins/com.st.stm32cube.ide.mcu.externaltools.gnu-tools-for-stm32.10.3-2021.10.win32_1.0.0.202111181127/tools/bin/../lib/gcc/arm-none-eabi/10.3.1/../../../../arm-none-eabi/lib/thumb/v7e-m+fp/hard\libc_nano.a(lib_a-nano-msizer.o)
                0x0000000008007f9c                _malloc_usable_size_r
 *(.glue_7)
 .glue_7        0x0000000008007fac        0x0 linker stubs
 *(.glue_7t)
 .glue_7t       0x0000000008007fac        0x0 linker stubs
 *(.eh_frame)
 .eh_frame      0x0000000008007fac        0x0 c:/study/ajax systems/stm32cubeide_1.10.1/stm32cubeide/plugins/com.st.stm32cube.ide.mcu.externaltools.gnu-tools-for-stm32.10.3-2021.10.win32_1.0.0.202111181127/tools/bin/../lib/gcc/arm-none-eabi/10.3.1/thumb/v7e-m+fp/hard/crtbegin.o
 *(.init)
 .init          0x0000000008007fac        0x4 c:/study/ajax systems/stm32cubeide_1.10.1/stm32cubeide/plugins/com.st.stm32cube.ide.mcu.externaltools.gnu-tools-for-stm32.10.3-2021.10.win32_1.0.0.202111181127/tools/bin/../lib/gcc/arm-none-eabi/10.3.1/thumb/v7e-m+fp/hard/crti.o
                0x0000000008007fac                _init
 .init          0x0000000008007fb0        0x8 c:/study/ajax systems/stm32cubeide_1.10.1/stm32cubeide/plugins/com.st.stm32cube.ide.mcu.externaltools.gnu-tools-for-stm32.10.3-2021.10.win32_1.0.0.202111181127/tools/bin/../lib/gcc/arm-none-eabi/10.3.1/thumb/v7e-m+fp/hard/crtn.o
 *(.fini)
 .fini          0x0000000008007fb8        0x4 c:/study/ajax systems/stm32cubeide_1.10.1/stm32cubeide/plugins/com.st.stm32cube.ide.mcu.externaltools.gnu-tools-for-stm32.10.3-2021.10.win32_1.0.0.202111181127/tools/bin/../lib/gcc/arm-none-eabi/10.3.1/thumb/v7e-m+fp/hard/crti.o
                0x0000000008007fb8                _fini
 .fini          0x0000000008007fbc        0x8 c:/study/ajax systems/stm32cubeide_1.10.1/stm32cubeide/plugins/com.st.stm32cube.ide.mcu.externaltools.gnu-tools-for-stm32.10.3-2021.10.win32_1.0.0.202111181127/tools/bin/../lib/gcc/arm-none-eabi/10.3.1/thumb/v7e-m+fp/hard/crtn.o
                0x0000000008007fc4                . = ALIGN (0x4)
                0x0000000008007fc4                _etext = .

.vfp11_veneer   0x0000000008007fc4        0x0
 .vfp11_veneer  0x0000000008007fc4        0x0 linker stubs

.v4_bx          0x0000000008007fc4        0x0
 .v4_bx         0x0000000008007fc4        0x0 linker stubs

.iplt           0x0000000008007fc4        0x0
 .iplt          0x0000000008007fc4        0x0 c:/study/ajax systems/stm32cubeide_1.10.1/stm32cubeide/plugins/com.st.stm32cube.ide.mcu.externaltools.gnu-tools-for-stm32.10.3-2021.10.win32_1.0.0.202111181127/tools/bin/../lib/gcc/arm-none-eabi/10.3.1/thumb/v7e-m+fp/hard/crtbegin.o

.rodata         0x0000000008007fc4      0x234
                0x0000000008007fc4                . = ALIGN (0x4)
 *(.rodata)
 .rodata        0x0000000008007fc4       0x98 ./Core/Src/main.o
 *(.rodata*)
 .rodata.Rcmd   0x000000000800805c       0x71 ./Core/Src/lcd.o
                0x000000000800805c                Rcmd
 *fill*         0x00000000080080cd        0x3 
 .rodata.taskLEDBlink_attributes
                0x00000000080080d0       0x24 ./Core/Src/main.o
                0x00000000080080d0                taskLEDBlink_attributes
 .rodata.taskButtonRead_attributes
                0x00000000080080f4       0x24 ./Core/Src/main.o
                0x00000000080080f4                taskButtonRead_attributes
 .rodata.muxUART_attributes
                0x0000000008008118       0x10 ./Core/Src/main.o
                0x0000000008008118                muxUART_attributes
 .rodata.muxLCD_attributes
                0x0000000008008128       0x10 ./Core/Src/main.o
                0x0000000008008128                muxLCD_attributes
 .rodata.__FUNCTION__.0
                0x0000000008008138        0x5 ./Core/Src/main.o
 *fill*         0x000000000800813d        0x3 
 .rodata.AHBPrescTable
                0x0000000008008140       0x10 ./Core/Src/system_stm32f4xx.o
                0x0000000008008140                AHBPrescTable
 .rodata.APBPrescTable
                0x0000000008008150        0x8 ./Core/Src/system_stm32f4xx.o
                0x0000000008008150                APBPrescTable
 .rodata.flagBitshiftOffset.0
                0x0000000008008158        0x8 ./Drivers/STM32F4xx_HAL_Driver/Src/stm32f4xx_hal_dma.o
 .rodata.__sf_fake_stderr
                0x0000000008008160       0x20 c:/study/ajax systems/stm32cubeide_1.10.1/stm32cubeide/plugins/com.st.stm32cube.ide.mcu.externaltools.gnu-tools-for-stm32.10.3-2021.10.win32_1.0.0.202111181127/tools/bin/../lib/gcc/arm-none-eabi/10.3.1/../../../../arm-none-eabi/lib/thumb/v7e-m+fp/hard\libc_nano.a(lib_a-findfp.o)
                0x0000000008008160                __sf_fake_stderr
 .rodata.__sf_fake_stdin
                0x0000000008008180       0x20 c:/study/ajax systems/stm32cubeide_1.10.1/stm32cubeide/plugins/com.st.stm32cube.ide.mcu.externaltools.gnu-tools-for-stm32.10.3-2021.10.win32_1.0.0.202111181127/tools/bin/../lib/gcc/arm-none-eabi/10.3.1/../../../../arm-none-eabi/lib/thumb/v7e-m+fp/hard\libc_nano.a(lib_a-findfp.o)
                0x0000000008008180                __sf_fake_stdin
 .rodata.__sf_fake_stdout
                0x00000000080081a0       0x20 c:/study/ajax systems/stm32cubeide_1.10.1/stm32cubeide/plugins/com.st.stm32cube.ide.mcu.externaltools.gnu-tools-for-stm32.10.3-2021.10.win32_1.0.0.202111181127/tools/bin/../lib/gcc/arm-none-eabi/10.3.1/../../../../arm-none-eabi/lib/thumb/v7e-m+fp/hard\libc_nano.a(lib_a-findfp.o)
                0x00000000080081a0                __sf_fake_stdout
 .rodata._global_impure_ptr
                0x00000000080081c0        0x4 c:/study/ajax systems/stm32cubeide_1.10.1/stm32cubeide/plugins/com.st.stm32cube.ide.mcu.externaltools.gnu-tools-for-stm32.10.3-2021.10.win32_1.0.0.202111181127/tools/bin/../lib/gcc/arm-none-eabi/10.3.1/../../../../arm-none-eabi/lib/thumb/v7e-m+fp/hard\libc_nano.a(lib_a-impure.o)
                0x00000000080081c0                _global_impure_ptr
 .rodata._svfprintf_r.str1.1
                0x00000000080081c4       0x11 c:/study/ajax systems/stm32cubeide_1.10.1/stm32cubeide/plugins/com.st.stm32cube.ide.mcu.externaltools.gnu-tools-for-stm32.10.3-2021.10.win32_1.0.0.202111181127/tools/bin/../lib/gcc/arm-none-eabi/10.3.1/../../../../arm-none-eabi/lib/thumb/v7e-m+fp/hard\libc_nano.a(lib_a-nano-svfprintf.o)
 .rodata._vfprintf_r.str1.1
                0x00000000080081d5       0x11 c:/study/ajax systems/stm32cubeide_1.10.1/stm32cubeide/plugins/com.st.stm32cube.ide.mcu.externaltools.gnu-tools-for-stm32.10.3-2021.10.win32_1.0.0.202111181127/tools/bin/../lib/gcc/arm-none-eabi/10.3.1/../../../../arm-none-eabi/lib/thumb/v7e-m+fp/hard\libc_nano.a(lib_a-nano-vfprintf.o)
 .rodata._printf_i.str1.1
                0x00000000080081d5       0x22 c:/study/ajax systems/stm32cubeide_1.10.1/stm32cubeide/plugins/com.st.stm32cube.ide.mcu.externaltools.gnu-tools-for-stm32.10.3-2021.10.win32_1.0.0.202111181127/tools/bin/../lib/gcc/arm-none-eabi/10.3.1/../../../../arm-none-eabi/lib/thumb/v7e-m+fp/hard\libc_nano.a(lib_a-nano-vfprintf_i.o)
                0x00000000080081f8                . = ALIGN (0x4)
 *fill*         0x00000000080081f7        0x1 

.ARM.extab      0x00000000080081f8        0x0
                0x00000000080081f8                . = ALIGN (0x4)
 *(.ARM.extab* .gnu.linkonce.armextab.*)
                0x00000000080081f8                . = ALIGN (0x4)

.ARM            0x00000000080081f8        0x8
                0x00000000080081f8                . = ALIGN (0x4)
                0x00000000080081f8                __exidx_start = .
 *(.ARM.exidx*)
 .ARM.exidx     0x00000000080081f8        0x8 c:/study/ajax systems/stm32cubeide_1.10.1/stm32cubeide/plugins/com.st.stm32cube.ide.mcu.externaltools.gnu-tools-for-stm32.10.3-2021.10.win32_1.0.0.202111181127/tools/bin/../lib/gcc/arm-none-eabi/10.3.1/thumb/v7e-m+fp/hard\libgcc.a(_udivmoddi4.o)
                0x0000000008008200                __exidx_end = .
                0x0000000008008200                . = ALIGN (0x4)

.rel.dyn        0x0000000008008200        0x0
 .rel.iplt      0x0000000008008200        0x0 c:/study/ajax systems/stm32cubeide_1.10.1/stm32cubeide/plugins/com.st.stm32cube.ide.mcu.externaltools.gnu-tools-for-stm32.10.3-2021.10.win32_1.0.0.202111181127/tools/bin/../lib/gcc/arm-none-eabi/10.3.1/thumb/v7e-m+fp/hard/crtbegin.o

.preinit_array  0x0000000008008200        0x0
                0x0000000008008200                . = ALIGN (0x4)
                0x0000000008008200                PROVIDE (__preinit_array_start = .)
 *(.preinit_array*)
                0x0000000008008200                PROVIDE (__preinit_array_end = .)
                0x0000000008008200                . = ALIGN (0x4)

.init_array     0x0000000008008200        0x4
                0x0000000008008200                . = ALIGN (0x4)
                0x0000000008008200                PROVIDE (__init_array_start = .)
 *(SORT_BY_NAME(.init_array.*))
 *(.init_array*)
 .init_array    0x0000000008008200        0x4 c:/study/ajax systems/stm32cubeide_1.10.1/stm32cubeide/plugins/com.st.stm32cube.ide.mcu.externaltools.gnu-tools-for-stm32.10.3-2021.10.win32_1.0.0.202111181127/tools/bin/../lib/gcc/arm-none-eabi/10.3.1/thumb/v7e-m+fp/hard/crtbegin.o
                0x0000000008008204                PROVIDE (__init_array_end = .)
                0x0000000008008204                . = ALIGN (0x4)

.fini_array     0x0000000008008204        0x4
                0x0000000008008204                . = ALIGN (0x4)
                [!provide]                        PROVIDE (__fini_array_start = .)
 *(SORT_BY_NAME(.fini_array.*))
 *(.fini_array*)
 .fini_array    0x0000000008008204        0x4 c:/study/ajax systems/stm32cubeide_1.10.1/stm32cubeide/plugins/com.st.stm32cube.ide.mcu.externaltools.gnu-tools-for-stm32.10.3-2021.10.win32_1.0.0.202111181127/tools/bin/../lib/gcc/arm-none-eabi/10.3.1/thumb/v7e-m+fp/hard/crtbegin.o
                [!provide]                        PROVIDE (__fini_array_end = .)
                0x0000000008008208                . = ALIGN (0x4)
                0x0000000008008208                _sidata = LOADADDR (.data)

.data           0x0000000020000000       0x7c load address 0x0000000008008208
                0x0000000020000000                . = ALIGN (0x4)
                0x0000000020000000                _sdata = .
 *(.data)
 *(.data*)
 .data.rx_head  0x0000000020000000        0x4 ./Core/Src/main.o
 .data.rx_tail  0x0000000020000004        0x4 ./Core/Src/main.o
 .data.SystemCoreClock
                0x0000000020000008        0x4 ./Core/Src/system_stm32f4xx.o
                0x0000000020000008                SystemCoreClock
 .data.uwTickPrio
                0x000000002000000c        0x4 ./Drivers/STM32F4xx_HAL_Driver/Src/stm32f4xx_hal.o
                0x000000002000000c                uwTickPrio
 .data.uwTickFreq
                0x0000000020000010        0x1 ./Drivers/STM32F4xx_HAL_Driver/Src/stm32f4xx_hal.o
                0x0000000020000010                uwTickFreq
 *fill*         0x0000000020000011        0x3 
 .data.uxCriticalNesting
                0x0000000020000014        0x4 ./Middlewares/Third_Party/FreeRTOS/Source/portable/GCC/ARM_CM4F/port.o
 .data._impure_ptr
                0x0000000020000018        0x4 c:/study/ajax systems/stm32cubeide_1.10.1/stm32cubeide/plugins/com.st.stm32cube.ide.mcu.externaltools.gnu-tools-for-stm32.10.3-2021.10.win32_1.0.0.202111181127/tools/bin/../lib/gcc/arm-none-eabi/10.3.1/../../../../arm-none-eabi/lib/thumb/v7e-m+fp/hard\libc_nano.a(lib_a-impure.o)
                0x0000000020000018                _impure_ptr
 .data.impure_data
                0x000000002000001c       0x60 c:/study/ajax systems/stm32cubeide_1.10.1/stm32cubeide/plugins/com.st.stm32cube.ide.mcu.externaltools.gnu-tools-for-stm32.10.3-2021.10.win32_1.0.0.202111181127/tools/bin/../lib/gcc/arm-none-eabi/10.3.1/../../../../arm-none-eabi/lib/thumb/v7e-m+fp/hard\libc_nano.a(lib_a-impure.o)
 *(.RamFunc)
 *(.RamFunc*)
                0x000000002000007c                . = ALIGN (0x4)
                0x000000002000007c                _edata = .

.igot.plt       0x000000002000007c        0x0 load address 0x0000000008008284
 .igot.plt      0x000000002000007c        0x0 c:/study/ajax systems/stm32cubeide_1.10.1/stm32cubeide/plugins/com.st.stm32cube.ide.mcu.externaltools.gnu-tools-for-stm32.10.3-2021.10.win32_1.0.0.202111181127/tools/bin/../lib/gcc/arm-none-eabi/10.3.1/thumb/v7e-m+fp/hard/crtbegin.o
                0x000000002000007c                . = ALIGN (0x4)

.bss            0x000000002000007c     0x4470 load address 0x0000000008008284
                0x000000002000007c                _sbss = .
                0x000000002000007c                __bss_start__ = _sbss
 *(.bss)
 .bss           0x000000002000007c       0x1c c:/study/ajax systems/stm32cubeide_1.10.1/stm32cubeide/plugins/com.st.stm32cube.ide.mcu.externaltools.gnu-tools-for-stm32.10.3-2021.10.win32_1.0.0.202111181127/tools/bin/../lib/gcc/arm-none-eabi/10.3.1/thumb/v7e-m+fp/hard/crtbegin.o
 *(.bss*)
 .bss.rotation  0x0000000020000098        0x1 ./Core/Src/lcd.o
 *fill*         0x0000000020000099        0x1 
 .bss._xstart   0x000000002000009a        0x2 ./Core/Src/lcd.o
 .bss._ystart   0x000000002000009c        0x2 ./Core/Src/lcd.o
 .bss._width    0x000000002000009e        0x2 ./Core/Src/lcd.o
 .bss._height   0x00000000200000a0        0x2 ./Core/Src/lcd.o
 .bss._colstart
                0x00000000200000a2        0x1 ./Core/Src/lcd.o
 .bss._rowstart
                0x00000000200000a3        0x1 ./Core/Src/lcd.o
 .bss.hi2c1     0x00000000200000a4       0x54 ./Core/Src/main.o
                0x00000000200000a4                hi2c1
 .bss.hspi1     0x00000000200000f8       0x58 ./Core/Src/main.o
                0x00000000200000f8                hspi1
 .bss.htim9     0x0000000020000150       0x48 ./Core/Src/main.o
                0x0000000020000150                htim9
 .bss.huart1    0x0000000020000198       0x44 ./Core/Src/main.o
                0x0000000020000198                huart1
 .bss.hdma_usart1_rx
                0x00000000200001dc       0x60 ./Core/Src/main.o
                0x00000000200001dc                hdma_usart1_rx
 .bss.taskLEDBlinkHandle
                0x000000002000023c        0x4 ./Core/Src/main.o
                0x000000002000023c                taskLEDBlinkHandle
 .bss.taskButtonReadHandle
                0x0000000020000240        0x4 ./Core/Src/main.o
                0x0000000020000240                taskButtonReadHandle
 .bss.muxUARTHandle
                0x0000000020000244        0x4 ./Core/Src/main.o
                0x0000000020000244                muxUARTHandle
 .bss.muxLCDHandle
                0x0000000020000248        0x4 ./Core/Src/main.o
                0x0000000020000248                muxLCDHandle
 .bss.rx_buffer
                0x000000002000024c       0xc8 ./Core/Src/main.o
 .bss.text      0x0000000020000314       0x64 ./Core/Src/main.o
                0x0000000020000314                text
 .bss.__sbrk_heap_end
                0x0000000020000378        0x4 ./Core/Src/sysmem.o
 .bss.uwTick    0x000000002000037c        0x4 ./Drivers/STM32F4xx_HAL_Driver/Src/stm32f4xx_hal.o
                0x000000002000037c                uwTick
 .bss.KernelState
                0x0000000020000380        0x4 ./Middlewares/Third_Party/FreeRTOS/Source/CMSIS_RTOS_V2/cmsis_os2.o
 .bss.xQueueRegistry
                0x0000000020000384       0x40 ./Middlewares/Third_Party/FreeRTOS/Source/queue.o
                0x0000000020000384                xQueueRegistry
 .bss.pxCurrentTCB
                0x00000000200003c4        0x4 ./Middlewares/Third_Party/FreeRTOS/Source/tasks.o
                0x00000000200003c4                pxCurrentTCB
 .bss.pxReadyTasksLists
                0x00000000200003c8      0x460 ./Middlewares/Third_Party/FreeRTOS/Source/tasks.o
 .bss.xDelayedTaskList1
                0x0000000020000828       0x14 ./Middlewares/Third_Party/FreeRTOS/Source/tasks.o
 .bss.xDelayedTaskList2
                0x000000002000083c       0x14 ./Middlewares/Third_Party/FreeRTOS/Source/tasks.o
 .bss.pxDelayedTaskList
                0x0000000020000850        0x4 ./Middlewares/Third_Party/FreeRTOS/Source/tasks.o
 .bss.pxOverflowDelayedTaskList
                0x0000000020000854        0x4 ./Middlewares/Third_Party/FreeRTOS/Source/tasks.o
 .bss.xPendingReadyList
                0x0000000020000858       0x14 ./Middlewares/Third_Party/FreeRTOS/Source/tasks.o
 .bss.xTasksWaitingTermination
                0x000000002000086c       0x14 ./Middlewares/Third_Party/FreeRTOS/Source/tasks.o
 .bss.xSuspendedTaskList
                0x0000000020000880       0x14 ./Middlewares/Third_Party/FreeRTOS/Source/tasks.o
 .bss.uxCurrentNumberOfTasks
                0x0000000020000894        0x4 ./Middlewares/Third_Party/FreeRTOS/Source/tasks.o
 .bss.xTickCount
                0x0000000020000898        0x4 ./Middlewares/Third_Party/FreeRTOS/Source/tasks.o
 .bss.uxTopReadyPriority
                0x000000002000089c        0x4 ./Middlewares/Third_Party/FreeRTOS/Source/tasks.o
 .bss.xSchedulerRunning
                0x00000000200008a0        0x4 ./Middlewares/Third_Party/FreeRTOS/Source/tasks.o
 .bss.xPendedTicks
                0x00000000200008a4        0x4 ./Middlewares/Third_Party/FreeRTOS/Source/tasks.o
 .bss.xYieldPending
                0x00000000200008a8        0x4 ./Middlewares/Third_Party/FreeRTOS/Source/tasks.o
 .bss.xNumOfOverflows
                0x00000000200008ac        0x4 ./Middlewares/Third_Party/FreeRTOS/Source/tasks.o
 .bss.uxTaskNumber
                0x00000000200008b0        0x4 ./Middlewares/Third_Party/FreeRTOS/Source/tasks.o
 .bss.xNextTaskUnblockTime
                0x00000000200008b4        0x4 ./Middlewares/Third_Party/FreeRTOS/Source/tasks.o
 .bss.uxSchedulerSuspended
                0x00000000200008b8        0x4 ./Middlewares/Third_Party/FreeRTOS/Source/tasks.o
 .bss.ucHeap    0x00000000200008bc     0x3c00 ./Middlewares/Third_Party/FreeRTOS/Source/portable/MemMang/heap_4.o
 .bss.xStart    0x00000000200044bc        0x8 ./Middlewares/Third_Party/FreeRTOS/Source/portable/MemMang/heap_4.o
 .bss.pxEnd     0x00000000200044c4        0x4 ./Middlewares/Third_Party/FreeRTOS/Source/portable/MemMang/heap_4.o
 .bss.xFreeBytesRemaining
                0x00000000200044c8        0x4 ./Middlewares/Third_Party/FreeRTOS/Source/portable/MemMang/heap_4.o
 .bss.xMinimumEverFreeBytesRemaining
                0x00000000200044cc        0x4 ./Middlewares/Third_Party/FreeRTOS/Source/portable/MemMang/heap_4.o
 .bss.xNumberOfSuccessfulAllocations
                0x00000000200044d0        0x4 ./Middlewares/Third_Party/FreeRTOS/Source/portable/MemMang/heap_4.o
 .bss.xNumberOfSuccessfulFrees
                0x00000000200044d4        0x4 ./Middlewares/Third_Party/FreeRTOS/Source/portable/MemMang/heap_4.o
 .bss.xBlockAllocatedBit
                0x00000000200044d8        0x4 ./Middlewares/Third_Party/FreeRTOS/Source/portable/MemMang/heap_4.o
 .bss.__lock___malloc_recursive_mutex
                0x00000000200044dc        0x1 c:/study/ajax systems/stm32cubeide_1.10.1/stm32cubeide/plugins/com.st.stm32cube.ide.mcu.externaltools.gnu-tools-for-stm32.10.3-2021.10.win32_1.0.0.202111181127/tools/bin/../lib/gcc/arm-none-eabi/10.3.1/../../../../arm-none-eabi/lib/thumb/v7e-m+fp/hard\libc_nano.a(lib_a-lock.o)
                0x00000000200044dc                __lock___malloc_recursive_mutex
 .bss.__lock___sfp_recursive_mutex
                0x00000000200044dd        0x1 c:/study/ajax systems/stm32cubeide_1.10.1/stm32cubeide/plugins/com.st.stm32cube.ide.mcu.externaltools.gnu-tools-for-stm32.10.3-2021.10.win32_1.0.0.202111181127/tools/bin/../lib/gcc/arm-none-eabi/10.3.1/../../../../arm-none-eabi/lib/thumb/v7e-m+fp/hard\libc_nano.a(lib_a-lock.o)
                0x00000000200044dd                __lock___sfp_recursive_mutex
 .bss.__lock___sinit_recursive_mutex
                0x00000000200044de        0x1 c:/study/ajax systems/stm32cubeide_1.10.1/stm32cubeide/plugins/com.st.stm32cube.ide.mcu.externaltools.gnu-tools-for-stm32.10.3-2021.10.win32_1.0.0.202111181127/tools/bin/../lib/gcc/arm-none-eabi/10.3.1/../../../../arm-none-eabi/lib/thumb/v7e-m+fp/hard\libc_nano.a(lib_a-lock.o)
                0x00000000200044de                __lock___sinit_recursive_mutex
 *fill*         0x00000000200044df        0x1 
 .bss.__malloc_free_list
                0x00000000200044e0        0x4 c:/study/ajax systems/stm32cubeide_1.10.1/stm32cubeide/plugins/com.st.stm32cube.ide.mcu.externaltools.gnu-tools-for-stm32.10.3-2021.10.win32_1.0.0.202111181127/tools/bin/../lib/gcc/arm-none-eabi/10.3.1/../../../../arm-none-eabi/lib/thumb/v7e-m+fp/hard\libc_nano.a(lib_a-nano-mallocr.o)
                0x00000000200044e0                __malloc_free_list
 .bss.__malloc_sbrk_start
                0x00000000200044e4        0x4 c:/study/ajax systems/stm32cubeide_1.10.1/stm32cubeide/plugins/com.st.stm32cube.ide.mcu.externaltools.gnu-tools-for-stm32.10.3-2021.10.win32_1.0.0.202111181127/tools/bin/../lib/gcc/arm-none-eabi/10.3.1/../../../../arm-none-eabi/lib/thumb/v7e-m+fp/hard\libc_nano.a(lib_a-nano-mallocr.o)
                0x00000000200044e4                __malloc_sbrk_start
 .bss.errno     0x00000000200044e8        0x4 c:/study/ajax systems/stm32cubeide_1.10.1/stm32cubeide/plugins/com.st.stm32cube.ide.mcu.externaltools.gnu-tools-for-stm32.10.3-2021.10.win32_1.0.0.202111181127/tools/bin/../lib/gcc/arm-none-eabi/10.3.1/../../../../arm-none-eabi/lib/thumb/v7e-m+fp/hard\libc_nano.a(lib_a-reent.o)
                0x00000000200044e8                errno
 *(COMMON)
                0x00000000200044ec                . = ALIGN (0x4)
                0x00000000200044ec                _ebss = .
                0x00000000200044ec                __bss_end__ = _ebss

._user_heap_stack
                0x00000000200044ec      0x604 load address 0x0000000008008284
                0x00000000200044f0                . = ALIGN (0x8)
 *fill*         0x00000000200044ec        0x4 
                [!provide]                        PROVIDE (end = .)
                0x00000000200044f0                PROVIDE (_end = .)
                0x00000000200046f0                . = (. + _Min_Heap_Size)
 *fill*         0x00000000200044f0      0x200 
                0x0000000020004af0                . = (. + _Min_Stack_Size)
 *fill*         0x00000000200046f0      0x400 
                0x0000000020004af0                . = ALIGN (0x8)

/DISCARD/
 libc.a(*)
 libm.a(*)
 libgcc.a(*)

.ARM.attributes
                0x0000000000000000       0x30
 *(.ARM.attributes)
 .ARM.attributes
                0x0000000000000000       0x1e c:/study/ajax systems/stm32cubeide_1.10.1/stm32cubeide/plugins/com.st.stm32cube.ide.mcu.externaltools.gnu-tools-for-stm32.10.3-2021.10.win32_1.0.0.202111181127/tools/bin/../lib/gcc/arm-none-eabi/10.3.1/thumb/v7e-m+fp/hard/crti.o
 .ARM.attributes
                0x000000000000001e       0x34 c:/study/ajax systems/stm32cubeide_1.10.1/stm32cubeide/plugins/com.st.stm32cube.ide.mcu.externaltools.gnu-tools-for-stm32.10.3-2021.10.win32_1.0.0.202111181127/tools/bin/../lib/gcc/arm-none-eabi/10.3.1/thumb/v7e-m+fp/hard/crtbegin.o
 .ARM.attributes
                0x0000000000000052       0x34 ./Core/Src/lcd.o
 .ARM.attributes
                0x0000000000000086       0x34 ./Core/Src/main.o
 .ARM.attributes
                0x00000000000000ba       0x34 ./Core/Src/stm32f4xx_hal_msp.o
 .ARM.attributes
                0x00000000000000ee       0x34 ./Core/Src/stm32f4xx_it.o
 .ARM.attributes
                0x0000000000000122       0x34 ./Core/Src/syscalls.o
 .ARM.attributes
                0x0000000000000156       0x34 ./Core/Src/sysmem.o
 .ARM.attributes
                0x000000000000018a       0x34 ./Core/Src/system_stm32f4xx.o
 .ARM.attributes
                0x00000000000001be       0x21 ./Core/Startup/startup_stm32f401ccux.o
 .ARM.attributes
                0x00000000000001df       0x34 ./Drivers/STM32F4xx_HAL_Driver/Src/stm32f4xx_hal.o
 .ARM.attributes
                0x0000000000000213       0x34 ./Drivers/STM32F4xx_HAL_Driver/Src/stm32f4xx_hal_cortex.o
 .ARM.attributes
                0x0000000000000247       0x34 ./Drivers/STM32F4xx_HAL_Driver/Src/stm32f4xx_hal_dma.o
 .ARM.attributes
                0x000000000000027b       0x34 ./Drivers/STM32F4xx_HAL_Driver/Src/stm32f4xx_hal_gpio.o
 .ARM.attributes
                0x00000000000002af       0x34 ./Drivers/STM32F4xx_HAL_Driver/Src/stm32f4xx_hal_i2c.o
 .ARM.attributes
                0x00000000000002e3       0x34 ./Drivers/STM32F4xx_HAL_Driver/Src/stm32f4xx_hal_rcc.o
 .ARM.attributes
                0x0000000000000317       0x34 ./Drivers/STM32F4xx_HAL_Driver/Src/stm32f4xx_hal_spi.o
 .ARM.attributes
                0x000000000000034b       0x34 ./Drivers/STM32F4xx_HAL_Driver/Src/stm32f4xx_hal_tim.o
 .ARM.attributes
                0x000000000000037f       0x34 ./Drivers/STM32F4xx_HAL_Driver/Src/stm32f4xx_hal_tim_ex.o
 .ARM.attributes
                0x00000000000003b3       0x34 ./Drivers/STM32F4xx_HAL_Driver/Src/stm32f4xx_hal_uart.o
 .ARM.attributes
                0x00000000000003e7       0x34 ./Middlewares/Third_Party/FreeRTOS/Source/CMSIS_RTOS_V2/cmsis_os2.o
 .ARM.attributes
                0x000000000000041b       0x34 ./Middlewares/Third_Party/FreeRTOS/Source/list.o
 .ARM.attributes
                0x000000000000044f       0x34 ./Middlewares/Third_Party/FreeRTOS/Source/queue.o
 .ARM.attributes
                0x0000000000000483       0x34 ./Middlewares/Third_Party/FreeRTOS/Source/tasks.o
 .ARM.attributes
                0x00000000000004b7       0x34 ./Middlewares/Third_Party/FreeRTOS/Source/portable/GCC/ARM_CM4F/port.o
 .ARM.attributes
                0x00000000000004eb       0x34 ./Middlewares/Third_Party/FreeRTOS/Source/portable/MemMang/heap_4.o
 .ARM.attributes
                0x000000000000051f       0x34 c:/study/ajax systems/stm32cubeide_1.10.1/stm32cubeide/plugins/com.st.stm32cube.ide.mcu.externaltools.gnu-tools-for-stm32.10.3-2021.10.win32_1.0.0.202111181127/tools/bin/../lib/gcc/arm-none-eabi/10.3.1/../../../../arm-none-eabi/lib/thumb/v7e-m+fp/hard\libc_nano.a(lib_a-errno.o)
 .ARM.attributes
                0x0000000000000553       0x34 c:/study/ajax systems/stm32cubeide_1.10.1/stm32cubeide/plugins/com.st.stm32cube.ide.mcu.externaltools.gnu-tools-for-stm32.10.3-2021.10.win32_1.0.0.202111181127/tools/bin/../lib/gcc/arm-none-eabi/10.3.1/../../../../arm-none-eabi/lib/thumb/v7e-m+fp/hard\libc_nano.a(lib_a-findfp.o)
 .ARM.attributes
                0x0000000000000587       0x34 c:/study/ajax systems/stm32cubeide_1.10.1/stm32cubeide/plugins/com.st.stm32cube.ide.mcu.externaltools.gnu-tools-for-stm32.10.3-2021.10.win32_1.0.0.202111181127/tools/bin/../lib/gcc/arm-none-eabi/10.3.1/../../../../arm-none-eabi/lib/thumb/v7e-m+fp/hard\libc_nano.a(lib_a-fwalk.o)
 .ARM.attributes
                0x00000000000005bb       0x34 c:/study/ajax systems/stm32cubeide_1.10.1/stm32cubeide/plugins/com.st.stm32cube.ide.mcu.externaltools.gnu-tools-for-stm32.10.3-2021.10.win32_1.0.0.202111181127/tools/bin/../lib/gcc/arm-none-eabi/10.3.1/../../../../arm-none-eabi/lib/thumb/v7e-m+fp/hard\libc_nano.a(lib_a-impure.o)
 .ARM.attributes
                0x00000000000005ef       0x34 c:/study/ajax systems/stm32cubeide_1.10.1/stm32cubeide/plugins/com.st.stm32cube.ide.mcu.externaltools.gnu-tools-for-stm32.10.3-2021.10.win32_1.0.0.202111181127/tools/bin/../lib/gcc/arm-none-eabi/10.3.1/../../../../arm-none-eabi/lib/thumb/v7e-m+fp/hard\libc_nano.a(lib_a-init.o)
 .ARM.attributes
                0x0000000000000623       0x34 c:/study/ajax systems/stm32cubeide_1.10.1/stm32cubeide/plugins/com.st.stm32cube.ide.mcu.externaltools.gnu-tools-for-stm32.10.3-2021.10.win32_1.0.0.202111181127/tools/bin/../lib/gcc/arm-none-eabi/10.3.1/../../../../arm-none-eabi/lib/thumb/v7e-m+fp/hard\libc_nano.a(lib_a-lock.o)
 .ARM.attributes
                0x0000000000000657       0x34 c:/study/ajax systems/stm32cubeide_1.10.1/stm32cubeide/plugins/com.st.stm32cube.ide.mcu.externaltools.gnu-tools-for-stm32.10.3-2021.10.win32_1.0.0.202111181127/tools/bin/../lib/gcc/arm-none-eabi/10.3.1/../../../../arm-none-eabi/lib/thumb/v7e-m+fp/hard\libc_nano.a(lib_a-memcpy-stub.o)
 .ARM.attributes
                0x000000000000068b       0x34 c:/study/ajax systems/stm32cubeide_1.10.1/stm32cubeide/plugins/com.st.stm32cube.ide.mcu.externaltools.gnu-tools-for-stm32.10.3-2021.10.win32_1.0.0.202111181127/tools/bin/../lib/gcc/arm-none-eabi/10.3.1/../../../../arm-none-eabi/lib/thumb/v7e-m+fp/hard\libc_nano.a(lib_a-memset.o)
 .ARM.attributes
                0x00000000000006bf       0x34 c:/study/ajax systems/stm32cubeide_1.10.1/stm32cubeide/plugins/com.st.stm32cube.ide.mcu.externaltools.gnu-tools-for-stm32.10.3-2021.10.win32_1.0.0.202111181127/tools/bin/../lib/gcc/arm-none-eabi/10.3.1/../../../../arm-none-eabi/lib/thumb/v7e-m+fp/hard\libc_nano.a(lib_a-nano-mallocr.o)
 .ARM.attributes
                0x00000000000006f3       0x34 c:/study/ajax systems/stm32cubeide_1.10.1/stm32cubeide/plugins/com.st.stm32cube.ide.mcu.externaltools.gnu-tools-for-stm32.10.3-2021.10.win32_1.0.0.202111181127/tools/bin/../lib/gcc/arm-none-eabi/10.3.1/../../../../arm-none-eabi/lib/thumb/v7e-m+fp/hard\libc_nano.a(lib_a-printf.o)
 .ARM.attributes
                0x0000000000000727       0x34 c:/study/ajax systems/stm32cubeide_1.10.1/stm32cubeide/plugins/com.st.stm32cube.ide.mcu.externaltools.gnu-tools-for-stm32.10.3-2021.10.win32_1.0.0.202111181127/tools/bin/../lib/gcc/arm-none-eabi/10.3.1/../../../../arm-none-eabi/lib/thumb/v7e-m+fp/hard\libc_nano.a(lib_a-reent.o)
 .ARM.attributes
                0x000000000000075b       0x34 c:/study/ajax systems/stm32cubeide_1.10.1/stm32cubeide/plugins/com.st.stm32cube.ide.mcu.externaltools.gnu-tools-for-stm32.10.3-2021.10.win32_1.0.0.202111181127/tools/bin/../lib/gcc/arm-none-eabi/10.3.1/../../../../arm-none-eabi/lib/thumb/v7e-m+fp/hard\libc_nano.a(lib_a-sbrkr.o)
 .ARM.attributes