../Core/Src/main.c:120:5:__io_getchar	16	static
../Core/Src/main.c:136:5:__io_putchar	16	static
../Core/Src/main.c:147:5:main	16	static
../Core/Src/main.c:289:6:SystemClock_Config	88	static
../Core/Src/main.c:335:13:MX_I2C1_Init	8	static
../Core/Src/main.c:369:13:MX_SPI1_Init	8	static
../Core/Src/main.c:407:13:MX_TIM9_Init	24	static
../Core/Src/main.c:445:13:MX_USART1_UART_Init	8	static
../Core/Src/main.c:478:13:MX_USART6_UART_Init	8	static
../Core/Src/main.c:509:13:MX_DMA_Init	16	static
../Core/Src/main.c:527:13:MX_GPIO_Init	48	static
../Core/Src/main.c:570:6:HAL_GPIO_EXTI_Callback	16	static
../Core/Src/main.c:583:6:StartTaskWIFI	16	static
../Core/Src/main.c:606:6:Error_Handler	4	static,ignoring_inline_asm
