../Core/Src/main.c:108:5:main	8	static
../Core/Src/main.c:202:6:SystemClock_Config	88	static
../Core/Src/main.c:248:13:MX_I2C1_Init	8	static
../Core/Src/main.c:282:13:MX_TIM9_Init	24	static
../Core/Src/main.c:320:13:MX_USART1_UART_Init	8	static
../Core/Src/main.c:353:13:MX_GPIO_Init	48	static
../Core/Src/main.c:387:6:HAL_GPIO_EXTI_Callback	16	static
../Core/Src/main.c:401:6:StartTaskLEDBlink	24	static
../Core/Src/main.c:425:6:StartTaskButtonRead	24	static
../Core/Src/main.c:445:6:Error_Handler	4	static,ignoring_inline_asm
